[nat]
[(type:eq &self (undeclaredF zero) (undeclaredF zero))]
[(succ (succ zero))]
[(type:eq &self (dbl (succ zero)) (succ (succ zero)))]
[Established]
[(Undetermined (conversion-outside-builtin-constants))]
[twice]
[True]
[False]
[True]
[False]
[True]
[False]
[False]
[False]
[True]
[False]
[(type:eq 7 7.0)]
[(type:eq (+ 1 1) 2)]
[True]
[False]
[(type:eq circle circle)]
[(type:eq circle square)]
[(type:eq (App (DeclConst red) (DeclConst blue)) (App (DeclConst red) (DeclConst blue)))]
