[()]
[()]
[()]
[(-> u0 (-> u0 u0))]
[True]
[False]
[True]
[True]
[()]
[(-> u0 (-> u0 u0))]
[()]
[()]
[()]
[()]
[True]
[(id u0 p p)]
[True]
[False]
[True]
[(id u0 p p)]
[True]
[True]
[True]
[()]
[()]
[()]
[Ty]
[()]
[()]
[(id u0 missing missing)]
[()]
[()]
[()]
[(id u0 cycle-right cycle-right)]
[()]
[()]
[()]
[u0, (-> u0 u0)]
[True]
[()]
[()]
[(-> $t#40 $t#40)]
[(type:of &decl-exact missing)]
[True]
[True]
[()]
[()]
[(-> u0 u0)]
[(-> u1 u1)]
[u1]
[True]
[True]
[()]
[(-> u0 (-> u1 u0))]
[False]
[()]
[()]
[()]
[()]
[()]
[()]
[()]
[()]
[()]
[()]
[()]
[()]
[()]
[(app (app (app (app hyp sort-code) primitive-vocabulary) person-sort) person-sort)]
[(app (app (app (app hyp sort-code) primitive-vocabulary) person-sort) person-sort)]
[False]
[False]
[()]
[(-> u1 u1)]
