[(type:of (sigma (x : u0) u0))]
[False]
[(type:check (lam x (refl x)) (-> (x : u0) (id u0 x x)))]
[(type:check (lam x (pair x (refl x))) (-> (x : u0) (sigma (y : u0) (id u0 x y))))]
[(type:check (lam p (fst p)) (-> (p : (sigma (x : u0) u0)) u0))]
[(type:check (lam p (snd p)) (-> (p : (sigma (x : u0) u0)) u0))]
[(type:check (lam x (pair x x)) (-> (x : u0) (-> u0 u0)))]
[(type:check (lam p (fst p)) (-> (p : u0) u0))]
[(type:of (refl u0))]
[(type:of (sigma (x : u0) outside))]
