[True]
[True]
[True]
[True]
[True]
[True]
[True]
[True]
[True]
[True]
[True]
[True]
[True]
[True]
[True]
[True]
[True]
[True]
[True]
[False]
[False]
[False]
[False]
[False]
[(type:check (lam _ (idx 1)) (-> u0 u0))]
[False]
[False]
[False]
[True]
[(type:check (lam x (unknown x)) (-> u0 u0))]
[(type:check (lam (quote (mm-var "ph")) (quote (mm-var "ph"))) (-> u0 u0))]
[(type:check (lam x (quote x)) (-> u0 u0))]
