[True]
[True]
[True]
[(-> Nat Nat)]
[(-> Nat Nat)]
[True]
[True]
[True]
[True]
[False]
[False]
[False]
[False]
[(type:check (lam (x : Bool) x) (-> Nat Nat))]
[(s z)]
[(s z)]
[(s (s z))]
[(s (s z))]
[(s z)]
[(pair tt z)]
[(lam (x : Nat) x)]
[(pair z x)]
[(lam (y : (T q)) y)]
[False]
[False]
[(quote ((lam (x : Nat) (s x)) z))]
