(rho:cost:par (rho:cost:purse ledger1 rho:cost:stack-empty) (rho:cost:purse ledger2 rho:cost:stack-empty) (rho:cost:purse ledger3 rho:cost:stack-empty) (rho:cost:purse ledger4 rho:cost:stack-empty) (rho:cost:purse ledger5 rho:cost:stack-empty) (rho:cost:purse ledger6 rho:cost:stack-empty) (rho:cost:purse ledger7 rho:cost:stack-empty) (rho:cost:purse ledger8 rho:cost:stack-empty) (rho:cost:signed rho:nil settled1) (rho:cost:signed rho:nil settled2) (rho:cost:signed rho:nil settled3) (rho:cost:signed rho:nil settled4) (rho:cost:signed rho:nil settled5) (rho:cost:signed rho:nil settled6) (rho:cost:signed rho:nil settled7) (rho:cost:signed rho:nil settled8))
