[(LoopAndCycle aczel True)]
[(LoopAndCycle presentation False)]
[(LoopAndScottPair aczel True)]
[(LoopAndScottPair scott-canonical False)]
[((FiniteGraphValue scott-canonical (graph 1 (() () (1)))))]
[2]
[((FiniteGraphValue aczel (graph 1 ((1 1) ()))))]
[True]
[True]
[False]
[True]
[Undetermined]
[(OriginReceipt (observed-graph (graph 0 ((0))) (returned 0) 7 (4 4)) 0 4)]
[(OriginReceipt (observed-graph (graph 0 ((0))) (returned 0) 7 (4 4)) 1 4)]
[False]
[Incomplete]
