[payload]
[payload]
[(quote x)]
[payload]
[(quote (var moo))]
[(quote (f x))]
[(pair payload (quote (var b)))]
[(quote x)]
[(pair payload (quote x))]
[payload]
[True]
[True]
[(type:check (lam (quote (var moo)) (quote (var moo))) (-> u0 u0))]
[(type:check (lam x (quote x)) (-> u0 u0))]
[inner]
[(pair (quote (var b)) inner)]
[(pair (quote x) (quote x))]
[(var b)]
