[A, B]
[(Pair A A), (Pair B B)]
[kept-empty]
[kept-fault]
[kept-divergence]
[(Pair A A), (Pair B B)]
[kept-empty]
[kept-fault]
[kept-divergence]
[alpha, other]
[same, any]
[boxed-a, (prime-need:box (Box B) (empty))]
[(quote (+ 1 2))]
[A, B]
[A, B]
[()]
[(Pair 0 0)]
[1]
[()]
[(Pair 0 0)]
[1]
[partial-a, (prime-need:partial B)]
[overlap-wildcard, overlap-a]
[()]
[decision-a, decision-b]
[1]
[()]
[selected]
[False]
[(Error (prime-need:typed-ignore "bad") (BadArgType 1 Number String))]
