[(PrimeChecking UnannotatedProgramsUnchecked Check DTT HOTG)]
[(DTTReceipt DTT "prime.dtt.calibration" "1" True)]
[(HOTGReceipt HOTG "prime.hotg.calibration" "1" True)]
[(DTTAccepts Established)]
[(HOTGAccepts Established)]
[(DTTRejectsHOTGProof Refuted)]
[(HOTGRejectsDTTProof Refuted)]
[(UnknownAuthority Undetermined)]
[(UnknownAuthorityReceipt UnknownAuthority False)]
[(MalformedArticle Undetermined)]
[(AggregateBoundTooSmall Incomplete)]
[(AggregateBoundExact Established)]
[(ExistingDependentCheck Established)]
[3]
