[(PrimeChecking UnannotatedProgramsUnchecked Check DTT HOTG MEGALODON-IMP MEGALODON-TERM)]
[(DTTReceipt DTT "prime.dtt.calibration" "1" True)]
[(HOTGReceipt HOTG "prime.hotg.calibration" "1" True)]
[(MegalodonImpReceipt MEGALODON-IMP "megalodon.mathdata.implicational" "1" True)]
[(DTTAccepts Established)]
[(HOTGAccepts Established)]
[(MegalodonImpAccepts Established)]
[(DTTRejectsHOTGProof Refuted)]
[(HOTGRejectsDTTProof Refuted)]
[(UnknownAuthority Undetermined)]
[(UnknownAuthorityReceipt UnknownAuthority False)]
[(MalformedArticle Undetermined)]
[(SemanticBoundTooSmall Incomplete)]
[(SemanticBoundExact Established)]
[(ExistingDependentCheck Established)]
[3]
