[(PrimeChecking UnannotatedProgramsUnchecked type:check DTT HOTG MEGALODON-IMP MEGALODON-TERM)]
[True]
[True]
[True]
[False]
[False]
[(nik:check UnknownAuthority (PApp "T" (LCons (PApp "C" LNil) (LCons (PApp "Z" LNil) (LCons (PApp "N" LNil) LNil)))) (GProof (GRuleInst "z" LNil) PrNil))]
[(nik:check DTT (PApp "T" (LCons (PApp "C" LNil) (LCons (PApp "Z" LNil) (LCons (PApp "N" LNil) LNil)))) (GProof (GRuleInst "z" LNil) BrokenChildren))]
[(nik:check MEGALODON-IMP (PApp "MProves" (LCons (PApp "MCtxNil" LNil) (LCons (PApp "MImp" (LCons (PApp "MAtom" (LCons (PApp "MZero" LNil) LNil)) (LCons (PApp "MAtom" (LCons (PApp "MZero" LNil) LNil)) LNil))) LNil))) (GProof (GRuleInst "megalodon-imp-intro" (LCons (PApp "MCtxNil" LNil) (LCons (PApp "MAtom" (LCons (PApp "MZero" LNil) LNil)) (LCons (PApp "MAtom" (LCons (PApp "MZero" LNil) LNil)) LNil)))) (PrCons (GProof (GRuleInst "megalodon-hyp-zero" (LCons (PApp "MCtxNil" LNil) (LCons (PApp "MAtom" (LCons (PApp "MZero" LNil) LNil)) LNil))) PrNil) PrNil)) 1)]
[True]
[True]
[3]
