[(compiled-artifact-info bfc-r0 proof-occurrence-bag (compile-delta 4 4 0) 4)]
[(compile-result proof-occurrence-bag (occurrences (occurrence (rm-proof-atom ax1))) (run-metrics 1 4 2 1 0) bfc-r0)]
[(rule-program-info bfc-r0 proof-occurrence-bag (compile-delta 4 4 0) 4 30)]
[(rule-program-result proof-occurrence-bag (occurrences (occurrence ((((mpi (((mpi (mpi ((mpi ((mpi (mpi I)) ax2)) ax1))) ax2) ax2)) ax1) ax1) ax1)) (occurrence (((mpi ((((mpi ((mpi (mpi ((mpi (mpi I)) ax2))) ax2)) ax1) ax2) ax1)) ax1) ax1))) (rule-program-metrics 2 16704 36488 16703 13 14) bfc-r0)]
[(rule-program-result proof-occurrence-bag (occurrences (occurrence ((((mpi (((mpi (mpi ((mpi ((mpi (mpi I)) ax2)) ax1))) ax2) ax2)) ax1) ax1) ax1)) (occurrence (((mpi ((((mpi ((mpi (mpi ((mpi (mpi I)) ax2))) ax2)) ax1) ax2) ax1)) ax1) ax1))) (rule-program-metrics 2 16704 36488 16703 13 14) bfc-r0)]
[(rule-program-info bfc-r1 proof-occurrence-bag (compile-delta 1 1 4) 5 37)]
[(rule-program-result proof-occurrence-bag (occurrences) (rule-program-metrics 0 2 4 1 1 2) bfc-r0)]
[(rule-program-result proof-occurrence-bag (occurrences (occurrence (I special-proof))) (rule-program-metrics 1 3 5 2 1 2) bfc-r1)]
[(rule-program-result proof-occurrence-bag (occurrences) (rule-program-metrics 0 2 4 1 1 2) bfc-r0)]
[(compiled-artifact-info synth-r0 proof-occurrence-bag (compile-delta 5 5 0) 5)]
[(compiled-artifact-info synth-r1 proof-occurrence-bag (compile-delta 1 1 5) 6)]
[(compile-result proof-occurrence-bag (occurrences) (run-metrics 1 5 0 0 2) synth-r0)]
[(compile-declined rule-program-fragment unsupported-rule-shape synth-r0)]
[(compile-result proof-occurrence-bag (occurrences (occurrence (rm-proof-app blackbird (rm-cons (rm-proof-atom h) (rm-cons (rm-proof-atom i) rm-nil))))) (run-metrics 10 60 16 1 2) synth-r1)]
[(compile-result proof-occurrence-bag (occurrences) (run-metrics 1 5 0 0 2) synth-r0)]
[(compiled-artifact-info sumo-r0 proof-occurrence-bag (compile-delta 27 27 0) 27)]
[(compile-result proof-occurrence-bag (occurrences) (run-metrics 16 432 24 0 3) sumo-r0)]
[(compile-result proof-occurrence-bag (occurrences (occurrence (rm-proof-app ModusPonens (rm-cons (rm-proof-atom (WitnessOf (⟹ (∧ (instance JohnsCarry Transfer) (objectTransferred JohnsCarry JohnsVase) (orientation JohnsFlower JohnsVase Inside)) (objectTransferred JohnsCarry JohnsFlower)))) (rm-cons (rm-proof-app TrinaryConjunctionIntroduction (rm-cons (rm-proof-app ModusPonens (rm-cons (rm-proof-atom (WitnessOf (⟹ (∧ (subclass Carrying Transfer) (instance JohnsCarry Carrying)) (instance JohnsCarry Transfer)))) (rm-cons (rm-proof-app BinaryConjunctionIntroduction (rm-cons (rm-proof-atom (WitnessOf (subclass Carrying Transfer))) (rm-cons (rm-proof-atom (WitnessOf (instance JohnsCarry Carrying))) rm-nil))) rm-nil))) (rm-cons (rm-proof-atom (WitnessOf (objectTransferred JohnsCarry JohnsVase))) (rm-cons (rm-proof-atom (WitnessOf (orientation JohnsFlower JohnsVase Inside))) rm-nil)))) rm-nil))))) (run-metrics 51 1377 74 1 4) sumo-r0)]
