[(Error (compile:link-package (compiled-artifact RuleMachineCoreV1 r0 proof-occurrence-bag (compile-delta 1 1 0) (bc-artifact-link (bc-artifact-empty RuleMachineCoreV1) (bc-block a source:a (bc-match a) (bc-goals rm-nil) (bc-build (rm-proof-atom a)) bc-emit))) r1 (rm-package (rm-block b source:b (rm-proof-atom b) rm-nil b) (rm-block b source:b-again (rm-proof-atom b-again) rm-nil b))) DuplicateRuleMachineBlockId)]
