[((set:profile hol) (set:profile megalodon-hotg) (set:profile prime-common) (set:profile foundation-common) (set:profile classical-common) (set:profile classical-foundation-common))]
[(CommonManifest prime-common native-scoped-hol-v1 () () 0 0)]
[all]
[all]
[all]
[all]
[all]
[Undetermined]
[Undetermined]
[Undetermined]
[Undetermined]
[Undetermined]
[self-member-implication]
[Established]
[retained-pairing]
[(MaterialDependencies theorem (corePairing))]
[Refuted]
[()]
[local-premise]
[plain-id]
[(ContextManifest prime-common ((set:rule eq-subst)) () 1 1)]
[()]
[(OtherManifest prime-common () () 0 0)]
[()]
[all]
[Undetermined]
[Undetermined]
[()]
[Established]
