[Established]
[(Incomplete (set:schema-representation-depth (boundedSeparation 1000000000 (set:eq 0 0))))]
[(Incomplete (set:schema-representation-depth (boundedSeparation 18446744073709551616 (set:eq 0 0))))]
[(Undetermined (set:unknown-name (boundedSeparation -1 (set:eq 0 0))))]
[(Undetermined (set:unknown-name (boundedSeparation 0 (set:eq 0 1))))]
[(Undetermined (set:unknown-name (boundedSeparation 0 (set:all (set:eq 0 0)))))]
[(Undetermined (set:unknown-name (boundedSeparation 0 (set:all-in 1 (set:eq 0 0)))))]
[Established]
[Established]
[Established]
[Established]
[Incomplete]
[budgeted-schema]
[(Incomplete (set:schema-budget (boundedSeparation 20 (set:eq 0 0))))]
[(Incomplete (set:schema-budget (boundedSeparation 20 (set:eq 0 0))))]
[Established]
[(Incomplete (set:schema-representation-depth (boundedSeparation 1000000000 (set:eq 0 0))))]
[Established]
