[()]
[()]
[()]
[()]
[()]
[()]
[()]
[()]
[()]
[()]
[()]
[()]
[()]
[()]
[()]
[()]
[()]
[()]
[()]
[()]
[()]
[(ClosedWorldNegatives 43)]
[(Candidates ("@(fix (lam self (lam x (lam z (∨ (parent x z) (exists Person (lam y (∧ (parent x y) (self y z)))))))))" "@(fix (lam self (lam x (lam z (∨ (parent x z) (exists Person (lam y (∧ (self x y) (self y z)))))))))" "@(fix (lam self (lam x (lam z (∨ (self x z) (exists Person (lam y (∧ (parent x y) (self y z)))))))))" "@(fix (lam self (lam x (lam z (∨ (self x z) (exists Person (lam y (∧ (self x y) (self y z)))))))))"))]
[(Learned "@(fix (lam self (lam x (lam z (∨ (parent x z) (exists Person (lam y (∧ (parent x y) (self y z)))))))))" (ProofSize 240))]
[(Proof (ann gus) (cotr (∃I bob (cet ann-bob (unfold (cotr (∃I eve (cet bob-eve (unfold (cotl eve-gus))))))))) (ProofSize 12))]
[(AncestorPairs ((ann bob) (ann cat) (ann dan) (ann eve) (ann fay) (ann gus) (bob dan) (bob eve) (bob gus) (cat fay) (eve gus)))]
