[()]
[()]
[()]
[()]
[()]
[(Rung 1 (LearnedShown "@(lam x (∧ (F x) (G x)))" 8 9 (, (cet f0t g0t) (, (cefl f1f) (cefr g2f)))) (CandidatesAtSize8 9))]
[(Rung 2 (LearnedShown "@(lam x (∧ (F x) (G x)))" 8 9 (, (cet f0t g0t) (, (cefl f1f) (cefr g2f)))) (CandidatesAtSize8 16))]
[(Rung 8 (LearnedShown "@(lam x (∧ (F x) (G x)))" 8 9 (, (cet f0t g0t) (, (cefl f1f) (cefr g2f)))) (CandidatesAtSize8 100))]
[(Rung 32 (LearnedShown "@(lam x (∧ (F x) (G x)))" 8 9 (, (cet f0t g0t) (, (cefl f1f) (cefr g2f)))) (CandidatesAtSize8 1156))]
