[()]
[()]
[()]
[()]
[()]
[()]
[()]
[()]
[()]
[()]
[()]
[()]
[()]
[()]
[()]
[(Test 1 (MkSized 1 (: (quote F) (-> UInt Bool))))]
[(Test 2 (MkSized 1 (: (quote G) (-> UInt Bool))))]
[(Test 3 "@(lam x (∧ (F x) (G x)))" (-> UInt Bool) 8)]
[(Test 4 (MkSized 1 (: (quote 0) UInt)))]
[(Test 5 (Application "@(lam x (∧ (F x) (G x)))" 0) Bool 10)]
[(Test 6 (cet f0t g0t) (≞ (quote (∧ (F 0) (G 0))) ⊤) 3 (SameProof True))]
[(Test 7 (cefl f1f) (≞ (quote (∧ (F 1) (G 1))) ⊥) 2 (SameProof True))]
[(Test 8 (, f0t (, f1f f2t)) 5 (SameProof True))]
[(Test 9 (, (cet f0t g0t) (cefl f1f)) 6 (SameProof True))]
[(Test 10 (, (cet f0t g0t) (, (cefl f1f) (cefr g2f))) 9 (SameProof True))]
[(Test 11 "@(lam x (∧ (F x) (G x)))" (TypingSize 8) (ProofSize 9) (, (cet f0t g0t) (, (cefl f1f) (cefr g2f))) (SameProof True))]
[(Candidates ((1 0) (2 0) (3 0) (4 2) (5 0) (6 0) (7 0) (8 4)))]
