[()]
[()]
[()]
[()]
[()]
[()]
[()]
[()]
[()]
[()]
[()]
[()]
[✅]
[✅]
[✅]
[✅]
[✅]
[✅]
[✅]
[✅]
[✅]
[✅]
[✅]
[()]
[✅]
[✅]
[✅]
[(WithoutNormalForms ((lam x (∧ (F x) (G x))) (lam x (∧ (G x) (F x)))))]
[(WithNormalForms ((lam x (∧ (F x) (G x)))))]
[(Learned (lam x (∧ (F x) (G x))))]
[(Run ((At 0 True) (At 1 False) (At 2 False) (At 3 False) (At 4 False)))]
