[42]
[(1 1 2)]
[(PrimeVerdict Established (Must (PrimeEvaluate (prime-grad:choose)) Number) (MustEvidence 3 0 Complete (BranchEvidence 0 1 exact) (BranchEvidence 1 1 exact) (BranchEvidence 2 2 exact)))]
[(PrimeVerdict Established (May (PrimeAnswers Complete (PrimeFailure branch-fault) (PrimeValue 7)) Number) (MayWitness 1 7 Number exact))]
[(PrimeVerdict Incomplete (Must (PrimeAnswers Complete (PrimeFailure branch-fault) (PrimeValue 7)) Number) (must-awaits-complete-bag uncertified-producer-complete 1))]
[()]
[()]
[()]
[(alpha beta)]
[()]
[(alpha)]
