[()]
[()]
[id-proof]
[(Compiled id-proof (Lam (DeclConst prop) (Lam (App (DeclConst __cetta_holds_03274bbc3a2ab7d47f7f43ef) (idx 0)) (idx 0))) 0)]
[(Established (SetProofChecked (App (App imp A) (App (App imp B) A)) (SetConversion 1 0)))]
[(Refuted (set:proposition-mismatch B A))]
[k-proof-1]
[(Compiled k-proof-1 (Lam (App (DeclConst __cetta_holds_03274bbc3a2ab7d47f7f43ef) (DeclConst A)) (Lam (App (DeclConst __cetta_holds_03274bbc3a2ab7d47f7f43ef) (DeclConst B)) (idx 1))))]
[(Use True True True)]
[(Normal True)]
[Refuted]
[Refuted]
[Undetermined]
[premise]
[from-premise]
[(Assumptions 1)]
[by-name]
[(Compiled (pf:all-elim (pf:known universeIn) Empty))]
