[()]
[()]
[True]
[True]
[True]
[True]
[True]
["@(agent ada)"]
["!(+ 1 2)"]
[True]
[False]
[True]
[False]
[(pair False True)]
[True]
[False]
[(Refuted (Error (parse "(A B") ParseFailed))]
[(Refuted (Error (parse "(syn:var (compound x))") ParseFailed))]
[(pair (quote (+ 20 22)) 42)]
["(pair $a $a)"]
[((Defines double 1) (Defines square 1) (Defines compose 3) (Defines source-path 0) (Defines form-signature 1) (Defines signature 1))]
[(loaded loaded loaded loaded loaded loaded)]
[(Ran (quote (double (square 3))) 18)]
[(Bare (= (* 2 $x) (* 2 $x)))]
[(Quoted (quote (= (double $x) (* 2 $x))))]
