[()]
[()]
[()]
[leaf]
[middle]
[root]
[saved]
[(Relied-on ((root (define prop (= root middle))) (middle (define prop (= middle leaf))) (leaf (define prop (= leaf (imp A A))))))]
[(Established (SetProofChecked root (SetConversion 1 0)))]
[(Withdrawn leaf)]
[leaf]
[(Undetermined (set:dependency-changed leaf))]
[(Undetermined (set:dependency-changed leaf))]
[(Undetermined (set:dependency-changed leaf))]
[(Undetermined (set:dependency-changed leaf))]
[(Withdrawn leaf)]
[leaf]
[(Established (SetProofChecked root (SetConversion 1 0)))]
[unrelated]
[(Established (SetProofChecked root (SetConversion 1 0)))]
[(Withdrawn leaf)]
[leaf]
[(Undetermined (set:dependency-changed leaf))]
[(Withdrawn middle)]
[middle]
[(Withdrawn root)]
[root]
[(Undetermined (set:dependency-changed leaf))]
[(Withdrawn saved)]
[saved]
[(Established (SetProofChecked root (SetConversion 1 0)))]
[(Relied-on ((root (define prop (= root middle))) (middle (define prop (= middle leaf))) (leaf (define prop (= leaf (imp B B))))))]
