[()]
[()]
[()]
[leaf]
[middle]
[root]
[saved]
[(Relied-on (((: A prop) (: A prop)) ((: leaf prop) (: leaf prop)) (leaf (define prop (= leaf (imp A A)))) ((: middle prop) (: middle prop)) (middle (define prop (= middle leaf))) ((: root prop) (: root prop)) (root (define prop (= root middle))) ((PrimeRule root 0 () (DeclConst middle)) (PrimeRule root 0 () (DeclConst middle))) ((PrimeRule middle 0 () (DeclConst leaf)) (PrimeRule middle 0 () (DeclConst leaf))) ((PrimeRule leaf 0 () (App (App (DeclConst imp) (DeclConst A)) (DeclConst A))) (PrimeRule leaf 0 () (App (App (DeclConst imp) (DeclConst A)) (DeclConst A))))))]
[(Established (SetProofChecked root (SetConversion 1 0)))]
[(Withdrawn leaf)]
[leaf]
[(Undetermined (set:dependency-changed leaf))]
[(Undetermined (set:dependency-changed leaf))]
[(Undetermined (set:dependency-changed leaf))]
[(Undetermined (set:dependency-changed leaf))]
[(Withdrawn leaf)]
[leaf]
[(Established (SetProofChecked root (SetConversion 1 0)))]
[unrelated]
[(Established (SetProofChecked root (SetConversion 1 0)))]
[(Withdrawn leaf)]
[leaf]
[(Undetermined (set:dependency-changed leaf))]
[(Withdrawn middle)]
[middle]
[(Withdrawn root)]
[root]
[(Undetermined (set:dependency-changed leaf))]
[(Withdrawn saved)]
[saved]
[(Established (SetProofChecked root (SetConversion 1 0)))]
[(Relied-on (((: B prop) (: B prop)) ((: leaf prop) (: leaf prop)) (leaf (define prop (= leaf (imp B B)))) ((: middle prop) (: middle prop)) (middle (define prop (= middle leaf))) ((: root prop) (: root prop)) (root (define prop (= root middle))) ((PrimeRule middle 0 () (DeclConst leaf)) (PrimeRule middle 0 () (DeclConst leaf))) ((PrimeRule leaf 0 () (App (App (DeclConst imp) (DeclConst B)) (DeclConst B))) (PrimeRule leaf 0 () (App (App (DeclConst imp) (DeclConst B)) (DeclConst B)))) ((PrimeRule root 0 () (DeclConst middle)) (PrimeRule root 0 () (DeclConst middle)))))]
