[(quote (foo a))]
[(quote (foo (println! "must-not-run")))]
[(quote ((lam x x) a))]
[a]
[(lift app (quote foo) a)]
[(quote (foo a))]
[(quote (foo a))]
[(quote (foo (+ 1 2)))]
[(quote (foo a (quote x)))]
[(quote (foo x))]
[(lift let x a (quote (foo x)))]
[(quote (f (g b) b))]
[(quote (f (g b) b))]
[(quote (pair a a))]
[(quote (pair y a))]
[(pair (quote (* (+ 1 2) 10)) 30)]
[(quote (lam w (pair w z)))]
[(quote (lam y (foo y y)))]
[(quote (lam a (foo a)))]
[(lam $binder (pair y $binder))]
[(f (quote (foo $x)) [$x := (quote a)])]
[(Error (parse "@(foo $x)[$x := @a]") ParseFailed)]
