runs once
runs per occurrence
runs per occurrence
[(quote (+ 1 2))]
[3]
[(pair (quote (+ 1 2)) 3)]
[(pair (quote (+ 1 2)) 3)]
[(computed 3)]
[(computed $free)]
[(unquote 3)]
[(quote (+ 1 2))]
[left, right]
[2, 4]
[done]
[skipped]
[(pair () ())]
[(pair () ())]
[(quote (pair (unquote (quote (println! "must-not-run: inside code"))) 0))]
[(unquote (quote (+ 1 2)))]
[3]
[True]
[(type:check (quote (lam x x)) (-> u0 u0))]
[(quote (f x))]
[(pair payload (quote x))]
