[((lam x x) payload)]
[(f nil)]
[((lam y (f (g y))) nil)]
[(wrap (lam x x) payload)]
[2]
[False]
[(Lambda (f z))]
[(Pair-of (f nil))]
[(shape (Triple A B C))]
[(pair nil nil)]
[(pair nil nil)]
[(pair nil nil)]
[(First (f nil))]
[(and (f 0) (g 0))]
[(pair (and (f 0) (g 0)) (pair (and (f 1) (g 1)) (lam $y (and (f $y) (g $y)))))]
[()]
[(pair (f nil) 2)]
[4]
[nil]
[(marker gap-1-begin)]
[a]
[a]
[a]
[a]
[(marker gap-1-end)]
[(marker gap-3-begin)]
[(found)]
[(found)]
[(marker gap-3-end)]
[3]
[3]
