[()]
[kind]
[animal]
[falsum]
[verum]
[kind-of]
[(Rule (songbird verum) (penguin verum))]
[can-fly]
[verum-holds]
[((Concluded tweety-flies) (Concluded pingu-flies) (Concluded robin-flies))]
[(Retracted flies-kind)]
[(Rule (songbird verum) (penguin falsum))]
[(Status tweety-flies (Undetermined (set:dependency-changed flies-kind)))]
[(Status pingu-flies (Undetermined (set:dependency-changed flies-kind)))]
[(Status robin-flies (Undetermined (set:dependency-changed flies-kind)))]
[(Status verum-holds holds)]
[(Undetermined (set:dependency-changed flies-kind))]
[(Retracted can-fly)]
[can-fly]
[(Established (SetDefinitionCurrent))]
[(Rederived (Withdrawn (tweety-flies pingu-flies robin-flies)) ((Concluded tweety-flies) (Concluded pingu-grounded) (Concluded robin-flies)))]
[(Status tweety-flies holds)]
[(Status robin-flies holds)]
[(Status pingu-grounded holds)]
[(Status pingu-flies (Undetermined (set:unknown-name pingu-flies)))]
