[(Proved (imp A A) (pf:imp-intro (pf:hyp 0)) True)]
[(Proved (imp A (imp B A)) (pf:imp-intro (pf:imp-intro (pf:hyp 1))) True)]
[(Proved (imp (imp A B) (imp (imp B C) (imp A C))) (pf:imp-intro (pf:imp-intro (pf:imp-intro (pf:imp-elim (pf:hyp 1) (pf:imp-elim (pf:hyp 2) (pf:hyp 0)))))) True)]
[(Proved (imp (imp A (imp B C)) (imp (imp A B) (imp A C))) (pf:imp-intro (pf:imp-intro (pf:imp-intro (pf:imp-elim (pf:imp-elim (pf:hyp 2) (pf:hyp 0)) (pf:imp-elim (pf:hyp 1) (pf:hyp 0)))))) True)]
[(Proved (all prop (lam p (imp p p))) (pf:all-intro (pf:imp-intro (pf:hyp 0))) True)]
[(NoProof (imp A B))]
[(NoProof (imp (imp (imp A B) A) A))]
[composition]
[a-to-b]
[b-to-c]
[True]
[(Compiled composition (Lam (App (DeclConst __cetta_holds_df87b3cd8ab4b6383b1d0591) (App (App (DeclConst imp) (DeclConst A)) (DeclConst B))) (Lam (App (DeclConst __cetta_holds_df87b3cd8ab4b6383b1d0591) (App (App (DeclConst imp) (DeclConst B)) (DeclConst C))) (Lam (App (DeclConst __cetta_holds_df87b3cd8ab4b6383b1d0591) (DeclConst A)) (App (idx 1) (App (idx 2) (idx 0)))))))]
[(Candidate (pf:imp-intro (pf:imp-intro (pf:hyp 0))))]
[(Refuted (set:proposition-mismatch B A))]
[(Refuted (set:proposition-mismatch B A))]
[(Undetermined (set:unknown-name sloppy-k))]
