[()]
[Nat]
[Bool]
[Evidence]
[flagCount]
[addEvidence]
[()]
[()]
[()]
[()]
[()]
[()]
[()]
[()]
[()]
[()]
[()]
[()]
[()]
[()]
[()]
[()]
[()]
[()]
[()]
[True]
[True]
[(search depth-complete complete ((checked True True True False)))]
[retain]
[()]
[(search resource-incomplete native-proof-check-incomplete ((checked True True True False) (checked False True True False)))]
[False]
