(Cons 1 (Cons 2 (Cons 3 Nil)))
(Cons 1 (Cons 3 (Cons 2 Nil)))
(Cons 2 (Cons 1 (Cons 3 Nil)))
(Cons 2 (Cons 3 (Cons 1 Nil)))
(Cons 3 (Cons 1 (Cons 2 Nil)))
(Cons 3 (Cons 2 (Cons 1 Nil)))
(Cons a (Cons b (Cons c Nil)))
(Cons a (Cons b Nil))
(Cons a (Cons c Nil))
(Cons a Nil)
(Cons b (Cons c Nil))
(Cons b Nil)
(Cons c Nil)
Nil
(Triple 3 4 5)
(Triple 5 12 13)
(Triple 6 8 10)
(Node Leaf (Node Leaf (Node Leaf Leaf)))
(Node Leaf (Node (Node Leaf Leaf) Leaf))
(Node (Node Leaf Leaf) (Node Leaf Leaf))
(Node (Node Leaf (Node Leaf Leaf)) Leaf)
(Node (Node (Node Leaf Leaf) Leaf) Leaf)
(Got 1)
(Got 2)
(Got 1)
(Toss heads heads)
(Toss heads tails)
(Toss heads heads)
(Toss tails heads)
(Toss tails tails)
(Toss tails heads)
(Toss heads heads)
(Toss heads tails)
(Toss heads heads)
(Map red green blue)
(Map red blue green)
(Map green red blue)
(Map green blue red)
(Map blue red green)
(Map blue green red)
(Cons a (Cons b (Cons c Nil)))
(Cons a (Cons c Nil))
(Cons 2 (Cons 4 (Cons 1 (Cons 3 (Cons 5 Nil)))))
(Cons 3 (Cons 1 (Cons 4 (Cons 2 (Cons 5 Nil)))))
(Cons 1 (Cons 3 (Cons 5 (Cons 2 (Cons 4 Nil)))))
(Cons 2 (Cons 5 (Cons 3 (Cons 1 (Cons 4 Nil)))))
(Cons 1 (Cons 4 (Cons 2 (Cons 5 (Cons 3 Nil)))))
(Cons 5 (Cons 2 (Cons 4 (Cons 1 (Cons 3 Nil)))))
(Cons 4 (Cons 1 (Cons 3 (Cons 5 (Cons 2 Nil)))))
(Cons 5 (Cons 3 (Cons 1 (Cons 4 (Cons 2 Nil)))))
(Cons 3 (Cons 5 (Cons 2 (Cons 4 (Cons 1 Nil)))))
(Cons 4 (Cons 2 (Cons 5 (Cons 3 (Cons 1 Nil)))))
