(mk a 1)
(mk b 1)
(mk c 1)
(mk a a)
(mk a b)
(mk a c)
(mk a d)
(mk b a)
(mk b b)
(mk b c)
(mk b d)
(mk c a)
(mk c b)
(mk c c)
(mk c d)
(mk d a)
(mk d b)
(mk d c)
(mk d d)
(mk2 u u)
(mk2 u v)
(mk2 v u)
(mk2 v v)
(mk2 v w)
done
(tag p)
(tag p)
(tag q)
(tag p p)
(tag p p)
(tag p q)
(tag p r)
(tag p p)
(tag p p)
(tag p q)
(tag p r)
(tag q p)
(tag q p)
(tag q q)
(tag q r)
(tag r p)
(tag r p)
(tag r q)
(tag r r)
(sw one 1)
(sw two 2)
(sw2 one one 2)
(sw2 one two 3)
(sw2 one three 4)
(sw2 two one 3)
(sw2 two two 4)
(sw2 two three 5)
(sw2 three one 4)
(sw2 three two 5)
(sw2 three three 6)
(big 1 1 1)
(small 1 1 2)
(big 1 2 1)
(big 1 2 2)
(big 2 1 1)
(big 2 1 2)
(small 2 1 3)
(big 2 2 1)
(big 2 2 2)
(big 2 2 3)
(big 2 3 1)
(big 2 3 2)
(big 2 3 3)
end
(fl red red)
(fl red green)
(fl green red)
(fl green green)
(fl green blue)
(solo red)
(solo green)
(solo blue)
(solo white)
