[(RawMayWitness Established)]
[(RawMustUncertified Incomplete)]
[(RawMustCounterexample Refuted)]
[(EvaluatedMayWitness Established)]
[(EvaluatedMustCounterexample Refuted)]
[(EvaluatedMustAll Established)]
[(EvaluatedMustEmpty Refuted)]
[(CheckLow Incomplete)]
[(CheckHigh Established)]
[(RefineLow Incomplete)]
[(RefineHigh Established)]
[(MayLow Incomplete)]
[(MayHigh Established)]
[(ConvertLow Incomplete)]
[(ConvertHigh Established)]
[(ConvertHigher Established)]
[(DelayedLow Incomplete)]
[(DelayedHigh Undetermined)]
[Indeterminate]
[Determinate]
[(ResourceLedgerV1 (initial 1000) (spent 9) (remaining 991) (PhaseSpend (formation 1) (synthesis 0) (normalization 0) (checking 8) (refinement 0) (evaluation 0)) (DeclaredLimits (depth 512) (type-capacity 64) (normalization-continuation-reserve 1)) (Observed (max-depth 0) (type-capacity-exhausted False)))]
[((InformationOrderV1 (Below Incomplete Established) (Below Incomplete Refuted) (Below Undetermined Established) (Below Undetermined Refuted) (Incomparable Incomplete Undetermined) (Incomparable Established Refuted) (BudgetLaw DeterminateStable)) (ResourcePolicyV1 CallerDeclaredAggregateSteps (DepthLimit 512) (TypeCapacity 64) (NormalizationContinuationReserve 1) AllLimitsReportedInVerdict TotalityRequiresCertifiedCompletion))]
