[(OpenExpected Undetermined)]
[(UnconstrainedDeclaration Refuted)]
[(EscapedBinder Undetermined)]
[(UniverseDeferred Undetermined)]
[(CastDeferred Undetermined)]
[(AdmissionDeferred Undetermined)]
[(AnalyzeDynamic Established)]
[(CheckDynamic Undetermined)]
[(UnboundedDefault Established)]
[(ExplicitBound Incomplete)]
[NoStepBound]
[ExplicitProducerBound]
[(RawMayWitness Established)]
[(RawMayNoWitness Incomplete)]
[(RawMustUncertified Incomplete)]
[(RawMustCounterexample Refuted)]
[(EvaluatedMayWitness Established)]
[(EvaluatedMustCounterexample Refuted)]
[(EvaluatedMustAll Established)]
[(EvaluatedMustEmpty Refuted)]
[(DynamicTypeStorage Established)]
[(DynamicApplicability Established)]
[(DynamicApplicabilityDefault Established)]
[(ResourceLedgerV1 (mode ExplicitProducerBound) (producer-initial 20000) (producer-spent 3) (producer-remaining 19997) (ObservedWork (formation 7) (synthesis 0) (normalization 0) (checking 13) (refinement 0) (evaluation 3)) (DeclaredLimits (structural-type-traversal DynamicWorklists) (type-storage Dynamic) (applicability-storage Dynamic) (evaluator-stack-budget-bytes RuntimeDeclared)) (Observed (max-depth 0) (type-storage-exhausted False) (evaluator-stack-exhausted False) (applicability-storage-exhausted False)))]
[(FormLow Established)]
[(FormHigh Established)]
[(SynthLow Established)]
[(SynthHigh Established)]
[(CheckLow Established)]
[(CheckHigh Established)]
[(RefineLow Established)]
[(RefineHigh Established)]
[(MayLow Incomplete)]
[(MayHigh Established)]
[(ConvertLow Established)]
[(ConvertHigh Established)]
[(ConvertHigher Established)]
[(ProvisionalUserRule Undetermined)]
[(DelayedLow Incomplete)]
[(DelayedHigh Refuted)]
[(PrefixCounterexample Refuted)]
[Indeterminate]
[Determinate]
[(ResourceLedgerV1 (mode ExplicitProducerBound) (producer-initial 1000) (producer-spent 0) (producer-remaining 1000) (ObservedWork (formation 7) (synthesis 0) (normalization 0) (checking 13) (refinement 0) (evaluation 0)) (DeclaredLimits (structural-type-traversal DynamicWorklists) (type-storage Dynamic) (applicability-storage Dynamic) (evaluator-stack-budget-bytes RuntimeDeclared)) (Observed (max-depth 0) (type-storage-exhausted False) (evaluator-stack-exhausted False) (applicability-storage-exhausted False)))]
[(PrimeDefRoots LanguageDefV1 ContextsAndSchemesV1 CheckingV1 ResultAlgebraV1 EffectsAndResourcesV1 EvidenceSchemaV2)]
[((InformationOrderV1 (Below Incomplete Established) (Below Incomplete Refuted) (Below Undetermined Established) (Below Undetermined Refuted) (Incomparable Incomplete Undetermined) (Incomparable Established Refuted) (BudgetLaw DeterminateStable)) (ResourcePolicyV1 NoImplicitStepBound ExplicitProducerBudget BoundedProducersReportResourceLedger ResourceStatusVisibleWhenSemanticallyRelevant UnboundedModeDoesNotMeterSteps (StructuralTypeTraversal DynamicWorklists) (TypeStorage Dynamic) (ApplicabilityStorage Dynamic) (EvaluatorStackBudget RuntimeSelectedAndReported) TotalityRequiresCertifiedCompletion))]
[(Error (prime-package &self extra) IncorrectNumberOfArguments)]
