[()]
[()]
[()]
[()]
[()]
[((Error (mork:zipper-depth (NativeHandle "mork-product-cursor" 3)) expected mork-cursor handle))]
[((Error (mork:zipper-depth (NativeHandle "mork-overlay-cursor" 4)) expected mork-cursor handle))]
[()]
[((Error (mork:zipper-depth (NativeHandle "mork-cursor" 2)) expected mork-cursor handle))]
[((Error (mork:zipper-close! (NativeHandle "mork-cursor" 2)) "unknown or closed mork-cursor handle"))]
[((Error (mork:product-zipper-depth (NativeHandle "mork-cursor" 2)) expected mork-product-cursor handle))]
[((Error (mork:product-zipper-depth (NativeHandle "mork-overlay-cursor" 4)) expected mork-product-cursor handle))]
[()]
[((Error (mork:product-zipper-depth (NativeHandle "mork-product-cursor" 3)) expected mork-product-cursor handle))]
[((Error (mork:product-zipper-close! (NativeHandle "mork-product-cursor" 3)) "unknown or closed mork-product-cursor handle"))]
[((Error (mork:overlay-zipper-depth (NativeHandle "mork-cursor" 2)) expected mork-overlay-cursor handle))]
[((Error (mork:overlay-zipper-depth (NativeHandle "mork-product-cursor" 3)) expected mork-overlay-cursor handle))]
[()]
[((Error (mork:overlay-zipper-depth (NativeHandle "mork-overlay-cursor" 4)) expected mork-overlay-cursor handle))]
[((Error (mork:overlay-zipper-close! (NativeHandle "mork-overlay-cursor" 4)) "unknown or closed mork-overlay-cursor handle"))]
