[()]
[()]
[()]
[()]
[()]
[()]
[()]
[()]
[()]
[()]
[()]
[()]
[()]
[beta]
[(beta beta)]
[(beta beta alpha)]
[(alpha beta beta)]
[()]
[()]
[((edge $x a))]
[()]
[()]
[()]
[visible]
[(visible)]
[(visible)]
[()]
[()]
[()]
[()]
[()]
[()]
[()]
[()]
[()]
[()]
[()]
[()]
[()]
[()]
[()]
[()]
[()]
[()]
[()]
[()]
[()]
[()]
[()]
[()]
