[()]
[()]
[()]
[()]
[()]
[((Error (__cetta_lib_mork_zipper_depth (NativeHandle "mork-product-cursor" 1099511627778)) expected mork-cursor handle))]
[((Error (__cetta_lib_mork_zipper_depth (NativeHandle "mork-overlay-cursor" 30064771328)) expected mork-cursor handle))]
[()]
[((Error (__cetta_lib_mork_zipper_depth (NativeHandle "mork-cursor" 4294967302)) expected mork-cursor handle))]
[((Error (__cetta_lib_mork_zipper_close (NativeHandle "mork-cursor" 4294967302)) "unknown or closed mork-cursor handle"))]
[((Error (__cetta_lib_mork_product_zipper_depth (NativeHandle "mork-cursor" 4294967302)) expected mork-product-cursor handle))]
[((Error (__cetta_lib_mork_product_zipper_depth (NativeHandle "mork-overlay-cursor" 30064771328)) expected mork-product-cursor handle))]
[()]
[((Error (__cetta_lib_mork_product_zipper_depth (NativeHandle "mork-product-cursor" 1099511627778)) expected mork-product-cursor handle))]
[((Error (__cetta_lib_mork_product_zipper_close (NativeHandle "mork-product-cursor" 1099511627778)) "unknown or closed mork-product-cursor handle"))]
[((Error (__cetta_lib_mork_overlay_zipper_depth (NativeHandle "mork-cursor" 4294967302)) expected mork-overlay-cursor handle))]
[((Error (__cetta_lib_mork_overlay_zipper_depth (NativeHandle "mork-product-cursor" 1099511627778)) expected mork-overlay-cursor handle))]
[()]
[((Error (__cetta_lib_mork_overlay_zipper_depth (NativeHandle "mork-overlay-cursor" 30064771328)) expected mork-overlay-cursor handle))]
[((Error (__cetta_lib_mork_overlay_zipper_close (NativeHandle "mork-overlay-cursor" 30064771328)) "unknown or closed mork-overlay-cursor handle"))]
