right
(in-once 5)
[6]
[6]
[6]
[6]
[(Pair 6 5)]
[(Pair 6 5)]
[7]
[(Pair 6 z)]
[(Pair 6 z)]
[(Pair 6 z)]
[(foo (bar $z $z $z))]
[(Pair 5 ok)]
[(Pair b (Got b))]
[(quote $x)]
[(quote $x)]
[(Got a)]
[(Pair 5 (quote $x))]
[no]
[(Pair 5 no)]
[()]
[6]
[Grounded]
[(no)]
[no]
[(no)]
[a, no]
[25]
[Number]
[(q 5)]
["5"]
[()]
[6]
[6]
[no]
[(fact 5)]
