[(row B1)]
[(Pair (g 1) (g 2))]
[(row B2)]
[(Pair (g 1) (g 2))]
[(row B3)]
[(Pair (g 1) (g 1))]
[(row B4)]
[(Pair (g 1) 1)]
[(row B5)]
[(row B6)]
[(Pair (Pair 1 5) (Pair 2 5))]
[(row B7)]
[(Pair (Pair 1 5) (Pair 2 5))]
[(row B8)]
[(Pair 3 3)]
[(row B9)]
[(row B10)]
[(Pair 7 ok)]
[(row B11)]
[(Pair (g 1) (g 2))]
[(row B12)]
[(Pair (g 1) (g 2))]
[(row B13)]
[(Pair (g 1) (g 2))]
[(row C1)]
[((g 1) (g 2))]
[(row C2)]
[((Pair 1 5) (Pair 2 5))]
[(row C3)]
[((Pair 1 5) (Pair 2 5))]
[(row C4)]
[(row C5)]
[(Pair (1 2) $e)]
[(row F1)]
[((g 2) (g 1))]
[(row F2)]
[((Pair 2 5) (Pair 1 5))]
[(row F3)]
[((Pair 2 5) (Pair 1 5))]
[(row F4)]
[(row F5)]
[(Pair 3 $e)]
[(row R0)]
[(lam z (let $y#1 z (g $y#1)))]
[(row R1)]
[let]
[(row R2)]
[(lam z (+ 1 2))]
[(row R3)]
[(W (lam z (+ 1 2)))]
[(row R4)]
[3]
