[(row escaped)]
[(Got escaped (quote z (z)))]
[(row escaped-outside)]
[(Pair escaped (quote z (z)))]
[(row filled-by-lift-let)]
[(quote (f 7))]
[(row unify-direction)]
[(Got (quote (g z z) (z)))]
[(row read-inside-code)]
[(Pair (quote (lam z z)) (quote z (z)))]
[(row read-inside-code-runs)]
[(f 7)]
[(row pattern-hole-names-by-the-pattern)]
[(quote z (z))]
[(row let-pattern-hole-names-by-the-pattern)]
[(Got (quote (g z z) (z)))]
[(row pattern-hole-read-inside-code)]
[(Pair (quote (lam z z)) (quote z (z)))]
[(row pattern-hole-read-inside-code-runs)]
[(f 7)]
[(row pattern-binder-variable-takes-the-code-binder)]
[(Got w (quote (f w) (w)))]
[(row part-not-under-binders)]
[(Got a)]
[(row closed-part-under-binder)]
[(Got c)]
[(row pattern-hole)]
[(Got (quote (f z) (z)))]
