[(row head-contextual)]
[(Got z (quote (f z) (z)))]
[(row head-contextual-lift-let)]
[(quote (f 7))]
[(row head-spliced-back)]
[(quote (lam y (g (f y))))]
[(row head-alpha)]
[yes]
[(row head-free-is-not-bound)]
[(is-identity (quote (lam w z)))]
[(row head-closed-part)]
[(Got z (f c))]
[(row indexed-identity)]
[identity]
[(row indexed-first)]
[first]
[(row indexed-second)]
[second]
[(row indexed-applied)]
[applied]
[(row indexed-none)]
[(shape (quote (lam q (f c))))]
[()]
[()]
[(row space-alpha)]
[alpha]
[(row space-free-is-not-bound)]
[(row space-contextual)]
[(Got z (quote (f z) (z)))]
[(row body-let)]
[yes]
[(row body-unify)]
[yes]
[(row body-case)]
[yes]
[(row body-case-free)]
[no]
[(row body-match)]
[yes]
[(row body-call)]
[yes]
