[()]
[(row alpha-variant)]
[alpha-variant]
[(row unify-alpha-variant)]
[alpha-variant]
[(row case-alpha-variant)]
[right]
[(row free-is-not-bound)]
[(row binder-variable)]
[(Got z)]
[(row binder-variable-unused)]
[(row contextual)]
[(Got (quote (f z) (z)))]
[(row contextual-lift-let)]
[(quote (f 7))]
[(row contextual-from-variable)]
[(quote (f 7))]
[(row contextual-dollar-binder)]
[(Got $p (quote (g $p $p) ($p)))]
[(row contextual-nested)]
[(Got (quote (lam b a) (a)))]
[(row contextual-two-binders)]
[(Got (quote (f a b) (a b)) (quote (f 1 2)))]
[(row contextual-one-filled)]
[(quote (f a 2) (a))]
[(row contextual-opened-by-star)]
[(f 9)]
[(row spliced-back)]
[(Pair (quote (f y)) (quote (lam y (g (f y)))))]
[(row closed-part)]
[(Got (f c))]
[(row closed-lambda-part)]
[(Got (lam z z))]
[(row held)]
[(Pair (g 0 0) (g 1 1))]
[(row template-forwarded)]
[((Pair 1 1) (Pair 2 2))]
[(row template-fold)]
[6]
[(row eq-binders)]
[True]
[(row eq-own-names)]
[True]
[(row eq-code)]
[True]
[(row eq-free-is-not-bound)]
[False]
[(row eq-free-symbol)]
[False]
[(row eq-binder-order)]
[False]
[(row eq-quotation-sealed)]
[False]
[(row eq-contextual)]
[True]
[(row eq-contextual-binder-order)]
[False]
[(row eq-captured-same)]
[(Pair True $n)]
[(row eq-captured-different)]
[(Triple False $n $m)]
[(row eq-captured-bound)]
[True]
