[(row written)]
[(quote $x#1)]
[(row equation-formed-let)]
[(quote $x#1)]
[(row equation-formed-case)]
[(quote $x#1)]
[(row equation-formed-nested)]
[(Pair (quote $x#1) done)]
[(row equation-formed-twice)]
[(quote (Pair $x#1 $y#1))]
[(row not-a-binder)]
[(f $x#1 (quote $x#1))]
[(row crossing-set)]
[(quote 5)]
[(row quotation-built-in-body)]
[(quote 5)]
