[(row written)]
[(Pair (g 1) (g 2))]
[(row star-opened)]
[(Pair (g 1) (g 2))]
[(row parse)]
[(Pair (g 1) (g 2))]
[(row lift-let)]
[(Pair (g 1) (g 2))]
[(row cons-atom)]
[(row union-atom)]
[(row lift-app)]
[(row substitution-head)]
[(row beta-head)]
[(row star-opened-crossing)]
[(row star-opened-crossing-agree)]
[(Pair (g 1) (g 1))]
[(row formed-parameter)]
[(Pair (g 1) $x)]
[(row lifted-closure)]
[(Pair 1 5)]
[(row closure-part)]
[(Pair 1 5)]
[(row formed-captures-bound-after)]
[(Pair 1 5)]
[(row formed-captures-bound-before)]
[(Pair 1 5)]
[(row written-captures)]
[(Pair 1 5)]
