[(Pair b (Got b))]
[(Pair s2 (Got s1 s2 sym1))]
[(Pair s2 (Got ((f x))))]
[(Pair 5 ok)]
[(Pair b yes)]
[no]
[(Pair 5 ok)]
[()]
[(Pair 1 1)]
[(Pair $t (Got b))]
[(Pair $u (Got a b))]
[()]
[(Pair (quote (f a a)) (quote (f b b)))]
[(pair (and (f 0) (g 0)) (pair (and (f 1) (g 1)) (lam $y (and (f $y) (g $y)))))]
