[(quote 3)]
[(Pair (quote 5) (quote $x))]
[(quote (quote a))]
[((quote 1) (quote 2))]
[(quote (foo a))]
[(quote (foo (println! "must-not-run")))]
[(quote (f a b))]
[(quote ((lam x x) a))]
[a]
[(quote (foo a))]
[(quote (foo a))]
[(quote (foo a (quote (var z))))]
[(quote (foo (+ 1 2)))]
[(quote (foo a (quote x)))]
[(quote (foo x))]
[(quote (f (g b) b))]
[(quote (f (g b) b))]
[(quote (pair a a))]
[(quote (pair y a))]
[(Pair (quote (* (+ 1 2) 10)) 30)]
[(quote (greet zar))]
[(quote (lam y (pair y z)))]
[(quote (lam x (foo x)))]
[(quote (lam $binder (foo y $binder)))]
[(lam $binder (pair y $binder))]
[(lift app (quote foo) a)]
[(lift let x a (quote (foo x)))]
[(lift let 5 (quote a) (quote (foo x)))]
[(lift swap (quote a) (quote b))]
[(Error (lift let x (quote a)) IncorrectNumberOfArguments)]
