[(row per-activation)]
[(Pair $hole#1 $hole#2)]
[(row per-activation-refined)]
[(Pair Left Right)]
[(row once-per-evaluation)]
[(Pair $h#1 $h#1)]
[(row two-evaluations)]
[(Pair $h#1 $h#2)]
[(row refined-inside)]
[(Pair 5 5)]
[(row caller-name-apart)]
[(Pair (Pair 1 $h#1) $h)]
[(row cross-form)]
[(Pair (Pair 1 $w#1) 5)]
[(row argument-not-captured)]
[(Pair $h $h#1)]
[()]
[(row per-closure)]
[(Pair $hole#1 $hole#2)]
[()]
[(row in-code)]
[(Pair (quote (new ($h) (Pair $h $h))) (Pair $h#1 $h#1))]
[(row quoted-name-literal)]
[(quote $h)]
[(row not-a-list-of-variables)]
[(new (a b) c)]
[(new $x c)]
[(new 1)]
