[()]
[(row closure-twice)]
[(Pair (g 1) (g 2))]
[(row closure-same-argument)]
[(Pair (g 1) (g 1))]
[(row closure-outsider)]
[(Pair (g 1) $y)]
[(row closure-outsider-bound)]
[(Pair (g 1) 5)]
[(row template)]
[((Pair 1 1) (Pair 2 2))]
[(row template-outsider)]
[(Pair 5 ((Pair 1 1) (Pair 2 2)))]
[(row crossing)]
[(Pair 7 (Got 1))]
[(row crossing-twice)]
[(Pair (Got 1) (Got 2))]
[(row crossing-conflict)]
[(row crossing-outsider)]
[(Pair $k (Got 1))]
[(row cross-form)]
[(Pair 1 5)]
[(row cross-form-other-spelling)]
[(Pair 1 5)]
