[()]
[(row template-map)]
[((Pair 1 1) (Pair 2 2))]
[(row map-atom)]
[((Pair 1 1) (Pair 2 2))]
[(row template-map-equals-map-atom)]
[True]
[(row template-fold)]
[6]
[(row two-instances)]
[(Pair 1 2)]
[(row two-openings)]
[(Pair (Pair $u#1 k) (Pair $u#2 k))]
[(row one-instance-opened-twice)]
[(Pair (Pair $u#1 1) (Pair $u#1 1))]
[(row printed)]
[(quote (let $u k $u))]
[(row own-name-bound-by-a-match)]
[(Pair (quote (Pair 1 k)) (Pair 1 k))]
[(row template-own-name-bound-by-a-match)]
[(Pair (lam z (Pair z 5)) (Pair 1 5))]
[(row shared-with-outside)]
[(Pair $w (Pair (Pair $w k) (Pair $w k)))]
[(row built-at-run-time)]
[(Pair (Pair $u k) (Pair $u k))]
[(row lambda-in-code-owns-its-local)]
[(Pair (g 1) (g 2))]
