[(quote $x)]
[(quote $x)]
[(quote (foo $x))]
[(quote (pair $x $y))]
[(quote $x)]
[(quote $x)]
[(quote $y)]
[(quote $x)]
[(quote $x)]
[(Pair (Pair () (quote $x)) (quote $x))]
[(Variable Variable)]
[(Pair 5 (quote $x))]
[(Pair 7 (quote $x))]
[Variable]
[Variable]
[(Pair 3 Variable)]
[(quote $x)]
[(quote $x)]
[Variable]
[(quote (outer (quote (inner $x))))]
[5]
[5]
[5]
[(Got a)]
[(Got a)]
[(Got a)]
[(Got a)]
[(Pair (quote (+ 1 2)) 3)]
