[(row cons-atom-bound-after)]
[(quote 5)]
[(row cons-atom-bound-before)]
[(quote 5)]
[(row union-atom-bound-after)]
[(quote 5)]
[(row union-atom-bound-before)]
[(quote 5)]
[(row lift-bound-after)]
[(quote 5)]
[(row lift-bound-before)]
[(quote 5)]
[(row written-bound-after)]
[(quote $x)]
[(row written-bound-before)]
[(quote $x)]
