[(row subst-let)]
[(Pair (g 1) (g 2))]
[(row subst-parameter)]
[(Pair (g 1) (g 2))]
[(row subst-into-code)]
[(Pair (g 1) (g 2))]
[(row subst-shared)]
[(row subst-shared-agree)]
[(Pair (g 1) (g 1))]
[(row cons)]
[(Pair (g 1) (g 2))]
[(row union)]
[(Pair (g 1) (g 2))]
[(row lift-app)]
[(Pair (g 1) (g 2))]
[(row cons-shared)]
[(row project-pattern)]
[(Pair (g 1) (g 2))]
[(row project-index)]
[(Pair (g 1) (g 2))]
[(row project-shared)]
[(row quote-open)]
[(Pair (g 1) (g 2))]
[(row quote-open-shared)]
[(row stored)]
[()]
[()]
[(Pair (g 1) (g 2))]
[(row stored-shared)]
[(row parse)]
[(Pair (g 1) (g 2))]
[(row parse-crossing)]
[(row imported)]
[()]
[(Pair (g 1) (g 2))]
[(row imported-shared)]
[(Pair $t ok)]
[()]
[()]
[(row transport-explicit-capture)]
[(Pair $t ok)]
[(row transport-query-wide)]
[()]
[(row transport-back)]
[(Pair (g 1) (g 2))]
[(row cross-text)]
[(Pair 1 5)]
[(Pair 1 5)]
[(row cross-text-applied)]
[(Pair 1 5)]
[(row cross-lift)]
[(Pair 1 5)]
[(Pair 1 5)]
[(row cross-stored)]
[()]
[()]
[(Pair 1 5)]
[(Pair 1 5)]
[(row text-owned)]
[(Pair (g 1) (g 2))]
[(row text-shared)]
["(lam z (let $y z (g $y)))"]
[(Pair (g 1) (g 2))]
