[(row reader)]
[(quote $x)]
[(row reader-crossing)]
[(quote 5)]
[(row lift-app)]
[(quote $x)]
[(row lift-app-pieces)]
[(quote $x)]
[(row parse-lift)]
[(quote $x)]
[(row parse-held)]
[(quote $x)]
[(row parse-crossing)]
[(quote 5)]
[(row cons-let)]
[(quote $x)]
[(row cons-case)]
[(quote $x)]
[(row cons-data)]
[(f $x (quote $x))]
