[(-> Number Number Number)]
[]
[(-> Number Number Number)]
[]
[(-> Number Number Number)]
[]
[(-> Number Number Number)]
[]
[(-> Number Number Number)]
[]
[(-> Number Number Bool)]
[]
[(-> Number Number Bool)]
[]
[(-> $t $t %Undefined%)]
[(-> $t $t %Undefined%)]
[(-> $t $t Bool)]
[]
[(-> Atom Atom Bool)]
[]
[(-> Number Number Bool)]
[]
[(-> Number Number Bool)]
[]
[(-> Number Number)]
[]
[(-> Number Number)]
[]
[(-> SpaceType Atom (->))]
[]
[(-> SpaceType Expression (->))]
[(-> SpaceType Expression (->))]
[(-> SpaceType %Undefined% (->))]
[(-> SpaceType %Undefined% (->))]
[(-> SpaceType %Undefined% (->))]
[(-> SpaceType %Undefined% (->))]
[(-> Bool Bool Bool)]
[]
[(-> Number Number)]
[]
[(-> Atom (->))]
[(-> Atom (->))]
[(-> Atom Atom (->))]
[(-> Atom Atom (->))]
[(-> Atom Atom Atom (->))]
[(-> Atom Atom Atom (->))]
[(-> Atom Atom (->))]
[(-> Atom Atom (->))]
[(-> Atom Atom Atom (->))]
[(-> Atom Atom Atom (->))]
[(-> Atom Atom (->))]
[(-> Atom Atom (->))]
[(-> Atom Atom Atom (->))]
[(-> Atom Atom Atom (->))]
[(-> Atom Atom (->))]
[(-> Atom Atom (->))]
[(-> Atom Atom Atom (->))]
[(-> Atom Atom Atom (->))]
[(-> Atom Expression (->))]
[(-> Atom Expression (->))]
[(-> Atom Atom Atom (->))]
[]
[(-> Atom Atom Atom Atom (->))]
[]
[(-> Atom Atom Atom (->))]
[]
[(-> Atom Atom Atom Atom (->))]
[]
[(-> Number Number)]
[]
[(-> Atom Variable Atom Atom)]
[(-> Atom Variable Atom Atom)]
[(-> Number Type Type ErrorDescription)]
[(-> Number Type Type ErrorDescription)]
[(-> Type Type ErrorDescription)]
[(-> Type Type ErrorDescription)]
[(-> Symbol %Undefined% (->))]
[]
[(-> Atom Atom)]
[]
[(-> Expression %Undefined%)]
[(-> Expression %Undefined%)]
[(-> Atom Expression %Undefined%)]
[(-> Atom Expression %Undefined%)]
[(-> Expression Expression)]
[(-> Expression Expression)]
[(-> Number Number)]
[]
[(-> Atom Variable Atom %Undefined%)]
[(-> Atom Variable Atom %Undefined%)]
[(-> (StateMonad $tcso) $tcso (StateMonad $tcso))]
[]
[(-> Atom Atom)]
[(-> Atom Atom)]
[(-> Expression Expression Atom)]
[]
[(-> Atom Expression)]
[(-> Atom Expression)]
[(-> Atom Expression Atom)]
[(-> Atom Expression Atom)]
[(-> SpaceType)]
[(-> SpaceType)]
[(-> Number Number)]
[]
[(-> Expression Atom)]
[(-> Expression Atom)]
[(-> String DocDescription)]
[(-> String DocDescription)]
[(-> Atom DocDescription DocInformal), (-> Atom DocDescription DocParameters DocReturnInformal DocInformal)]
[(-> Atom DocDescription DocInformal), (-> Atom DocDescription DocParameters DocReturnInformal DocInformal)]
[(-> DocItem DocKindFunction DocType DocDescription DocParameters DocReturn DocFormal), (-> DocItem DocKindAtom DocType DocDescription DocFormal), (-> DocItem DocKindFunction DocType DocDescription DocFormal)]
[(-> DocItem DocKindFunction DocType DocDescription DocParameters DocReturn DocFormal), (-> DocItem DocKindAtom DocType DocDescription DocFormal), (-> DocItem DocKindFunction DocType DocDescription DocFormal)]
[(-> Atom Atom ErrorType)]
[(-> Atom Atom ErrorType)]
[Type]
[Type]
[(-> Atom Atom)]
[(-> Atom Atom)]
[(-> Atom SpaceType Atom)]
[(-> Atom SpaceType Atom)]
[(-> Expression Variable Atom Expression)]
[(-> Expression Variable Atom Expression)]
[(-> Number Number)]
[]
[(-> Expression Atom Variable Variable Atom %Undefined%)]
[(-> Expression Atom Variable Variable Atom %Undefined%)]
[(-> Expression Atom (->))]
[(-> Expression Atom (->))]
[(-> String Expression String)]
[]
[(-> Atom Atom)]
[(-> Atom Atom)]
[(-> SpaceType Atom)]
[]
[(-> SpaceType Atom %Undefined%)]
[(-> SpaceType Atom %Undefined%)]
[(-> SpaceType Atom %Undefined%)]
[(-> SpaceType Atom %Undefined%)]
[(-> SpaceType Atom Type %Undefined%)]
[(-> SpaceType Atom Type %Undefined%)]
[(-> Expression Atom Expression (Expression Atom))]
[(-> Expression Atom Expression (Expression Atom))]
[(-> SpaceType Atom %Undefined%)]
[(-> SpaceType Atom %Undefined%)]
[(-> Atom Atom)]
[]
[(-> (StateMonad $tgso) $tgso)]
[]
[(-> Atom %Undefined%)]
[]
[(-> SpaceType Atom Atom)]
[]
[(-> Atom (->))]
[]
[(-> Atom (->)), (-> (->))]
[(-> Atom (->)), (-> (->))]
[(-> Atom (->)), (-> Symbol (->))]
[(-> Atom (->)), (-> Symbol (->))]
[(-> Atom (->))]
[(-> Atom (->))]
[(-> SpaceType (->))]
[(-> SpaceType (->))]
[(-> $t $t)]
[(-> $t $t)]
[(-> Bool Atom Atom $t)]
[(-> Bool Atom Atom $t)]
[(-> Expression Variable Variable Atom Atom %Undefined%)]
[(-> Expression Variable Variable Atom Atom %Undefined%)]
[(-> Atom Atom Atom Atom %Undefined%)]
[]
[(-> Atom Atom Atom %Undefined%)]
[(-> Atom Atom Atom %Undefined%)]
[(-> Atom Atom (->))]
[]
[(-> Atom %Undefined%)]
[]
[ErrorDescription]
[ErrorDescription]
[(-> Expression Number Atom)]
[]
[(-> Atom Atom %Undefined%)]
[(-> Atom Atom %Undefined%)]
[(-> Expression Expression Atom)]
[]
[(-> Type Bool)]
[(-> Type Bool)]
[(-> Number Bool)]
[]
[(-> Number Bool)]
[]
[(-> Atom DocItem)]
[(-> Atom DocItem)]
[(-> Atom %Undefined% Atom %Undefined%)]
[(-> Atom %Undefined% Atom %Undefined%)]
[(-> Expression Atom %Undefined%)]
[(-> Expression Atom %Undefined%)]
[(-> Number Number Number)]
[]
[(-> Expression Variable Atom Expression)]
[(-> Expression Variable Atom Expression)]
[(-> SpaceType Atom Atom %Undefined%)]
[]
[(-> %Undefined% Number)]
[]
[(-> Atom Type SpaceType Atom)]
[(-> Atom Type SpaceType Atom)]
[(-> %Undefined% Number)]
[]
[(-> Expression Atom Variable Variable Atom SpaceType %Undefined%)]
[]
[(-> Atom SpaceType)]
[]
[(-> SpaceType SpaceType)]
[]
[(-> SpaceType)]
[]
[(-> $t Expression (StateMonad $t))]
[]
[(-> $t (StateMonad $t))]
[(-> $t (StateMonad $t))]
[(-> Atom Atom)]
[(-> Atom Atom)]
[(-> Atom Atom Bool)]
[(-> Atom Atom Bool)]
[(-> Bool Bool)]
[]
[(-> Bool Bool Bool)]
[]
[(-> String DocParameterInformal), (-> DocType DocDescription DocParameter)]
[(-> String DocParameterInformal), (-> DocType DocDescription DocParameter)]
[(-> Expression DocParameters)]
[(-> Expression DocParameters)]
[(-> Number Number Number)]
[]
[(-> Atom Expression (->))]
[]
[(-> %Undefined% (->))]
[]
[(-> (->))]
[]
[(-> Atom Atom)]
[(-> Atom Atom)]
[(-> Atom (->))]
[]
[(-> SpaceType Atom (->))]
[]
[(-> String DocReturnInformal), (-> DocType DocDescription DocReturn)]
[(-> String DocReturnInformal), (-> DocType DocDescription DocReturn)]
[(-> $t $t)]
[(-> $t $t)]
[(-> Atom Atom %Undefined%)]
[(-> Atom Atom %Undefined%)]
[(-> Number Number)]
[]
[(-> Expression Atom Atom)]
[]
[(-> Number Number)]
[]
[(-> Expression Number)]
[]
[(-> Expression Expression)]
[]
[Type]
[Type]
[(-> Number Number)]
[]
[(-> Atom Atom %Undefined%)]
[(-> Atom Atom %Undefined%)]
[(-> Expression Expression Atom)]
[]
[(-> Expression %Undefined%)]
[]
[(-> Expression Atom)]
[(-> Expression Atom)]
[(-> %Undefined% Expression %Undefined%)]
[(-> %Undefined% Expression %Undefined%)]
[(-> Atom Expression Atom)]
[(-> Atom Expression Atom)]
[(-> Atom Expression Atom)]
[(-> Atom Expression Atom)]
[(-> Number Number)]
[]
[(-> %Undefined% Atom %Undefined%)]
[]
[(-> Number Number)]
[]
[(-> Type DocType)]
[(-> Type DocType)]
[(-> Expression Type)]
[(-> Expression Type)]
[(-> Atom Atom Atom Atom %Undefined%)]
[(-> Atom Atom Atom Atom %Undefined%)]
[(-> Atom Atom %Undefined%)]
[(-> Atom Atom %Undefined%)]
[(-> Expression Expression Atom)]
[]
[(-> Atom %Undefined%)]
[(-> Atom %Undefined%)]
[(-> Expression Atom)]
[]
[(-> %Undefined% %Undefined%)]
[(-> %Undefined% %Undefined%)]
[(-> Bool Bool Bool)]
[]
[DocKindAtom]
[DocKindFunction]
[(return function eval id noeval quote collapse)]
