[(-> Atom Atom)]
[(-> Atom %Undefined%), (-> Atom Atom)]
[3]
[()]
[()]
[(-> Atom Atom)]
[(+ 1 2)]
[(-> Atom Atom)]
[()]
[((: own-f (-> Atom Atom)))]
[((-> Atom Atom) (-> Atom Atom))]
[()]
[((-> Atom Atom))]
[((: own-f (-> Atom Atom)))]
[((own-id 5) 5)]
[((own-id 7) 7)]
[(Number)]
[ok]
[((wild own-id) (wild id) 5)]
[((wild own-id) (wild id) 5)]
