[()]
[num]
[List]
[append]
[(inductive (-> (: A set) set) (: nil (List A)) (: cons (-> A (List A) (List A))))]
[(schema (A) (all (-> (List A) prop) (lam P (imp (P (nil A)) (imp (all A (lam v1 (all (List A) (lam v2 (imp (P v2) (P (cons A v1 v2))))))) (all (List A) (lam x (P x))))))))]
[(refl@ln subst@ln)]
[append-nil-num]
[(all (List num) (lam l (eq (List num) (append num l (nil num)) l)))]
[True]
[(refl@lln subst@lln)]
[append-nil-lists]
[True]
[False]
[False]
[False]
[is-cons]
[tail-cons]
[append-self-refuted]
[(Undetermined (set:law-instance (List-ind num num)))]
[v1]
[(refl@lv subst@lv)]
[append-nil-v1]
[True]
[True]
[False]
[True]
[True]
[True]
[False]
[(app List num)]
[(app List (app List num))]
[(set-model TowerInterpretation.MegalodonHOTG.Lists.listFamily_setModel (relative CofinalInaccessibles) (given chain omegaMem groundTyped) (lean-covers List nil cons))]
[()]
[List]
[(set-model TowerInterpretation.MegalodonHOTG.Lists.listFamily_setModel (relative CofinalInaccessibles) (given chain omegaMem groundTyped) (lean-covers List nil cons))]
[Tree]
[(set-model not-cited)]
[()]
[List]
[(set-model not-cited)]
[()]
[Refuted]
