[()]
[num]
[(all (-> num prop) (lam P (imp (P zero) (imp (all num (lam v1 (imp (P v1) (P (suc v1))))) (all num (lam x (P x)))))))]
[(refl@num subst@num)]
[add]
[Stream]
[(set-model TowerInterpretation.MegalodonHOTG.Streams.streamFamily_setModel (relative CofinalInaccessibles) (given chain omegaMem groundTyped))]
[2]
[(PObserved 3)]
[from]
[drop]
[(iter num suc (suc zero))]
[(iter num suc (suc (suc zero)))]
[(suc (suc (suc zero)))]
[(quote (firings-of (shead num (stail num (stail num (from (suc zero))))) ((suc (suc (suc zero)))) 7))]
[(suc (suc (suc zero)))]
[(stail num)]
[(iter (Stream num) (stail num) (iter num suc zero))]
[(suc zero)]
[(iter num suc (suc zero))]
[(Error (stail num (from zero) zero) IncorrectNumberOfArguments)]
[(Error (iter num (from zero) zero) (BadArgType 2 (-> num num) (Stream num)))]
[(-> num (app Stream num))]
[(app Stream num)]
[num]
[True]
[()]
[True]
[True]
[(Undetermined (not-convertible))]
[(Undetermined (not-convertible))]
[True]
[num]
[add-suc-left]
[from-at]
[from-unfolds-at]
[(law TowerInterpretation.MegalodonHOTG.Streams.streams_ext (relative CofinalInaccessibles) (positions stail-reach))]
[(refl@stream subst@stream)]
[iter-unfolds]
[from-written]
[(quote (lean TowerInterpretation.definition_setModel_of_evidence))]
[(PObserved 1)]
[(from-written (suc zero))]
[(suc (suc (suc zero)))]
[(Undetermined (not-convertible))]
[(Undetermined (not-convertible))]
[False]
[list]
[(Refuted (set:define-no-set-solution (= (from-list $n) (cons $n (from-list (suc $n)))) (from-list (suc $n)) (contains-itself list TowerInterpretation.DatatypeBound.containsItself_no_setModel (given stability path-fits) Trinity.Stream.fromList_no_setModel)))]
[(Refuted (type-mismatch))]
[(Error (shead num zero) (BadArgType 2 (Stream num) num))]
[(Undetermined (set:family-no-known-model))]
[(Refuted (set:family-already-declared Stream))]
[List]
[(lcons num zero (lcons num (suc zero) (lnil num)))]
[(Refuted (set:family-no-set-model TowerInterpretation.MegalodonHOTG.Streams.iterList_no_setModel (relative CofinalInaccessibles) (given readsList readsCons)))]
[(Undetermined (set:family-no-known-model))]
[(Refuted (set:family-no-set-model TowerInterpretation.MegalodonHOTG.selfMemberTheory_no_setModel (relative Reads)))]
[(Undetermined (set:family-no-known-model))]
