[()]
[()]
[(bayes:interval 0 0)]
[(bayes:interval 221/324 227/324)]
[(bayes:invalid logarithm-support)]
[(bayes:invalid logarithm-budget)]
[(bayes:invalid resume-state)]
[(bayes:invalid resume-state)]
[(bayes:incomplete (bayes:overlap wrong good ((good (4 4)) (wrong (0 0)))))]
[False]
[(bayes:invalid likelihood)]
[(bayes:invalid likelihood)]
