[()]
[()]
[(bayes:selected inspect (bayes:act inspect ((clear (bayes:act bridge ((arrived (bayes:stop))))) (warning (bayes:act hill ((arrived (bayes:stop))))))) 27/4)]
[(delivery:net-inspection 25/4)]
[(bayes:posterior ((good 3/4) (bad 1/4)) 1/2)]
[(bayes:selected bridge (bayes:act bridge ((arrived (bayes:stop)))) 15/2)]
[(bayes:selected hill (bayes:act hill ((arrived (bayes:stop)))) 6)]
[(bayes:incomplete stale-dependencies)]
[(bayes:incomplete (bayes:comparison bridge 15/2 ((bridge (15/2 15/2)) (hill (6 6))) ((bridge (15/2 15/2)) (hill (6 6)))))]
[(bayes:established bridge)]
[(bayes:incomplete (bayes:overlap bridge hill ((bridge (5 8)) (hill (6 6)))))]
[(bayes:invalid prior)]
[(bayes:incomplete impossible-observation)]
[(bayes:invalid inadmissible-action)]
[True]
[False]
[(bayes:decision inspect ((bridge (5 5 0 5)) (hill (6 6 0 6)) (inspect (27/4 27/4 0 27/4))) (bayes:regret 0))]
[(bayes:decision bridge ((bridge (15/2 15/2 0 15/2)) (hill (6 6 0 6))) (bayes:regret 0))]
[(bayes:invalid (execution-certificate bridge))]
[(bayes:decision hill ((bridge (0 0 0 0)) (hill (6 6 0 6))) (bayes:regret 0))]
