[()]
[()]
[False]
[(bayes:decision repair ((repair (1 1 0 1))) (bayes:regret 0))]
[(bayes:invalid decision-data)]
[True]
[False]
[False]
[(bayes:incomplete (bayes:log-work better () (other better) 0 ((other ((0 2))) (better ((1 2)))) ((goal 1))))]
[(bayes:established better)]
[(bayes:invalid resume-state)]
[(bayes:incomplete (bayes:log-work better () (other better) 2 ((other ((1 2))) (better ((1 2)))) ((goal 1))))]
[(bayes:interval -3/4 -7/12)]
[(bayes:incomplete stale-dependencies)]
[(bayes:invalid comparison-budget)]
[(bayes:invalid posterior-certificate)]
[(bayes:invalid (execution-certificate repair))]
[(bayes:invalid (numerical-bound repair))]
[(bayes:invalid decision-order)]
[(bayes:established better)]
