[()]
[(Undetermined (set:not-admitted forged))]
[(Refuted (set:hypothesis-index (pf:hyp 0)))]
[(Undetermined (set:not-admitted forged))]
[()]
[(Undetermined (set:not-admitted inserted))]
[(Established ())]
[(set:proves (pf:known inserted) (In Empty (Power Empty)))]
[True]
[True]
[()]
[()]
[(Undetermined (set:not-admitted inserted))]
[Refuted]
[(Undetermined (set:not-admitted inserted))]
[()]
[(Undetermined (set:not-admitted assumed-directly))]
[True]
[True]
[axiom]
[dependent]
[()]
[(Undetermined (set:dependency-missing assumed-directly))]
