[()]
[()]
[nat]
[(refl@nat subst@nat)]
[add]
[()]
[q-succ]
[q-add]
[r-diag]
[r-add]
[t-eta]
[motive]
[True]
[(Established (SetProofChecked (App Q (App succ zero)) (SetConversion 1 0)))]
[True]
[True]
[True]
[(set:proves &thy (pf:by q-add) (Q (succ zero)))]
[(Undetermined (set:by-no-first-order-instance q-add (App Q (App succ zero))))]
[(set:proves &thy (quote (pf:by motive (pf:fix n (pf:all-elim (pf:known refl@nat) n)))) (quote (eq nat zero zero)))]
[False]
[(Refuted (set:by-no-instance q-succ (App Q zero)))]
[False]
[True]
[False]
[(Refuted (set:proposition-mismatch (App (App R a) (App (App add a) a)) (App (App R a) b)))]
[True]
[True]
[(Refuted (set:by-no-instance r-diag (App Q zero)))]
