[()]
[num]
[add]
[eqAt]
[sucMove]
[keepCert]
[transportCert]
[sucStep]
[composeCert]
[iterCert]
[returnIter]
[()]
[()]
[True]
[True]
[True]
[True]
[True]
[True]
[True]
[True]
[True]
[False]
[False]
[False]
[False]
[(type:check &thy (iterCert (suc zero) num eqAt sucStep zero (refl zero)) (sigma (y : num) (eqAt y)) 1)]
[Fam]
[onFam]
[True]
[Via]
[onVia]
[True]
[IdAt]
[(Undetermined (set:define-constructor-coverage-fragment (-> (n : num) (xs : (IdAt n)) num)))]
[StuckFam]
[(Undetermined (set:define-constructor-coverage-fragment (-> (n : num) (xs : (StuckFam n)) num)))]
[(Undetermined (set:define-constructor-coverage-fragment (-> (n : num) (xs : (id num zero zero)) num)))]
[(Undetermined (set:define-constructor-coverage-fragment (-> (n : num) (xs : (id num n n)) num)))]
