[()]
[num]
[(refl@num subst@num)]
[(all (-> num prop) (lam P (imp (P zero) (imp (all num (lam v1 (imp (P v1) (P (suc v1))))) (all num (lam x (P x)))))))]
[add]
[eqAt]
[sucMove]
[()]
[sucStep]
[zero-add]
[()]
[()]
[True]
[False]
[True]
[False]
[True]
[True]
[False]
[False]
[(HostedIteration True True True True 3)]
[(ForgedHosted Refuted)]
