[()]
[num]
[(refl@num subst@num)]
[(all (-> num prop) (lam P (imp (P zero) (imp (all num (lam v1 (imp (P v1) (P (suc v1))))) (all num (lam x (P x)))))))]
[add]
[eqAt]
[sucMove]
[()]
[sucStep]
[zero-add]
[(EnabledConsumer True True True True 3)]
[(id num (suc (suc zero)) (suc (suc zero)))]
[(LinkedType (Pi (DeclConst num) (Id (DeclConst num) (App (App (DeclConst add) (DeclConst zero)) (idx 0)) (idx 0))))]
[False]
[(UnrelatedRevision True)]
[(ForgedProof Refuted)]
[(WithdrawnSupport Refuted Refuted), (WithdrawnSupport Refuted Refuted)]
[(type:check &self (iterCert (suc zero) num eqAt sucStep zero (refl zero)) (sigma (y : num) (eqAt y)) 1)]
[(LibraryRuleWithdrawn False), (LibraryRuleWithdrawn False)]
