[()]
[num]
[(refl@num subst@num)]
[(all (-> num prop) (lam P (imp (P zero) (imp (all num (lam v1 (imp (P v1) (P (suc v1))))) (all num (lam x (P x)))))))]
[add]
[eqAt]
[sucMove]
[()]
[sucStep]
[zero-add]
[(ClauseAgainstArticle False False True True False)]
[(IterClause (Pair (PVar 3) (PVar 4))), (IterClause (App (Lam (Sigma (PVar 1) (App (PVar 2) (idx 0))) (App (App (App (App (App (App (DeclConst iterCert) (PVar 0)) (PVar 1)) (PVar 2)) (PVar 3)) (Fst (idx 0))) (Snd (idx 0)))) (App (App (PVar 3) (PVar 4)) (PVar 5))))]
[(fst (iterCert (suc zero) num eqAt sucStep zero (refl zero)))]
[True]
[(TranslatedId (refl (suc (suc zero))) True True True True False)]
[(ForgedTranslation Undetermined)]
[()]
[()]
[(NeutralIndex True False False False True False)]
[(Undetermined (set:define-constructor-coverage-fragment (-> (n : num) (xs : (id num n n)) num)))]
[(Error (iterCert (suc zero) num eqAt sucStep zero zero) (BadArgType 6 (eqAt zero) num))]
