[True]
[True]
[True]
[True]
[True]
[True]
[True]
[True]
[True]
[False]
[True]
[False]
[False]
[False]
[True]
[False]
[False]
[True]
[False]
[False]
[False]
[(type:check (PrimeScoped (PrimeCtxCons (Pi (idx 0) (Sort (LevelConst 0))) (PrimeCtxCons (Sort (LevelConst 0)) PrimeCtxNil)) (idx 0)) (Pi (idx 1) (Sort (LevelConst 1))) 8)]
[True]
[(type:check (PrimeScoped (PrimeCtxCons (Pi (idx 0) (Sort (LevelConst 0))) (PrimeCtxCons (Sort (LevelConst 0)) PrimeCtxNil)) (idx 0)) (Pi (Sort (LevelConst 1)) (Sort (LevelConst 0))) 8)]
[False]
[()]
[num]
[fam]
[True]
[True]
[True]
