[()]
[()]
[()]
[bool]
[nat]
[(refl@bool subst@bool)]
[(refl@nat subst@nat)]
[(refl@fn subst@fn)]
[negb]
[andb]
[add]
[double]
[negb-negb]
[double-two]
[truth]
[falsum]
[neg]
[and]
[or]
[exists-nat]
[imp-self]
[imp-trans]
[and-comm]
[or-comm]
[not-not-intro]
[false-elim]
[exists-zero]
[exists-elim]
[eq-compute]
[eq-symm]
[eq-trans]
[congr-succ]
[subst-pred]
[add-zero-fun]
[zero-add]
[conv-in-hyp]
[mul]
[conv-in-hyp2]
[()]
[eta]
[impred-true]
[funext]
[False]
[False]
[False]
[Refuted]
[False]
