[()]
[symbol]
[state]
[word]
[answer]
[step-zero]
[step-one]
[dfa-step]
[dfa-run]
[(define (-> word state state) (= (dfa-run~scrutinee-first wnil $q) $q) (= (dfa-run~scrutinee-first (wcons $a $w) $q) (dfa-run~scrutinee-first $w (dfa-step $q $a))))]
[dfa-accepting]
[ends-in-01]
[True]
[True]
[True]
[True]
[True]
[True]
