[()]
[()]
[()]
[bool]
[nat]
[(refl@bool subst@bool)]
[(refl@nat subst@nat)]
[truth]
[falsum]
[neg]
[and]
[or]
[iff]
[negb]
[andb]
[orb]
[negb-negb]
[andb-com]
[orb-com]
[plus]
[plus-O-l]
[plus-S-l]
[plus-O-r]
[plus-assoc]
[pair]
[proj1]
[proj2]
[(refl@pair subst@pair)]
[pair-eta]
[and-intro]
[or-comm]
[double-neg-intro]
[leibniz]
[even]
[even-4]
[xm]
[conv-compute]
[apply]
[conv-beta]
[is-true]
[true-neq-false]
[is-O]
[O-neq-S]
[pred]
[S-inj]
[eqb]
[eqb-refl]
[double]
[double-compute]
[plus-S-r]
[double-spec]
[even-double]
[le]
[le-refl]
[le-n-S]
[list]
[(refl@list subst@list)]
[append]
[length]
[map]
[fold-right]
[append-nil-r]
[length-append]
[()]
[map-append]
[length-map]
[map-map]
[fold-sum]
[term]
[(refl@term subst@term)]
[ap]
[ap-id]
[()]
[ap-comp]
[unifies]
[is-O-b]
[pick]
[unify-example]
