[()]
[Undetermined]
[(set:define &thy missingId (-> MissingType MissingType) (= (missingId $x) $x))]
[True]
[True]
[True]
[()]
[()]
[()]
[missingId]
[True]
[True]
[keep]
[True]
[applyFn]
[True]
[capture]
[True]
[Undetermined]
[True]
[Refuted]
[True]
[()]
[()]
[Refuted]
[True]
[largeId]
[True]
[True]
[typeId]
[True]
[True]
[True]
[False]
[False]
[typeId1]
[True]
[True]
[True]
[True]
[False]
[dependentId]
[True]
[True]
[True]
[dependentApply]
[True]
[True]
[dependentCapture]
[True]
[True]
[False]
[reflexiveEvidence]
[True]
[True]
[retainIndexed]
[True]
[True]
[Refuted]
[True]
[Undetermined]
[True]
[False]
[False]
[False]
[AliasFirst]
[AliasSecond]
[True]
[True]
[aliasedPack]
[True]
[True]
[True]
[True]
[True]
[False]
[Refuted]
[True]
[True]
[AliasThird]
[makeAliasPack]
[True]
[True]
[True]
[True]
[True]
[useAliasPack]
[True]
[True]
[True]
[False]
[True]
[False]
[False]
[False]
[JFirst]
[JSecond]
[True]
[True]
[True]
[True]
[False]
[keepClosure]
[True]
[True]
[False]
[closureIdentity]
[lambdaIdentity]
[True]
[False]
[dependentClosure]
[True]
[True]
[Refuted]
[True]
[True]
[Refuted]
[True]
[Refuted]
[True]
[Refuted]
[True]
[True]
[IterationNat]
[iterateIdentity]
[True]
[True]
[True]
[False]
[Refuted]
[True]
[True]
