[()]
[()]
[leaf]
[middle]
[root]
[saved]
[(SavedDependencies ((root (define prop (= root middle))) (middle (define prop (= middle leaf))) (leaf (define prop (= leaf (imp A A))))))]
[(RootDependencies ((middle (define prop (= middle leaf))) (leaf (define prop (= leaf (imp A A))))))]
[(Established (SetProofChecked root (SetConversion 1 0)))]
[(Refuted (set:all-elim-needs-universal (App (App imp A) A)))]
[direct]
[()]
[()]
[()]
[leaf]
[(Undetermined (set:dependency-changed leaf))]
[(Undetermined (set:dependency-changed leaf))]
[(Undetermined (set:dependency-changed leaf))]
[(Undetermined (set:dependency-changed leaf))]
[(Undetermined (set:dependency-changed leaf))]
[(Undetermined (set:dependency-changed leaf))]
[(Undetermined (set:dependency-changed leaf))]
[(Undetermined (set:dependency-changed leaf))]
[()]
[()]
[()]
[leaf]
[(Established (SetProofChecked root (SetConversion 1 0)))]
[(Established (SetDefinitionCurrent))]
[()]
[()]
[()]
[leaf]
[middle]
[root]
[saved]
[()]
[()]
[()]
[leaf]
[(Undetermined (set:dependency-changed leaf))]
[()]
[()]
[()]
[middle]
[(Established (SetDefinitionCurrent))]
[(Undetermined (set:dependency-changed leaf))]
[()]
[()]
[()]
[root]
[(Established (SetDefinitionCurrent))]
[(Undetermined (set:dependency-changed leaf))]
[()]
[saved]
[(Established (SetProofChecked root (SetConversion 1 0)))]
[(RenewedDependencies ((root (define prop (= root middle))) (middle (define prop (= middle leaf))) (leaf (define prop (= leaf (imp B B))))))]
[()]
[()]
[leaf]
[middle]
[saved]
[()]
[()]
[()]
[leaf]
[()]
[()]
[()]
[middle]
[(Established (SetDefinitionCurrent))]
[(Undetermined (set:dependency-changed leaf))]
[(Undetermined (set:dependency-changed leaf))]
[()]
[()]
[()]
[leaf]
[kept]
[()]
[()]
[()]
[leaf]
[(set:recheck &withdraw kept)]
[()]
[()]
[()]
[leaf]
[(Undetermined (set:not-admitted kept))]
[True]
[(Established (SetProofChecked leaf (SetConversion 1 0)))]
[()]
[()]
[leaf]
[root]
[saved]
[unrelated]
[(Established (SetProofChecked root (SetConversion 1 0)))]
