[(define prop (= Falsum (all prop (lam p p))))]
[(definition-evidence (rules 0 (() (App (App all prop) (Lam prop (idx 0))) 0)) (non-recursive) (lean TowerInterpretation.explicit_setModel))]
[True]
[True]
[True]
[ex-falso]
[(ExFalsoDependencies ((Falsum (define prop (= Falsum (all prop (lam p p)))))))]
[True]
[neg]
[True]
[False]
[True]
[True]
[SetNativeProofV1]
[False]
[False]
[False]
[False]
[False]
[Refuted]
[False]
[()]
[(Undetermined (set:signature-changed old-falsum-fact))]
[(Undetermined (set:signature-changed old-falsum-fact))]
[new-falsum-fact]
[True]
[()]
[True]
[False]
[Undetermined]
