[()]
[()]
[()]
[(refl@nat subst@nat)]
[succ-inj]
[(all nat (lam (x : nat) (all nat (lam (y : nat) (imp (eq nat (succ x) (succ y)) (eq nat x y))))))]
[True]
[refl-all]
[True]
[True]
[True]
[refl-succ]
[(all nat (lam (n : nat) (eq nat (succ n) (succ n))))]
[(refl-succ (App (DeclConst __cetta_holds_4af51ee31207779bb184b387) (App (DeclConst all@nat) (Lam (DeclConst nat) (App (App (DeclConst eq@nat) (App (DeclConst succ) (idx 0))) (App (DeclConst succ) (idx 0)))))))]
[False]
[False]
[True]
