[map-nil]
[map-cons]
[comp-apply]
[eq-trans]
[eq-sym]
[eq-sym-elem]
[map-cong]
[cons-cong]
[list-ind]
[map-fusion]
[(NativeProof map-fusion 9)]
[True]
[pf:imp-elim]
[(Origin theorem)]
[(Depends 9 first list-ind)]
[(False . ())]
[(False . ())]
[(True . ())]
[()]
[()]
[(True . ())]
[(True . ())]
[Refuted]
