[and]
[Subq]
[TransSet]
[Union_closed]
[Power_closed]
[Repl_closed]
[ZF_closed]
[UnivOf_In]
[UnivOf_TransSet]
[UnivOf_ZF_closed]
[UnivOf_Min]
[((UniverseAxiom UnivOf_In 1) (UniverseAxiom UnivOf_TransSet 1) (UniverseAxiom UnivOf_ZF_closed 1) (UniverseAxiom UnivOf_Min 1))]
[universe-power-closure]
[Established]
[(UniverseDependentUse True True True 1)]
[universe-union-closure]
[()]
[()]
[pipeline-membership]
[(UniversePair True True True 2)]
[(UniverseValue True True)]
[(ChangedIndex Refuted)]
[()]
[()]
[()]
[(Withdrawn Undetermined)]
[(WithdrawnLookup Undetermined)]
