[()]
[()]
[()]
[()]
[()]
[()]
[(app (app motive z) (refl z))]
[True]
[True]
[()]
[(app (app motive (app s z)) q)]
[False]
[()]
[()]
[(app Vec z)]
[True]
[(app Vec (app s z))]
[False]
[False]
[moveVector]
[readVector]
[True]
[True]
[True]
[True]
[False]
[keepTransported]
[True]
[True]
[False]
[False]
[False]
[True]
[False]
[transportedType]
[valueAtTransportedType]
[True]
[True]
[True]
[True]
[True]
[False]
[False]
[False]
