[native-id]
[(ImportedUse True (Pi (DeclConst prop) (Pi (App (DeclConst __cetta_holds_4af51ee31207779bb184b387) (idx 0)) (App (DeclConst __cetta_holds_4af51ee31207779bb184b387) (idx 1)))))]
[(ImportedNormalForm (Lam (DeclConst prop) (Lam (App (DeclConst __cetta_holds_4af51ee31207779bb184b387) (idx 0)) (idx 0))) True)]
[(ImportedUse True (Pi (DeclConst prop) (Pi (App (DeclConst __cetta_holds_4af51ee31207779bb184b387) (idx 0)) (App (DeclConst __cetta_holds_4af51ee31207779bb184b387) (idx 1)))))]
[(ImportedNormalForm (Lam (DeclConst prop) (Lam (App (DeclConst __cetta_holds_4af51ee31207779bb184b387) (idx 0)) (idx 0))) True)]
[(Undetermined (set:native-consumer cannot-synthesize-lambda))]
[(Refuted (set:native-consumer lambda-domain-mismatch))]
[(Refuted (set:native-consumer lambda-needs-function-type))]
[(Refuted (set:native-consumer lambda-domain-mismatch))]
[False]
[False]
[True]
