[()]
[Undetermined]
[Undetermined]
[Refuted]
[()]
[Refuted]
[(set:inductive &thy GhostTree (u 0) (: GhostNode (-> MissingType GhostTree)))]
[True]
[True]
[True]
[True]
[()]
[()]
[GhostTree]
[True]
[True]
[Undetermined]
[Established]
[Established]
[P]
[True]
[True]
[NameTree]
[True]
[Refuted]
[Established]
[WideTree]
[True]
[()]
[()]
[()]
[()]
[()]
[HygieneTree]
[True]
[True]
