[()]
[num]
[list]
[(-> (x : (-> list (u 0))) (-> (app x nil) (-> (-> (y : num) (-> (z : list) (-> (app x z) (app x (app (app cons y) z))))) (-> (w : list) (app x w)))))]
[()]
[num]
[list]
[True]
[append-nil]
[True]
[True]
[True]
[False]
[cong-cons]
[True]
[append-nil-id]
[True]
[True]
[True]
[True]
[True]
[Refuted]
[Refuted]
[Refuted]
[(Refuted (reflexivity-endpoint-mismatch))]
[False]
[False]
