[()]
[num]
[List]
[Pair]
[Assoc]
[Seq]
[Low]
[Pred]
[(-> set set)]
[(-> (: A set) (: v1 A) (: v2 (List A)) (List A))]
[(-> (: A set) (: B set) (: v1 A) (: v2 B) (Pair A B))]
[(-> (u 0) (u 0))]
[first]
[second]
[num]
[True]
[True]
[keys]
[True]
[(Undetermined (set:inductive-nested (Nest (Nest A))))]
[(Undetermined (set:inductive-nested (Swap B A)))]
[Box]
[(Undetermined (set:inductive-nested (Box (Rose A))))]
[(Undetermined (set:inductive-positive-field (-> A (Ord A))))]
[(Undetermined (set:inductive-indexed-result (: inil (Idx num))))]
[(Undetermined (set:inductive-parameter-sort (: n num)))]
[(Undetermined (set:inductive-dependent-parameter (: a A)))]
[(Undetermined (set:inductive-parameter-level (: A set) (u 0)))]
[(Refuted (set:inductive-positivity (: mk (-> (-> (Neg A) A) (Neg A))) (-> (Neg A) A)))]
[(Refuted (set:inductive-type-arity (: tcons (-> A (Two A A) (Two A))) (Two A A)))]
[(Refuted (set:inductive-type-arity (: bcons (-> A Bare (Bare A))) Bare))]
[(Refuted (set:inductive-type-arity (: rnil Res) Res))]
[(Refuted (set:declaration-check big (type-mismatch)))]
[(Refuted (set:declaration-check small (type-mismatch)))]
[(Refuted (set:inductive-parameter A))]
[(Refuted (set:inductive-duplicate A))]
[True]
[True]
[(Refuted (application-function-has-upper-sort))]
[(Undetermined (expected-formed-type))]
[(Refuted (expected-function-type))]
[True]
