[power-self]
[True]
[False]
[True]
[(True)]
[(True False)]
[()]
[(True False)]
[(accepted rejected)]
[(accepted rejected)]
[Established]
[Refuted]
[Undetermined]
[(Established Refuted)]
[True]
[(set:proves (data-proof power-self) (In Empty (Power Empty)))]
[(uninterpreted-operation power-self)]
[found-power]
[(Consumed found-power True True True)]
[temporary-law]
[dependent-law]
[Established]
[()]
[Undetermined]
[Established]
