[nothing-in-empty]
[(RuleConstants nothing-in-empty allI@set allE@set 1)]
[(Decodes False True True)]
[(UsedAt True (App (DeclConst Power) (DeclConst Empty)) True True)]
[(UsedAt True (Sort (LevelConst 3)) True True)]
[(BetaStep True allE@set allI@set (App (DeclConst Power) (DeclConst Empty)) True)]
[(WrongPredicate Refuted)]
[(NotASet Refuted)]
[(NotASet Refuted)]
[(NotAFunction Refuted)]
[(Forged Refuted)]
[Incomplete]
[prop-self-implies]
[(Unfolding prop-self-implies (all prop (lam p (imp p p))))]
[(RuleConstants prop-self-implies allI@prop impI (all prop (lam p (imp p p))) True True False False)]
[(RuleConstantsUse True True True)]
