[(u 4)]
[True]
[True]
[True]
[True]
[True]
[True]
[False]
[False]
[False]
[True]
[True]
[True]
[(u (+ omega 5))]
[()]
[()]
[(u 3)]
[True]
[True]
[False]
[True]
[(Established (PrimeRegularTypeFormation (Sort (LevelConst 18446744073709551616))))]
[(Established (PrimeRegularTypeFormation (Sort (LevelConst 9223372036854775808))))]
[(Refuted (not-convertible Presentation.TypedEquality.Normalization.not_equal_of_unrelated))]
[True]
[True]
[(u 18446744073709551617)]
[True]
[True]
[False]
[False]
[False]
[True]
[(u (+ (* omega 10000000000000000000000000000000000000000) 1))]
[False]
[True]
[True]
[True]
[(u 4)]
[(u (+ (* omega 2) 1))]
[True]
[False]
[False]
[False]
[True]
[False]
[(Established (PrimeRegularTypeFormation (Sort (LevelCantor (LevelConst 1) 1 (LevelConst 0)))))]
[True]
[True]
[False]
