[True]
[False]
[True, True, True]
[(pf:all-elim (pf:known PowerI) Empty)]
[(pf:all-elim (pf:known UnivOfI) (Power Empty))]
[()]
[found-membership]
[(pf:all-elim (pf:known PowerI) Empty)]
[(Theorem found-membership (In Empty (Power Empty)))]
[True]
[(fin ((1 2) (3)))]
[(fin (() (1)))]
[(set:check (set:union Empty Empty) set)]
[True]
[membership-implication]
[live-assumption]
[live-consequence]
[True]
[()]
[(set:proves (pf:known live-consequence) (In Empty (Power Empty)))]
[True]
