[power-self]
[True]
[False]
[True, True, True]
[(pf:all-elim (pf:known power-self) Empty)]
[(pf:all-elim (pf:known universeIn) (Power Empty))]
[()]
[found-membership]
[(pf:all-elim (pf:known power-self) Empty)]
[(Theorem power-self (all set (lam x (In x (Power x))))), (Theorem found-membership (In Empty (Power Empty)))]
[True]
[(fin ((1 2) (3)))]
[(fin (() (1)))]
[(set:check (set:union Empty Empty) set)]
[True]
[membership-implication]
[live-assumption]
[live-consequence]
[True]
[()]
[(set:proves (pf:known live-consequence) (In Empty (Power Empty)))]
[True]
