[()]
[num]
[()]
[(-> (x : (u 0)) (-> x x))]
[(-> num num)]
[()]
[(-> (x : num) (id num x x))]
[True]
[()]
[()]
[(-> (y : num) (id num y x))]
[(-> (x : (u 0)) (-> (y : x) (-> (z : (-> (w : x) (-> (id x y w) (u 0)))) (-> (app (app z y) (refl y)) (-> (v : x) (-> (s : (id x y v)) (app (app z v) s)))))))]
[(-> u0 u0)]
