[dep-leaf]
[dep-middle]
[dep-root]
[dep-proof]
[(TransitiveDependencyUse True False 0)]
[(ChangedTransitiveDependency Undetermined)]
[DepChoice]
[dep-choose]
[dep-left-proof]
[dep-right-proof]
[((PatternDependencies dep-left-proof False) (PatternDependencies dep-right-proof True))]
[(LaterDeclaredConsumer True False False False)]
[(UndeclaredConsumer Refuted)]
[(HiddenFormationRevision Undetermined True)]
[(PrivateFamilyShadow Established)]
[(FamilyAppliedUnderWrongShadow Established)]
