[()]
[num]
[(refl@num subst@num)]
[add]
[eqAt]
[sucMove]
[()]
[sucStep]
[zero-add]
[(Linked identity True num-ind refl@num (Lam (DeclConst num) (Refl (idx 0))) subst@num (DeclConst id:eliminate) (DeclConst num-rec))]
[(LinkedType (Pi (DeclConst num) (Id (DeclConst num) (App (App (DeclConst add) (DeclConst zero)) (idx 0)) (idx 0))))]
[(OpenConsumer (Pi (DeclConst num) (Sigma (DeclConst num) (Id (DeclConst num) (App (App (DeclConst add) (DeclConst zero)) (idx 0)) (idx 0)))))]
[(TransportedConsumer (Pi (DeclConst num) (Sigma (DeclConst num) (Id (DeclConst num) (App (App (DeclConst add) (DeclConst zero)) (idx 0)) (idx 0)))))]
[(ClosedConsumer (Pair (App (DeclConst suc) (App (DeclConst suc) (App (DeclConst suc) (DeclConst zero)))) (Refl (App (DeclConst suc) (App (DeclConst suc) (App (DeclConst suc) (DeclConst zero)))))) (Sigma (DeclConst num) (Id (DeclConst num) (App (App (DeclConst add) (DeclConst zero)) (idx 0)) (idx 0))))]
[(ClosedTransport (Refl (App (DeclConst suc) (App (DeclConst suc) (DeclConst zero)))) (Id (DeclConst num) (App (DeclConst suc) (App (DeclConst suc) (DeclConst zero))) (App (DeclConst suc) (App (DeclConst suc) (DeclConst zero)))))]
[(Unlinked Refuted)]
[(ReflexivityAtOpenIndex Refuted)]
[(WrongIndex Refuted)]
[(UnknownInterpretation (Undetermined (set:native-link-interpretation classical)))]
[(ForgedLink Refuted)]
[funext-num]
[(PartiallyLinked funext-num True (Pi (Pi (DeclConst num) (DeclConst num)) (Pi (Pi (DeclConst num) (DeclConst num)) (Pi (Pi (DeclConst num) (Id (DeclConst num) (App (idx 2) (idx 0)) (App (idx 1) (idx 0)))) (Id (Pi (DeclConst num) (DeclConst num)) (idx 2) (idx 1))))))]
[add-zero-right]
[add-zero-left]
[eta-num]
[propext]
[((Reading add-zero-right Realized) (Reading add-zero-left Assumed) (Reading eta-num Realized) (Reading propext Assumed) (Reading funext-num Assumed))]
[(UnknownReading Undetermined)]
[identity]
[(AutomaticallyLinked identity True (Pi (DeclConst num) (Sigma (DeclConst num) (Id (DeclConst num) (App (App (DeclConst add) (DeclConst zero)) (idx 0)) (idx 0)))))]
[(AutomaticallyComputed (Pair (App (DeclConst suc) (App (DeclConst suc) (App (DeclConst suc) (DeclConst zero)))) (Refl (App (DeclConst suc) (App (DeclConst suc) (App (DeclConst suc) (DeclConst zero)))))))]
[(ReadingWithdrawn Refuted)]
