[native-id]
[(NativeProof native-id (Lam (DeclConst prop) (Lam (App (DeclConst __cetta_holds_4af51ee31207779bb184b387) (idx 0)) (idx 0))) 0)]
[(NativeUse True True True True)]
[Refuted]
[Undetermined]
[Undetermined]
[(NativeTryProof native-id (Lam (DeclConst prop) (Lam (App (DeclConst __cetta_holds_4af51ee31207779bb184b387) (idx 0)) (idx 0))) 0)]
[native-mixed]
[(NativeProof native-mixed (Lam (DeclConst set) (Lam (App (DeclConst __cetta_holds_4af51ee31207779bb184b387) (App (App (DeclConst In) (idx 0)) (idx 0))) (idx 0))) 0)]
[native-premise]
[native-from-premise]
[(NativeProof native-from-premise 1)]
[native-power-empty]
[(NativeProof native-power-empty 1)]
[native-by]
[Undetermined]
[transient-premise]
[transient-copy]
[Undetermined]
[Undetermined]
[Undetermined]
[native-universal-power]
[(NativeUniversalUse True True 1)]
[(NativeUniversalUse True True 1)]
[Refuted]
