[dep-leaf]
[dep-middle]
[dep-root]
[dep-proof]
[(TransitiveDependencyUse True True 0)]
[(ChangedTransitiveDependency Refuted)]
[DepChoice]
[dep-choose]
[dep-left-proof]
[dep-right-proof]
[((PatternDependencies dep-left-proof True) (PatternDependencies dep-right-proof True))]
[(LaterDeclaredConsumer True True True True)]
[(UndeclaredConsumer Refuted)]
[(HiddenFormationRevision Undetermined True)]
[(PrivateFamilyShadow Established)]
[(FamilyAppliedUnderWrongShadow Established)]
