[native-id]
[(NativeProof native-id (Lam (DeclConst prop) (Lam (App (DeclConst __cetta_holds_89187759b9fe1a3e3f509377) (idx 0)) (idx 0))) 0)]
[(NativeUse True True True True)]
[Refuted]
[Refuted]
[Undetermined]
[(NativeTryProof native-id (Lam (DeclConst prop) (Lam (App (DeclConst __cetta_holds_89187759b9fe1a3e3f509377) (idx 0)) (idx 0))) 0)]
[native-mixed]
[(NativeProof native-mixed (App (App (DeclConst allI@set) (Lam (Sort (LevelAbove 0)) (App (App (DeclConst imp) (App (App (DeclConst In) (idx 0)) (idx 0))) (App (App (DeclConst In) (idx 0)) (idx 0))))) (Lam (Sort (LevelAbove 0)) (Lam (App (DeclConst __cetta_holds_89187759b9fe1a3e3f509377) (App (App (DeclConst In) (idx 0)) (idx 0))) (idx 0)))) 0)]
[native-premise]
[native-from-premise]
[(NativeProof native-from-premise 1)]
[power-self]
[native-power-empty]
[(NativeProof native-power-empty 1)]
[native-by]
[Undetermined]
[transient-premise]
[transient-copy]
[Undetermined]
[Undetermined]
[Undetermined]
[native-universal-power]
[(NativeUniversalUse True True 1)]
[(NativeUniversalUse True True 1)]
[Established]
[Refuted]
[Refuted]
