[()]
[()]
[()]
[()]
[()]
[()]
[()]
[()]
[True]
[False]
[(proof-plan:assemble (present (next a)) (open (P a)))]
[True]
[True]
[False]
[()]
[selectOlder]
[selectNewer]
[True]
[False]
[False]
[True]
[True]
[True]
[False]
[False]
[objectThenProof]
[proofThenObject]
[True]
[False]
[True]
[False]
[True]
[True]
[False]
[False]
