[num]
[list]
[append]
[(Refuted (not-convertible DeclarationBased.CertifiedTransformProgram.ExecutableModel.CodeModel.nil_not_equal_cons))]
[(Refuted (not-convertible DeclarationBased.CertifiedTransformProgram.ExecutableModel.CodeModel.nil_not_equal_cons))]
[False]
[(Refuted (not-convertible Presentation.TypedEquality.Normalization.not_equal_of_unrelated (assumes-completeness declared-datatypes recursion)))]
[(Refuted (not-convertible Presentation.TypedEquality.Normalization.not_equal_of_unrelated (assumes-completeness declared-datatypes)))]
[(Refuted (not-convertible Presentation.TypedEquality.Normalization.not_equal_of_unrelated (assumes-completeness declared-datatypes)))]
[(Refuted (not-convertible Presentation.TypedEquality.Normalization.not_equal_of_unrelated (assumes-completeness declared-datatypes)))]
[seq]
[(Refuted (not-convertible Presentation.TypedEquality.Normalization.not_equal_of_unrelated (assumes-completeness declared-datatypes)))]
[blist]
[(Refuted (not-convertible Presentation.TypedEquality.Normalization.not_equal_of_unrelated (assumes-completeness declared-datatypes)))]
[(Established (PrimeBetaEtaEqual))]
[()]
[bit]
[list]
[(Refuted (not-convertible Presentation.TypedEquality.Normalization.not_equal_of_unrelated (assumes-completeness declared-datatypes)))]
[()]
[num]
[list]
[(Refuted (not-convertible Presentation.TypedEquality.Normalization.not_equal_of_unrelated (assumes-completeness declared-datatypes)))]
[()]
[num]
[list]
[(Refuted (not-convertible DeclarationBased.CertifiedTransformProgram.ExecutableModel.CodeModel.nil_not_equal_cons))]
[()]
[(Undetermined (conversion-outside-builtin-constants))]
[()]
[(Refuted (not-convertible DeclarationBased.CertifiedTransformProgram.ExecutableModel.CodeModel.nil_not_equal_cons))]
