[()]
[nat]
[bool]
[(Refuted (set:reserved-name lam))]
[(Refuted (set:reserved-name app))]
[(Refuted (set:reserved-name fst))]
[(Refuted (set:reserved-name FVar))]
[(Refuted (set:reserved-name App))]
[(Refuted (set:reserved-name U0))]
[True]
[True]
[True]
[nat]
[bool]
[pair]
[first]
[(succ zero)]
[True]
[frm]
[var-of]
[(Fv zero)]
[True]
