[via-power]
[membership-implication]
[assumed]
[via-implication]
[(In Empty (Power Empty))]
[(In Empty (Power Empty))]
[(pf:all-elim (pf:known PowerI) Empty)]
[(pf:imp-elim (pf:known membership-implication) (pf:known assumed))]
[(reconstruction (pf:all-elim (pf:known PowerI) Empty))]
[(set:known-proof nothing)]
[unrelated]
[True]
[()]
[True]
[()]
[(Undetermined (set:dependency-missing assumed))]
[(pf:imp-elim (pf:known membership-implication) (pf:known assumed))]
[True]
[assumed]
[True]
[()]
[assumed]
[(Undetermined (set:dependency-changed assumed))]
[()]
[()]
[(Undetermined (set:not-admitted via-power))]
[True]
[True]
