[()]
[independent]
[()]
[transport]
[transport-cited]
[(DirectDependencies (((set:rule eq-subst) (set:rule eq-subst))))]
[(NestedDependencies (transport))]
[()]
[(NativeAssumptions ())]
[()]
[()]
[Established]
[Established]
[Established]
[()]
[(Undetermined (set:dependency-unrecorded (set:rule eq-subst)))]
[(set:recheck stripped-rule)]
[()]
[(Undetermined (set:dependency-unrecorded transport))]
[(set:recheck stripped-citation)]
[()]
[(Undetermined (set:dependency-changed (set:rule eq-subst)))]
[()]
[(ExtraDependencies ((independent (all prop (lam p (imp p p)))) ((set:rule eq-subst) (set:rule eq-subst))))]
[True]
[Established]
[()]
[(Undetermined (set:rule-not-adopted eq-subst))]
[(Undetermined (set:rule-not-adopted eq-subst))]
[(Undetermined (set:rule-not-adopted eq-subst))]
[(Undetermined (set:not-admitted stripped-rule))]
[(Undetermined (set:not-admitted stripped-citation))]
[(Undetermined (set:rule-not-adopted eq-subst))]
[(Undetermined (set:rule-not-adopted eq-subst))]
[(Undetermined (set:rule-not-adopted eq-subst))]
[(Undetermined (set:rule-not-adopted eq-subst))]
[(Undetermined (set:rule-not-adopted eq-subst))]
[(Undetermined (set:rule-not-adopted eq-subst))]
[(Undetermined (set:rule-not-adopted eq-subst))]
[Established]
[Established]
[()]
[Established]
[Established]
[()]
[(set:recheck transport)]
[()]
[(Undetermined (set:not-admitted transport))]
[(Undetermined (set:not-admitted transport))]
[True]
[Established]
[premise]
[from-premise]
[()]
[(Undetermined (set:dependency-unrecorded premise))]
[(set:recheck stripped-premise)]
[()]
[(Undetermined (set:dependency-missing premise))]
[(Undetermined (set:not-admitted stripped-premise))]
