[()]
[()]
[()]
[list]
[num]
[rev-onto]
[(define (-> list list list) (= (rev-onto $acc nil) $acc) (= (rev-onto $acc (cons $x $xs)) (rev-onto (cons $x $acc) $xs)))]
[(define (-> list list list) (= (rev-onto~scrutinee-first nil $acc) $acc) (= (rev-onto~scrutinee-first (cons $x $xs) $acc) (rev-onto~scrutinee-first $xs (cons $x $acc))))]
[(scrutinee-first rev-onto~scrutinee-first (structural 1 list (nil ()) (cons (1))))]
[(structural 0 list (nil ()) (cons (1)))]
[True]
[False]
[True]
[add-onto]
[True]
[False]
[(scrutinee-first add-onto~scrutinee-first (structural 1 num (zero ()) (succ (0))))]
[snoc-each]
[(set:known-proposition &thy snoc-each~scrutinee-first)]
[(structural 1 list (nil ()) (cons (1)))]
[True]
[apply-n]
[(define (-> (: n num) (: A (u 0)) (: f (-> A A)) (: acc A) A) (= (apply-n~scrutinee-first zero $A $f $acc) $acc) (= (apply-n~scrutinee-first (succ $n) $A $f $acc) (apply-n~scrutinee-first $n $A $f ($f $acc))))]
[True]
[True]
[False]
[(scrutinee-first apply-n~scrutinee-first (structural 3 num (zero ()) (succ (0))))]
[(Undetermined (set:define-scrutinee-first-type (-> (: x num) (: x num) num)))]
[plus-two]
[(non-recursive)]
[False]
[(Refuted (set:declaration-check (Lam list (Lam elem (Lam list (App (App bad-step (App succ (idx 2))) (idx 0))))) (type-mismatch)))]
