[()]
[()]
[()]
[()]
[()]
[()]
[()]
[()]
[()]
[retainIndexed]
[(he-accept (typed-answer-v2 (: (next h) (P (f a))) (answer-substitution-v2 (query-substitution-v1) (elaboration-substitution-v1 (elaboration-binding-v1 $answer-v0 h)) (answer-constraints-v1))))]
[True]
[True]
[False]
[(he-unknown (fuel-exhausted))]
[(he-reject (no-inhabitant-at-depth))]
[False]
[feedEvidence]
[True]
[True]
[False]
[False]
[Refuted]
