[True]
[True]
[set]
[(-> set (-> set prop))]
[True]
[True]
[False]
[True]
[False]
[(set:formed (-> (x : set) (In x x)))]
[(Power (Power Empty))]
[True]
[True]
[True]
[True]
[True]
[True]
[True]
[True]
[False]
[False]
[False]
[(set:proves (pf:known nothing) Falsum)]
[empty-not-self]
[(imp (In Empty Empty) Falsum)]
[(pf:imp-intro (pf:imp-elim (pf:all-elim (pf:known EmptyE) Empty) (pf:hyp 0)))]
[(Published theorem ((EmptyE (all set (lam x (imp (In x Empty) Falsum))))))]
[True]
[assumed]
[derived]
[True]
[()]
[(set:proves (pf:known derived) Falsum)]
[(set:recheck derived)]
[assumed]
[(set:proves (pf:known derived) Falsum)]
[PowerI]
[(set:proves (pf:known PowerI) (In Empty Empty))]
[False]
