[()]
[()]
[falsum]
[refl-A]
[mono]
[over-sets]
[True]
[True]
[True]
[True]
[True]
[False]
[False]
[False]
[(App (App (DeclConst all (LevelConst 0)) (DeclConst prop)) (Lam (DeclConst prop) (idx 0)))]
[(App (App (App (DeclConst eq (LevelConst 0)) (DeclConst prop)) (DeclConst A)) (DeclConst A))]
[(App (App (DeclConst imp) (DeclConst A)) (DeclConst A))]
[True]
[True]
[True]
