[(u (+ omega 1))]
[True]
[False]
[False]
[True]
[True]
[True]
[False]
[True]
[True]
[True]
[True]
[True]
[False]
[False]
[False]
[False]
[False]
[True]
[False]
[False]
[()]
[num]
[()]
[()]
[()]
[(u omega)]
[True]
[True]
[True]
[True]
[True]
[False]
[(u omega)]
[(u omega)]
[(u (+ omega 1))]
[(u (+ omega 1))]
[True]
[False]
[True]
[()]
[(-> Big Big)]
[Big]
[True]
[(-> (u omega) (u omega))]
[True]
[(-> (u 7) (u 7))]
[()]
[(u 4)]
[(u (+ omega 1))]
[(u (+ omega 2))]
