[(Undetermined (set:unknown-name nothing))]
[(Refuted (set:hypothesis-index (pf:hyp 0)))]
[(Established (SetProofChecked (App (App In Empty) (App Power Empty)) (SetConversion 1 0)))]
[(Undetermined (set:outside-simple-fragment (-> (x : set) (In x x))))]
[(Refuted (lambda-needs-function-type))]
[(Refuted (MustCounterexample 1 u0 (type-mismatch)))]
[(Undetermined (lang:no-admitted-native-checker zero))]
[(Established ((Power Empty)))]
[Established]
[(set:proves (pf:known ghost) (In Empty Empty))]
[()]
[(set:proves (pf:known stale) (In Empty Empty))]
[(Undetermined (set:signature-changed stale))]
