[()]
[(set:proves (pf:known Falsum) (all prop (lam p p)))]
[Undetermined]
[()]
[axiom]
[(set:proves (pf:known nat-total) (all Nat (lam n (all prop (lam p (imp p p))))))]
[Established]
[(set:proves (pf:known nat-total) (all Nat (lam n (all prop (lam p (imp p p))))))]
[True]
[True]
[()]
[()]
[()]
[True]
[Established]
[Undetermined]
