[num]
[add]
[eqAt]
[keepCert]
[()]
[()]
[()]
[()]
[(Established (PrimeRegularDeclaredChecked (id (-> num num) h (lam x (h x)))))]
[(Established (PrimeRegularDeclaredChecked (id (sigma (y : num) (eqAt y)) q (pair (fst q) (snd q)))))]
[(Refuted (reflexivity-endpoint-mismatch))]
[Established]
[(Refuted (reflexivity-endpoint-mismatch))]
[alongEta]
[(Established (PrimeBetaEtaEqual))]
[(Refuted (not-convertible))]
[Established]
[()]
[(Established (PrimeBetaEtaEqual))]
[(Refuted (not-convertible))]
[(Refuted (not-convertible))]
[(Refuted (reflexivity-endpoint-mismatch))]
[(Refuted (set:define-already-declared id:eliminate))]
[(id:eliminate num zero (lam y (lam p num)) (suc zero) (suc zero) (refl zero))]
[(suc zero)]
[False]
