[independent]
[inhabX]
[(((: X (u 0)) (: X (u 0))) ((: x X) (: x X)))]
[bound-use]
[(((: X (u 0)) (: X (u 0))))]
[nested]
[xi]
[via-native]
[pick]
[via-definition]
[()]
[Established]
[()]
[(Undetermined (set:dependency-unrecorded (: x X)))]
[(set:recheck stripped)]
[()]
[(Undetermined (set:dependency-changed (: x X)))]
[()]
[Undetermined]
[Undetermined]
[Undetermined]
[Undetermined]
[(Undetermined (set:declaration-missing (: x X)))]
[Undetermined]
[Undetermined]
[Undetermined]
[Established]
[Established]
[local-pick]
[(((: X (u 0)) (: X (u 0))))]
[()]
[bound-tag-shadow]
[()]
[()]
[Established]
[Established]
[Established]
[Established]
[()]
[(Undetermined (set:declaration-missing (: X (u 0))))]
[Established]
[()]
[()]
[()]
[inhabY]
[()]
[Undetermined]
[()]
[Established]
[()]
[truth]
[by-conversion]
[()]
[Undetermined]
[Established]
[ReceiptNat]
[receipt-rec]
[Established]
[receipt-witness]
[Established]
[Established]
[()]
[Established]
[()]
[Undetermined]
[()]
[()]
[Established]
[()]
[()]
[Established]
[()]
[()]
[Undetermined]
[Established]
