[()]
[num]
[()]
[()]
[()]
[()]
[()]
[B]
[True]
[False]
[False]
[False]
[A]
[True]
[num]
[True]
[transport]
[True]
[False]
[True]
[True]
[True]
[False]
[transportRefl]
[True]
[reflComputes]
[False]
[transport1]
[True]
[True]
[True]
[True]
[True]
[False]
[False]
[J1]
[True]
[True]
[True]
[True]
[True]
[J0]
[False]
[True]
[False]
[False]
[False]
[False]
[False]
[False]
[True]
[True]
[False]
[False]
[False]
[False]
