(rho:steps (rho:par (rho:recv (rho:quote (rho:send (rho:quote rho:nil) rho:nil)) $v (rho:recv (rho:quote rho:nil) $y (rho:par (rho:drop $y) (rho:send (rho:quote rho:nil) (rho:drop $y))))) (rho:send (rho:quote rho:nil) (rho:recv (rho:quote (rho:send (rho:quote rho:nil) rho:nil)) $v (rho:recv (rho:quote rho:nil) $y (rho:par (rho:drop $y) (rho:send (rho:quote rho:nil) (rho:drop $y))))))))
