[()]
[()]
[()]
[self-imp]
[self-imp-hotg]
[self-imp-again]
[self-imp-hotg-again]
[(HolCites (self-imp))]
[(HotgCites (self-imp-hotg))]
[empty-in-universe]
[()]
[(Undetermined (set:checked-under-profile self-imp-hotg megalodon-hotg))]
[(Undetermined (set:checked-under-profile self-imp-hotg megalodon-hotg))]
[(Undetermined (set:checked-under-profile self-imp-hotg megalodon-hotg))]
[()]
[(Undetermined (set:checked-under-profile empty-in-universe megalodon-hotg))]
[()]
[(Undetermined (set:checked-under-profile self-imp hol))]
[(Undetermined (set:native-package-profile megalodon-hotg))]
[(Undetermined (set:native-package-profile hol))]
[(Undetermined (set:native-package-profile hol))]
[()]
[()]
[(Undetermined (set:checked-under-profile self-imp hol))]
[(Undetermined (set:checked-under-profile self-imp-again hol))]
[(Undetermined (set:checked-under-profile self-imp hol))]
[()]
[(set:proves &logic (pf:known self-imp) (all prop (lam a (imp a a))))]
[(Undetermined (set:checked-under-profile self-imp-again hol))]
[()]
[()]
[(set:proves &logic (pf:known self-imp) (all prop (lam a (imp a a))))]
[(try (set:native-proof &logic self-imp-again))]
[()]
[True]
[(CitedAgain (self-imp))]
[((self-imp-again self-imp))]
[own-self-imp]
[()]
[(hol megalodon-hotg)]
[(own-self-imp)]
[(set:proves (pf:known lib-self-imp) (all prop (lam a (imp a a))))]
[(set:proves (pf:known own-self-imp) (all prop (lam a (imp a a))))]
[()]
[True]
