[()]
[()]
[()]
[p-to-q]
[p-to-q-again]
[both-q]
[(Cites both-q p-to-q-again True (p-to-q) True)]
[(p-to-q)]
[(AssumptionWithdrawn (Undetermined (set:dependency-missing p-to-q)))]
[p-to-q]
[(AssumptionRestored Established)]
[()]
[()]
[p-to-q]
[(set:recheck &thy p-to-q-again)]
[p-to-q]
[(LemmaWithdrawn (Undetermined (set:not-admitted p-to-q-again)))]
[(LemmaNotCited Undetermined (set:not-admitted p-to-q-again))]
[(SavedPackageAfterWithdrawal (Undetermined (set:not-admitted p-to-q-again)))]
[True]
[(LemmaCheckedAgain Established)]
[(SavedPackageUsed True)]
[()]
[(Undetermined (set:not-admitted forged-lemma))]
[(Undetermined (set:not-admitted forged-lemma))]
[()]
[()]
[(Undetermined (set:unknown-name p-to-q-again))]
[identity]
[identity-again]
[(ComputedThroughCitation (identity) True True True)]
[num]
[(refl@num subst@num)]
[add]
[zero-add]
[zero-at-two]
[(Linked (zero-add) True ((Realized num-ind) (Realized refl@num) (Realized subst@num)))]
[(LinkedValue (Refl (App (DeclConst suc) (App (DeclConst suc) (DeclConst zero)))))]
