[identity-j]
[True]
[(id C (app f p1) (app f p2))]
[False]
[False]
[(id D (app g (app f p1)) (app g (app f p2)))]
[(app Vec z)]
[(app Vec y)]
[True]
[(id:region Nat)]
[False]
[False]
[exported-refl]
[False]
[(type:of exported)]
[(Undetermined (dynamic-type-only))]
[False]
[(type:of exported-g)]
[False]
[(id C (app f p1) (app f p1))]
[(id:region Nat)]
[(type:of exported)]
[(type:of exported-g)]
