[identity-scoped]
[True]
[(id C (app f p1) (app f p2))]
[False]
[False]
[(id D (app g (app f p1)) (app g (app f p2)))]
[(app Vec z)]
[(app Vec y)]
[True]
[id:assumed-unique@Nat]
[True]
[exported]
[exported-refl]
[exported-g]
[()]
[(id C (f p1) (f p2))]
[(type:of exported)]
[(Undetermined (theorem-context-unavailable exported (id:assumed-unique@Nat)))]
[(type:check exported (id C (f p1) (f p2)))]
[(type:of exported-g)]
[(type:theorem exported-g2 (id D (g (f p1)) (g (f p2))) (id:eliminate C (f p1) (lam y (lam e (id D (g (f p1)) (g y)))) (refl (g (f p1))) (f p2) exported))]
[(id C (app f p1) (app f p1))]
[id:assumed-unique@Nat]
[(id C (app f p1) (app f p2))]
[(id D (app g (app f p1)) (app g (app f p2)))]
