[identity-univalence]
[()]
[()]
[()]
[()]
[()]
[()]
[False]
[False]
[id:assumed-unique@Nat]
[True]
[(type:check &s (id:assumed-unique Nat z z (refl z) loop) (id (id Nat z z) (refl z) loop))]
[False]
[()]
[()]
[()]
[()]
[(app Vec z)]
[False]
[True]
[(type:check &s (id:eliminate (id Nat z z) p1 (lam q (lam w (id (Vec z) (id:eliminate Nat z (lam y (lam e (Vec y))) v z p1) (id:eliminate Nat z (lam y (lam e (Vec y))) v z q)))) (refl (id:eliminate Nat z (lam y (lam e (Vec y))) v z p1)) p2 (id:assumed-unique Nat z z p1 p2)) (id (Vec z) (id:eliminate Nat z (lam y (lam e (Vec y))) v z p1) (id:eliminate Nat z (lam y (lam e (Vec y))) v z p2)))]
[()]
[()]
[()]
[()]
[(id (u 0) Bool Bool)]
[Bool]
[False]
[id:assumed-unique@u0]
[True]
[()]
[(type:check &s (id:assumed-unique@u0 Bool Bool (ua Bool Bool swap) (refl Bool)) (id (id (u 0) Bool Bool) (ua Bool Bool swap) (refl Bool)))]
