[()]
[()]
[not]
[and]
[or]
[iff]
[ex]
[Subq]
[same]
[power-intro]
[sep-intro]
[sep-elim-in]
[sep-elim-prop]
[sep-subq]
[pick]
[both]
[UPair]
[Sing]
[kpair]
[functional]
[onto]
[cantor-core]
[diagonal]
[cantor-core-readable]
[True]
[(Cites cantor-core (power-intro sep-subq sep-elim-prop sep-intro) (rests-on (powerLaw separationLaw)))]
[(Cites cantor-core-readable (power-intro sep-subq sep-elim-prop sep-intro) (rests-on (powerLaw separationLaw)))]
[(Written True False True True)]
