[()]
[()]
[Established]
[Established]
[Established]
[Established]
[Established]
[Established]
[diagonal]
[Established]
[curried]
[(CurriedPackage (App (DeclConst all@set) (Lam (Sort (LevelAbove 0)) (App (App (DeclConst imp) (App (App (DeclConst In) (idx 0)) (idx 0))) (App (App (Lam (Sort (LevelAbove 0)) (Lam (Sort (LevelAbove 0)) (App (App (DeclConst In) (idx 1)) (idx 0)))) (idx 0)) (idx 0))))))]
[(Refuted set:proposition-mismatch)]
[(Refuted set:not-a-term-of)]
[(Refuted set:not-a-term-of)]
