[()]
[()]
[()]
[Subq]
[eq-refl]
[rewrite]
[symmetric]
[transitive]
[identical]
[rewrite-function]
[rewrite-prop]
[subst]
[((DeclConst eqS@set) (Pi (Pi (Sort (LevelAbove 0)) (DeclConst prop)) (Pi (Sort (LevelAbove 0)) (Pi (Sort (LevelAbove 0)) (Pi (App (DeclConst __cetta_holds_03274bbc3a2ab7d47f7f43ef) (App (App (DeclConst eq@set) (idx 1)) (idx 0))) (Pi (App (DeclConst __cetta_holds_03274bbc3a2ab7d47f7f43ef) (App (idx 3) (idx 2))) (App (DeclConst __cetta_holds_03274bbc3a2ab7d47f7f43ef) (App (idx 4) (idx 2)))))))))]
[Established]
[Established]
[Established]
[(Refuted set:proposition-mismatch)]
[(Refuted set:proposition-mismatch)]
[(Refuted set:witness-type)]
[(Refuted set:eq-subst-needs-equation)]
[()]
[(Undetermined (set:rule-not-adopted eq-subst))]
[()]
[Subq]
[same]
[same-ext]
[same-refl]
[rewrite]
[symmetric]
[transitive]
[identical]
[()]
[Subq]
[(refl@set subst@set)]
[rewrite]
[symmetric]
[transitive]
[identical]
[(Undetermined set:unknown-name)]
[(adopted r1 eq-subst)]
[(all set (lam X (all set (lam Y (imp (Subq X Y) (imp (Subq Y X) (same X Y)))))))]
[(all (-> set prop) (lam P (all set (lam a (all set (lam b (imp (eq set a b) (imp (P a) (P b)))))))))]
[(r1 rewrite (assumes ()) (proof 18) (term 204))]
[(r2 rewrite (assumes ()) (proof 19) (term 220))]
[(r3 rewrite (assumes (subst@set)) (proof 26) (term 370))]
[(r1 symmetric (assumes (extensionality)) (proof 18) (term 129))]
[(r2 symmetric (assumes ()) (proof 18) (term 145))]
[(r3 symmetric (assumes (subst@set extensionality)) (proof 26) (term 295))]
[(r1 transitive (assumes ()) (proof 19) (term 204))]
[(r2 transitive (assumes ()) (proof 19) (term 220))]
[(r3 transitive (assumes (subst@set)) (proof 27) (term 370))]
[(r1 identical (assumes (extensionality)) (proof 37) (term 602))]
[(r2 identical (assumes (same-ext)) (proof 18) (term 252))]
[(r3 identical (assumes (subst@set extensionality)) (proof 45) (term 728))]
[(r1 rewrite-function (assumes ()) (proof 21) (term 323))]
[(r1 rewrite-prop (assumes ()) (proof 14) (term 44))]
[(r1 subst (assumes ()) (proof 14) (term 179))]
[(quote (rule eq-subst "Mettapedia.TypeTheory.Calculi.CumulativePiSigmaId.HOLLeibnizProofComparison.Source.primitiveToLeibniz"))]
