[()]
[()]
[()]
[c-in-d]
[c-in-d-again]
[two-in-d]
[(Cites two-in-d c-in-d-again True (c-in-d))]
[(c-in-d)]
[(AssumptionWithdrawn (Undetermined (set:dependency-missing c-in-d)))]
[c-in-d]
[(AssumptionRestored Established)]
[()]
[()]
[c-in-d]
[(set:recheck &thy c-in-d-again)]
[c-in-d]
[(LemmaWithdrawn (Undetermined (set:not-admitted c-in-d-again)))]
[(LemmaNotCited Undetermined (set:not-admitted c-in-d-again))]
[(SavedPackageAfterWithdrawal (Undetermined (set:not-admitted c-in-d-again)))]
[True]
[(LemmaCheckedAgain Established)]
[(SavedPackageUsed True)]
[()]
[(Undetermined (set:not-admitted forged-lemma))]
[(Undetermined (set:not-admitted forged-lemma))]
[c-in-d-by]
[(ReadableCompiled (pf:known c-in-d) (c-in-d))]
[cites-readable]
[(CitesReadable Established)]
[(ReadAsData ((Assumed c-in-d)))]
[((c-in-d))]
[()]
[()]
[(Undetermined (set:unknown-name c-in-d-again))]
[identity]
[identity-again]
[(ComputedThroughCitation (identity) True True True)]
[num]
[(refl@num subst@num)]
[add]
[zero-add]
[zero-at-two]
[(Linked (zero-add) True ((Realized num-ind) (Realized refl@num) (Realized subst@num)))]
[(LinkedValue (Refl (App (DeclConst suc) (App (DeclConst suc) (DeclConst zero)))))]
