[via-power]
[membership-implication]
[assumed]
[via-implication]
[(In Empty (Power Empty))]
[(In Empty (Power Empty))]
[(pf:imp-elim (pf:imp-elim (pf:all-elim (pf:all-elim (pf:all-elim (pf:known powerLaw) Empty) Empty) (imp (all set (lam y (imp (In y Empty) (In y Empty)))) (In Empty (Power Empty)))) (pf:imp-intro (pf:imp-intro (pf:hyp 0)))) (pf:all-intro (pf:imp-intro (pf:hyp 0))))]
[(pf:imp-elim (pf:known membership-implication) (pf:known assumed))]
[power-self]
[(reconstruction (pf:all-elim (pf:known power-self) Empty))]
[(set:known-proof nothing)]
[unrelated]
[True]
[()]
[True]
[()]
[(Undetermined (set:dependency-missing assumed))]
[(pf:imp-elim (pf:known membership-implication) (pf:known assumed))]
[True]
[assumed]
[True]
[()]
[assumed]
[(Undetermined (set:dependency-changed assumed))]
[()]
[()]
[(Undetermined (set:not-admitted via-power))]
[True]
[True]
