[True]
[True]
[class]
[(class 2)]
[class]
[True]
[True]
[True]
[True]
[True]
[(Established (PrimeRegularChecked set))]
[True]
[(Refuted (type-mismatch))]
[False]
[False]
[False]
[False]
[False]
[num]
[True]
[True]
[True]
[False]
[True]
[False]
[True]
[False]
[set]
[True]
[True]
[False]
[bag]
[True]
[(Refuted (type-mismatch))]
[True]
[((: prop (u 0)) (: imp (-> prop (-> prop prop))) (: all (-> (A : class) (-> (-> A prop) prop))) (: Falsum prop) (: eq (-> (A : class) (-> A (-> A prop)))) (: In (-> set (-> set prop))) (: Empty set) (: Union (-> set set)) (: Power (-> set set)) (: Sep (-> set (-> (-> set prop) set))) (: Repl (-> set (-> (-> set set) set))) (: Eps_set (-> (-> set prop) set)) (: UnivOf (-> set set)) (type:rule Falsum 0 () (App (App (DeclConst all) (DeclConst prop)) (Lam (DeclConst prop) (idx 0)))))]
[True]
[True]
[True]
[True]
[False]
[(Refuted (type-mismatch))]
[(-> (-> set prop) prop)]
[True]
[False]
[empty-not-self]
[(NativeProof empty-not-self allE@set (DeclConst Empty) 1)]
[self-implies]
[(NativeProof self-implies allI@set 0)]
[prop-implies]
[(NativeProof prop-implies abstraction 0)]
[(Incomplete (PrimeRegularTermDiagnostic term-syntax level-arithmetic-allowance))]
[(type:check (u (^ (+ omega 1) 1000000000)) set 100000)]
[True]
