[()]
[True]
[False]
[64]
[1]
[1]
[0]
[13]
[2]
[(MIL:BenchV1 (Name chaining-source-intent) (Mode (native-hyp (candidate-bag exact) (proof-relevant True) (intermediate-witnesses retained))) (CandidatesGenerated 64) (CandidatesChecked 64) (Established 1) (Refuted 63) (Undetermined 0) (Incomplete 0) (SafeFrontier 1) (ExampleChecked 1) (ExampleConsistent 1) (CountConserved True) (TraceConserved True) (TypedProducerEqualsSafeFrontier True))]
[(quote (hyp:chain chain:sort chain:primitive chain:alpha chain:beta chain:delta (hyp:primitive chain:sort chain:primitive chain:alpha chain:beta chain:encode-symbol) (hyp:chain chain:sort chain:primitive chain:beta chain:gamma chain:delta (hyp:primitive chain:sort chain:primitive chain:beta chain:gamma chain:step-symbol) (hyp:primitive chain:sort chain:primitive chain:gamma chain:delta chain:finish-symbol))))]
[((hyp:edge chain:d (hyp:chain-proof chain:b (hyp:primitive-proof chain:encode-symbol chain:encode-a-b-left) (hyp:chain-proof chain:c (hyp:primitive-proof chain:step-symbol chain:step-b-c) (hyp:primitive-proof chain:finish-symbol chain:finish-c-d)))) (hyp:edge chain:d (hyp:chain-proof chain:b (hyp:primitive-proof chain:encode-symbol chain:encode-a-b-right) (hyp:chain-proof chain:c (hyp:primitive-proof chain:step-symbol chain:step-b-c) (hyp:primitive-proof chain:finish-symbol chain:finish-c-d)))))]
[True]
[True]
