[(ctx:missing topic)]
[(Triple baseline cautious bold)]
[(Pair sun sun), (Pair rain rain)]
[(Pair sun sun), (Pair sun rain), (Pair rain sun), (Pair rain rain)]
[(Pair (plan cautious clear) (plan bold clear)), (Pair (plan cautious muddy) (plan bold muddy))]
[(Pair assumed (ctx:missing (quote (goal self-implies-self))))]
[(Pair (proof route-a theorem) (proof route-a theorem)), (Pair (proof route-b theorem) (proof route-b theorem))]
[()]
[(Pair (ctx:window 1 1 (ctx:entry pending (quote (tutorial:bump)))) 0)]
[(ctx:window 1 1 (ctx:entry pending (quote (private-plan alpha))))]
[(Pair new old)]
