[(Prior-rain (ratio 1 5))]
[(Prior-wet (ratio 13 50))]
[(Joint-rain-and-wet (ratio 9 50))]
[(Rain-given-wet (ratio 9 13))]
[(Same-marginals (ratio 1 2) (ratio 1 2))]
[(Different-after-wet (ratio 1 1) (ratio 0 1))]
[(First-evidence (Answer (ratio 9 13) (sensor-1)))]
[(Same-evidence-replayed (Answer (ratio 9 13) (sensor-1)))]
[(Second-independent-evidence (Answer (ratio 81 85) (sensor-2 sensor-1)))]
[(Impossible-observation (Undefined zero-mass))]
