[()]
[()]
[()]
[()]
[()]
[()]
[()]
[(hopper:iter:case hopper:rotaten:ho:pos-1 derived 1 (True))]
[(hopper:iter:case hopper:rotaten:ho:pos-2 derived 1 (True))]
[(hopper:iter:case hopper:rotaten:ho:pos-3 derived 1 (True))]
[(hopper:iter:case hopper:rotaten:ho:pos-4 derived 1 (True))]
[(hopper:iter:case hopper:rotaten:ho:pos-5 derived 1 (True))]
[(hopper:iter:case hopper:rotaten:ho:pos-6 derived 1 (True))]
[(hopper:iter:case hopper:rotaten:ho:neg-7 not-derived 0 ())]
[(hopper:iter:case hopper:rotaten:ho:neg-8 not-derived 0 ())]
[(hopper:iter:case hopper:droplastk:ho:pos-1 derived 1 (True))]
[(hopper:iter:case hopper:droplastk:ho:pos-2 derived 1 (True))]
[(hopper:iter:case hopper:droplastk:ho:pos-3 derived 1 (True))]
[(hopper:iter:case hopper:droplastk:ho:pos-4 derived 1 (True))]
[(hopper:iter:case hopper:droplastk:ho:pos-5 derived 1 (True))]
[(hopper:iter:case hopper:droplastk:ho:neg-6 not-derived 0 ())]
[(hopper:iter:case hopper:droplastk:ho:neg-7 not-derived 0 ())]
[(hopper:iter:case hopper:droplastk:ho:neg-8 not-derived 0 ())]
[(hopper:iter:case hopper:addn:ho:pos-1 derived 1 (True))]
[(hopper:iter:case hopper:addn:ho:pos-2 derived 1 (True))]
[(hopper:iter:case hopper:addn:ho:pos-3 derived 1 (True))]
[(hopper:iter:case hopper:addn:ho:pos-4 derived 1 (True))]
[(hopper:iter:case hopper:addn:ho:neg-5 not-derived 0 ())]
[(hopper:iter:case hopper:addn:ho:neg-6 not-derived 0 ())]
[(hopper:iter:case hopper:addn:ho:neg-7 not-derived 0 ())]
