[()]
[()]
[()]
[()]
[()]
[()]
[(hopper:ho:case hopper:droplast:ho:pos-1 derived 1 (True))]
[(hopper:ho:case hopper:droplast:ho:pos-2 derived 1 (True))]
[(hopper:ho:case hopper:droplast:ho:neg-3 not-derived 0 ())]
[(hopper:ho:case hopper:droplast:ho:neg-4 not-derived 0 ())]
[(hopper:ho:case hopper:encryption:ho:pos-1 derived 1 (True))]
[(hopper:ho:case hopper:encryption:ho:pos-2 derived 1 (True))]
[(hopper:ho:case hopper:encryption:ho:pos-3 derived 1 (True))]
[(hopper:ho:case hopper:encryption:ho:pos-4 derived 1 (True))]
[(hopper:ho:case hopper:encryption:ho:pos-5 derived 1 (True))]
[(hopper:ho:case hopper:encryption:ho:pos-6 derived 1 (True))]
[(hopper:ho:case hopper:encryption:ho:pos-7 derived 1 (True))]
[(hopper:ho:case hopper:encryption:ho:pos-8 derived 1 (True))]
[(hopper:ho:case hopper:encryption:ho:pos-9 derived 1 (True))]
[(hopper:ho:case hopper:encryption:ho:pos-10 derived 1 (True))]
[(hopper:ho:case hopper:encryption:ho:pos-11 derived 1 (True))]
[(hopper:ho:case hopper:encryption:ho:pos-12 derived 1 (True))]
[(hopper:ho:case hopper:encryption:ho:pos-13 derived 1 (True))]
[(hopper:ho:case hopper:encryption:ho:pos-14 derived 1 (True))]
[(hopper:ho:case hopper:encryption:ho:pos-15 derived 1 (True))]
[(hopper:ho:case hopper:encryption:ho:pos-16 derived 1 (True))]
[(hopper:ho:case hopper:encryption:ho:pos-17 derived 1 (True))]
[(hopper:ho:case hopper:encryption:ho:pos-18 derived 1 (True))]
[(hopper:ho:case hopper:encryption:ho:pos-19 derived 1 (True))]
[(hopper:ho:case hopper:encryption:ho:pos-20 derived 1 (True))]
[(hopper:ho:case hopper:encryption:ho:pos-21 derived 1 (True))]
[(hopper:ho:case hopper:encryption:ho:pos-22 derived 1 (True))]
[(hopper:ho:case hopper:encryption:ho:pos-23 derived 1 (True))]
[(hopper:ho:case hopper:encryption:ho:pos-24 derived 1 (True))]
[(hopper:ho:case hopper:encryption:ho:pos-25 derived 1 (True))]
[(hopper:ho:case hopper:encryption:ho:pos-26 derived 1 (True))]
[(hopper:ho:case hopper:encryption:ho:pos-27 derived 1 (True))]
[(hopper:ho:case hopper:encryption:ho:pos-28 derived 1 (True))]
[(hopper:ho:case hopper:encryption:ho:neg-29 not-derived 0 ())]
[(hopper:ho:case hopper:encryption:ho:neg-30 not-derived 0 ())]
[(hopper:ho:case hopper:encryption:ho:neg-31 not-derived 0 ())]
[(hopper:ho:case hopper:encryption:ho:neg-32 not-derived 0 ())]
[(hopper:ho:case hopper:encryption:ho:neg-33 not-derived 0 ())]
[(hopper:ho:case hopper:encryption:ho:neg-34 not-derived 0 ())]
[(hopper:ho:case hopper:encryption:ho:neg-35 not-derived 0 ())]
[(hopper:ho:case hopper:encryption:ho:neg-36 not-derived 0 ())]
[(hopper:ho:case hopper:encryption:ho:neg-37 not-derived 0 ())]
[(hopper:ho:case hopper:encryption:ho:neg-38 not-derived 0 ())]
[(hopper:ho:case hopper:encryption:ho:neg-39 not-derived 0 ())]
[(hopper:ho:case hopper:encryption:ho:neg-40 not-derived 0 ())]
[(hopper:ho:case hopper:encryption:ho:neg-41 not-derived 0 ())]
[(hopper:ho:case hopper:cipher:branch-canary derived 2 (True True))]
