[()]
[()]
[()]
[()]
[(iggp:case corridor:goal:train:state-1:atom-1 derived 1 (True))]
[(iggp:case corridor:goal:train:state-1:atom-2 not-derived 0 ())]
[(iggp:case corridor:goal:train:state-2:atom-1 derived 1 (True))]
[(iggp:case corridor:goal:train:state-2:atom-2 not-derived 0 ())]
[(iggp:case corridor:goal:train:state-3:atom-1 derived 1 (True))]
[(iggp:case corridor:goal:train:state-3:atom-2 not-derived 0 ())]
[(iggp:case corridor:goal:train:state-4:atom-1 derived 1 (True))]
[(iggp:case corridor:goal:train:state-4:atom-2 not-derived 0 ())]
[(iggp:case corridor:goal:train:state-5:atom-1 derived 1 (True))]
[(iggp:case corridor:goal:train:state-5:atom-2 not-derived 0 ())]
[(iggp:case corridor:goal:train:state-6:atom-1 derived 1 (True))]
[(iggp:case corridor:goal:train:state-6:atom-2 not-derived 0 ())]
[(iggp:case corridor:goal:train:state-7:atom-1 derived 1 (True))]
[(iggp:case corridor:goal:train:state-7:atom-2 not-derived 0 ())]
[(iggp:case corridor:goal:validate:state-1:atom-1 derived 1 (True))]
[(iggp:case corridor:goal:validate:state-1:atom-2 not-derived 0 ())]
[(iggp:case corridor:goal:test:state-1:atom-1 derived 1 (True))]
[(iggp:case corridor:goal:test:state-1:atom-2 not-derived 0 ())]
[(iggp:case corridor:goal:test:state-2:atom-1 derived 1 (True))]
[(iggp:case corridor:goal:test:state-2:atom-2 not-derived 0 ())]
[(iggp:case corridor:goal:test:state-3:atom-1 derived 1 (True))]
[(iggp:case corridor:goal:test:state-3:atom-2 not-derived 0 ())]
[(iggp:case corridor:legal:train:state-1:atom-1 derived 1 (True))]
[(iggp:case corridor:legal:train:state-1:atom-2 derived 1 (True))]
[(iggp:case corridor:legal:train:state-1:atom-3 derived 1 (True))]
[(iggp:case corridor:legal:train:state-1:atom-4 derived 1 (True))]
[(iggp:case corridor:legal:train:state-1:atom-5 derived 1 (True))]
[(iggp:case corridor:legal:train:state-1:atom-6 derived 1 (True))]
[(iggp:case corridor:legal:train:state-1:atom-7 derived 1 (True))]
[(iggp:case corridor:legal:train:state-1:atom-8 derived 1 (True))]
[(iggp:case corridor:legal:train:state-2:atom-1 derived 1 (True))]
[(iggp:case corridor:legal:train:state-2:atom-2 derived 1 (True))]
[(iggp:case corridor:legal:train:state-2:atom-3 derived 1 (True))]
[(iggp:case corridor:legal:train:state-2:atom-4 derived 1 (True))]
[(iggp:case corridor:legal:train:state-2:atom-5 derived 1 (True))]
[(iggp:case corridor:legal:train:state-2:atom-6 derived 1 (True))]
[(iggp:case corridor:legal:train:state-2:atom-7 derived 1 (True))]
[(iggp:case corridor:legal:train:state-2:atom-8 derived 1 (True))]
[(iggp:case corridor:legal:train:state-3:atom-1 derived 1 (True))]
[(iggp:case corridor:legal:train:state-3:atom-2 derived 1 (True))]
[(iggp:case corridor:legal:train:state-3:atom-3 derived 1 (True))]
[(iggp:case corridor:legal:train:state-3:atom-4 derived 1 (True))]
[(iggp:case corridor:legal:train:state-3:atom-5 derived 1 (True))]
[(iggp:case corridor:legal:train:state-3:atom-6 derived 1 (True))]
[(iggp:case corridor:legal:train:state-3:atom-7 derived 1 (True))]
[(iggp:case corridor:legal:train:state-3:atom-8 derived 1 (True))]
[(iggp:case corridor:legal:train:state-4:atom-1 derived 1 (True))]
[(iggp:case corridor:legal:train:state-4:atom-2 derived 1 (True))]
[(iggp:case corridor:legal:train:state-4:atom-3 derived 1 (True))]
[(iggp:case corridor:legal:train:state-4:atom-4 derived 1 (True))]
[(iggp:case corridor:legal:train:state-4:atom-5 derived 1 (True))]
[(iggp:case corridor:legal:train:state-4:atom-6 derived 1 (True))]
[(iggp:case corridor:legal:train:state-4:atom-7 derived 1 (True))]
[(iggp:case corridor:legal:train:state-4:atom-8 derived 1 (True))]
[(iggp:case corridor:legal:train:state-5:atom-1 derived 1 (True))]
[(iggp:case corridor:legal:train:state-5:atom-2 derived 1 (True))]
[(iggp:case corridor:legal:train:state-5:atom-3 derived 1 (True))]
[(iggp:case corridor:legal:train:state-5:atom-4 derived 1 (True))]
[(iggp:case corridor:legal:train:state-5:atom-5 derived 1 (True))]
[(iggp:case corridor:legal:train:state-5:atom-6 derived 1 (True))]
[(iggp:case corridor:legal:train:state-5:atom-7 derived 1 (True))]
[(iggp:case corridor:legal:train:state-5:atom-8 derived 1 (True))]
[(iggp:case corridor:legal:train:state-6:atom-1 derived 1 (True))]
[(iggp:case corridor:legal:train:state-6:atom-2 derived 1 (True))]
[(iggp:case corridor:legal:train:state-6:atom-3 derived 1 (True))]
[(iggp:case corridor:legal:train:state-6:atom-4 derived 1 (True))]
[(iggp:case corridor:legal:train:state-6:atom-5 derived 1 (True))]
[(iggp:case corridor:legal:train:state-6:atom-6 derived 1 (True))]
[(iggp:case corridor:legal:train:state-6:atom-7 derived 1 (True))]
[(iggp:case corridor:legal:train:state-6:atom-8 derived 1 (True))]
[(iggp:case corridor:legal:train:state-7:atom-1 derived 1 (True))]
[(iggp:case corridor:legal:train:state-7:atom-2 derived 1 (True))]
[(iggp:case corridor:legal:train:state-7:atom-3 derived 1 (True))]
[(iggp:case corridor:legal:train:state-7:atom-4 derived 1 (True))]
[(iggp:case corridor:legal:train:state-7:atom-5 derived 1 (True))]
[(iggp:case corridor:legal:train:state-7:atom-6 derived 1 (True))]
[(iggp:case corridor:legal:train:state-7:atom-7 derived 1 (True))]
[(iggp:case corridor:legal:train:state-7:atom-8 derived 1 (True))]
[(iggp:case corridor:legal:validate:state-1:atom-1 derived 1 (True))]
[(iggp:case corridor:legal:validate:state-1:atom-2 derived 1 (True))]
[(iggp:case corridor:legal:validate:state-1:atom-3 derived 1 (True))]
[(iggp:case corridor:legal:validate:state-1:atom-4 derived 1 (True))]
[(iggp:case corridor:legal:validate:state-1:atom-5 derived 1 (True))]
[(iggp:case corridor:legal:validate:state-1:atom-6 derived 1 (True))]
[(iggp:case corridor:legal:validate:state-1:atom-7 derived 1 (True))]
[(iggp:case corridor:legal:validate:state-1:atom-8 derived 1 (True))]
[(iggp:case corridor:legal:test:state-1:atom-1 derived 1 (True))]
[(iggp:case corridor:legal:test:state-1:atom-2 derived 1 (True))]
[(iggp:case corridor:legal:test:state-1:atom-3 derived 1 (True))]
[(iggp:case corridor:legal:test:state-1:atom-4 derived 1 (True))]
[(iggp:case corridor:legal:test:state-1:atom-5 derived 1 (True))]
[(iggp:case corridor:legal:test:state-1:atom-6 derived 1 (True))]
[(iggp:case corridor:legal:test:state-1:atom-7 derived 1 (True))]
[(iggp:case corridor:legal:test:state-1:atom-8 derived 1 (True))]
[(iggp:case corridor:legal:test:state-2:atom-1 derived 1 (True))]
[(iggp:case corridor:legal:test:state-2:atom-2 derived 1 (True))]
[(iggp:case corridor:legal:test:state-2:atom-3 derived 1 (True))]
[(iggp:case corridor:legal:test:state-2:atom-4 derived 1 (True))]
[(iggp:case corridor:legal:test:state-2:atom-5 derived 1 (True))]
[(iggp:case corridor:legal:test:state-2:atom-6 derived 1 (True))]
[(iggp:case corridor:legal:test:state-2:atom-7 derived 1 (True))]
[(iggp:case corridor:legal:test:state-2:atom-8 derived 1 (True))]
[(iggp:case corridor:legal:test:state-3:atom-1 derived 1 (True))]
[(iggp:case corridor:legal:test:state-3:atom-2 derived 1 (True))]
[(iggp:case corridor:legal:test:state-3:atom-3 derived 1 (True))]
[(iggp:case corridor:legal:test:state-3:atom-4 derived 1 (True))]
[(iggp:case corridor:legal:test:state-3:atom-5 derived 1 (True))]
[(iggp:case corridor:legal:test:state-3:atom-6 derived 1 (True))]
[(iggp:case corridor:legal:test:state-3:atom-7 derived 1 (True))]
[(iggp:case corridor:legal:test:state-3:atom-8 derived 1 (True))]
[(iggp:case corridor:next:train:state-1:atom-1 derived 2 (True True))]
[(iggp:case corridor:next:train:state-1:atom-2 derived 1 (True))]
[(iggp:case corridor:next:train:state-1:atom-3 not-derived 0 ())]
[(iggp:case corridor:next:train:state-1:atom-4 not-derived 0 ())]
[(iggp:case corridor:next:train:state-1:atom-5 not-derived 0 ())]
[(iggp:case corridor:next:train:state-1:atom-6 not-derived 0 ())]
[(iggp:case corridor:next:train:state-1:atom-7 not-derived 0 ())]
[(iggp:case corridor:next:train:state-1:atom-8 not-derived 0 ())]
[(iggp:case corridor:next:train:state-1:atom-9 not-derived 0 ())]
[(iggp:case corridor:next:train:state-1:atom-10 not-derived 0 ())]
[(iggp:case corridor:next:train:state-1:atom-11 not-derived 0 ())]
[(iggp:case corridor:next:train:state-1:atom-12 not-derived 0 ())]
[(iggp:case corridor:next:train:state-1:atom-13 not-derived 0 ())]
[(iggp:case corridor:next:train:state-1:atom-14 not-derived 0 ())]
[(iggp:case corridor:next:train:state-1:atom-15 not-derived 0 ())]
[(iggp:case corridor:next:train:state-1:atom-16 not-derived 0 ())]
[(iggp:case corridor:next:train:state-1:atom-17 derived 1 (True))]
[(iggp:case corridor:next:train:state-2:atom-1 derived 2 (True True))]
[(iggp:case corridor:next:train:state-2:atom-2 derived 1 (True))]
[(iggp:case corridor:next:train:state-2:atom-3 not-derived 0 ())]
[(iggp:case corridor:next:train:state-2:atom-4 not-derived 0 ())]
[(iggp:case corridor:next:train:state-2:atom-5 not-derived 0 ())]
[(iggp:case corridor:next:train:state-2:atom-6 not-derived 0 ())]
[(iggp:case corridor:next:train:state-2:atom-7 not-derived 0 ())]
[(iggp:case corridor:next:train:state-2:atom-8 not-derived 0 ())]
[(iggp:case corridor:next:train:state-2:atom-9 not-derived 0 ())]
[(iggp:case corridor:next:train:state-2:atom-10 not-derived 0 ())]
[(iggp:case corridor:next:train:state-2:atom-11 not-derived 0 ())]
[(iggp:case corridor:next:train:state-2:atom-12 not-derived 0 ())]
[(iggp:case corridor:next:train:state-2:atom-13 not-derived 0 ())]
[(iggp:case corridor:next:train:state-2:atom-14 derived 1 (True))]
[(iggp:case corridor:next:train:state-2:atom-15 not-derived 0 ())]
[(iggp:case corridor:next:train:state-2:atom-16 not-derived 0 ())]
[(iggp:case corridor:next:train:state-2:atom-17 not-derived 0 ())]
[(iggp:case corridor:next:train:state-3:atom-1 derived 2 (True True))]
[(iggp:case corridor:next:train:state-3:atom-2 derived 1 (True))]
[(iggp:case corridor:next:train:state-3:atom-3 not-derived 0 ())]
[(iggp:case corridor:next:train:state-3:atom-4 not-derived 0 ())]
[(iggp:case corridor:next:train:state-3:atom-5 not-derived 0 ())]
[(iggp:case corridor:next:train:state-3:atom-6 not-derived 0 ())]
[(iggp:case corridor:next:train:state-3:atom-7 not-derived 0 ())]
[(iggp:case corridor:next:train:state-3:atom-8 not-derived 0 ())]
[(iggp:case corridor:next:train:state-3:atom-9 not-derived 0 ())]
[(iggp:case corridor:next:train:state-3:atom-10 not-derived 0 ())]
[(iggp:case corridor:next:train:state-3:atom-11 not-derived 0 ())]
[(iggp:case corridor:next:train:state-3:atom-12 not-derived 0 ())]
[(iggp:case corridor:next:train:state-3:atom-13 not-derived 0 ())]
[(iggp:case corridor:next:train:state-3:atom-14 not-derived 0 ())]
[(iggp:case corridor:next:train:state-3:atom-15 derived 1 (True))]
[(iggp:case corridor:next:train:state-3:atom-16 not-derived 0 ())]
[(iggp:case corridor:next:train:state-3:atom-17 not-derived 0 ())]
[(iggp:case corridor:next:train:state-4:atom-1 derived 1 (True))]
[(iggp:case corridor:next:train:state-4:atom-2 derived 1 (True))]
[(iggp:case corridor:next:train:state-4:atom-3 not-derived 0 ())]
[(iggp:case corridor:next:train:state-4:atom-4 not-derived 0 ())]
[(iggp:case corridor:next:train:state-4:atom-5 not-derived 0 ())]
[(iggp:case corridor:next:train:state-4:atom-6 not-derived 0 ())]
[(iggp:case corridor:next:train:state-4:atom-7 not-derived 0 ())]
[(iggp:case corridor:next:train:state-4:atom-8 not-derived 0 ())]
[(iggp:case corridor:next:train:state-4:atom-9 not-derived 0 ())]
[(iggp:case corridor:next:train:state-4:atom-10 not-derived 0 ())]
[(iggp:case corridor:next:train:state-4:atom-11 not-derived 0 ())]
[(iggp:case corridor:next:train:state-4:atom-12 derived 1 (True))]
[(iggp:case corridor:next:train:state-4:atom-13 not-derived 0 ())]
[(iggp:case corridor:next:train:state-4:atom-14 not-derived 0 ())]
[(iggp:case corridor:next:train:state-4:atom-15 not-derived 0 ())]
[(iggp:case corridor:next:train:state-4:atom-16 not-derived 0 ())]
[(iggp:case corridor:next:train:state-4:atom-17 not-derived 0 ())]
[(iggp:case corridor:next:train:state-5:atom-1 derived 2 (True True))]
[(iggp:case corridor:next:train:state-5:atom-2 derived 1 (True))]
[(iggp:case corridor:next:train:state-5:atom-3 not-derived 0 ())]
[(iggp:case corridor:next:train:state-5:atom-4 not-derived 0 ())]
[(iggp:case corridor:next:train:state-5:atom-5 not-derived 0 ())]
[(iggp:case corridor:next:train:state-5:atom-6 not-derived 0 ())]
[(iggp:case corridor:next:train:state-5:atom-7 not-derived 0 ())]
[(iggp:case corridor:next:train:state-5:atom-8 not-derived 0 ())]
[(iggp:case corridor:next:train:state-5:atom-9 not-derived 0 ())]
[(iggp:case corridor:next:train:state-5:atom-10 not-derived 0 ())]
[(iggp:case corridor:next:train:state-5:atom-11 not-derived 0 ())]
[(iggp:case corridor:next:train:state-5:atom-12 not-derived 0 ())]
[(iggp:case corridor:next:train:state-5:atom-13 not-derived 0 ())]
[(iggp:case corridor:next:train:state-5:atom-14 not-derived 0 ())]
[(iggp:case corridor:next:train:state-5:atom-15 not-derived 0 ())]
[(iggp:case corridor:next:train:state-5:atom-16 derived 1 (True))]
[(iggp:case corridor:next:train:state-5:atom-17 not-derived 0 ())]
[(iggp:case corridor:next:train:state-6:atom-1 derived 2 (True True))]
[(iggp:case corridor:next:train:state-6:atom-2 derived 1 (True))]
[(iggp:case corridor:next:train:state-6:atom-3 not-derived 0 ())]
[(iggp:case corridor:next:train:state-6:atom-4 not-derived 0 ())]
[(iggp:case corridor:next:train:state-6:atom-5 not-derived 0 ())]
[(iggp:case corridor:next:train:state-6:atom-6 not-derived 0 ())]
[(iggp:case corridor:next:train:state-6:atom-7 not-derived 0 ())]
[(iggp:case corridor:next:train:state-6:atom-8 not-derived 0 ())]
[(iggp:case corridor:next:train:state-6:atom-9 not-derived 0 ())]
[(iggp:case corridor:next:train:state-6:atom-10 not-derived 0 ())]
[(iggp:case corridor:next:train:state-6:atom-11 not-derived 0 ())]
[(iggp:case corridor:next:train:state-6:atom-12 not-derived 0 ())]
[(iggp:case corridor:next:train:state-6:atom-13 derived 1 (True))]
[(iggp:case corridor:next:train:state-6:atom-14 not-derived 0 ())]
[(iggp:case corridor:next:train:state-6:atom-15 not-derived 0 ())]
[(iggp:case corridor:next:train:state-6:atom-16 not-derived 0 ())]
[(iggp:case corridor:next:train:state-6:atom-17 not-derived 0 ())]
[(iggp:case corridor:next:train:state-7:atom-1 derived 2 (True True))]
[(iggp:case corridor:next:train:state-7:atom-2 derived 1 (True))]
[(iggp:case corridor:next:train:state-7:atom-3 not-derived 0 ())]
[(iggp:case corridor:next:train:state-7:atom-4 not-derived 0 ())]
[(iggp:case corridor:next:train:state-7:atom-5 not-derived 0 ())]
[(iggp:case corridor:next:train:state-7:atom-6 not-derived 0 ())]
[(iggp:case corridor:next:train:state-7:atom-7 not-derived 0 ())]
[(iggp:case corridor:next:train:state-7:atom-8 not-derived 0 ())]
[(iggp:case corridor:next:train:state-7:atom-9 not-derived 0 ())]
[(iggp:case corridor:next:train:state-7:atom-10 not-derived 0 ())]
[(iggp:case corridor:next:train:state-7:atom-11 not-derived 0 ())]
[(iggp:case corridor:next:train:state-7:atom-12 not-derived 0 ())]
[(iggp:case corridor:next:train:state-7:atom-13 not-derived 0 ())]
[(iggp:case corridor:next:train:state-7:atom-14 not-derived 0 ())]
[(iggp:case corridor:next:train:state-7:atom-15 derived 1 (True))]
[(iggp:case corridor:next:train:state-7:atom-16 not-derived 0 ())]
[(iggp:case corridor:next:train:state-7:atom-17 not-derived 0 ())]
[(iggp:case corridor:next:train:state-8:atom-1 derived 2 (True True))]
[(iggp:case corridor:next:train:state-8:atom-2 derived 1 (True))]
[(iggp:case corridor:next:train:state-8:atom-3 not-derived 0 ())]
[(iggp:case corridor:next:train:state-8:atom-4 not-derived 0 ())]
[(iggp:case corridor:next:train:state-8:atom-5 not-derived 0 ())]
[(iggp:case corridor:next:train:state-8:atom-6 not-derived 0 ())]
[(iggp:case corridor:next:train:state-8:atom-7 not-derived 0 ())]
[(iggp:case corridor:next:train:state-8:atom-8 not-derived 0 ())]
[(iggp:case corridor:next:train:state-8:atom-9 not-derived 0 ())]
[(iggp:case corridor:next:train:state-8:atom-10 not-derived 0 ())]
[(iggp:case corridor:next:train:state-8:atom-11 not-derived 0 ())]
[(iggp:case corridor:next:train:state-8:atom-12 not-derived 0 ())]
[(iggp:case corridor:next:train:state-8:atom-13 not-derived 0 ())]
[(iggp:case corridor:next:train:state-8:atom-14 derived 1 (True))]
[(iggp:case corridor:next:train:state-8:atom-15 not-derived 0 ())]
[(iggp:case corridor:next:train:state-8:atom-16 not-derived 0 ())]
[(iggp:case corridor:next:train:state-8:atom-17 not-derived 0 ())]
[(iggp:case corridor:next:train:state-9:atom-1 derived 1 (True))]
[(iggp:case corridor:next:train:state-9:atom-2 derived 1 (True))]
[(iggp:case corridor:next:train:state-9:atom-3 not-derived 0 ())]
[(iggp:case corridor:next:train:state-9:atom-4 not-derived 0 ())]
[(iggp:case corridor:next:train:state-9:atom-5 not-derived 0 ())]
[(iggp:case corridor:next:train:state-9:atom-6 not-derived 0 ())]
[(iggp:case corridor:next:train:state-9:atom-7 not-derived 0 ())]
[(iggp:case corridor:next:train:state-9:atom-8 not-derived 0 ())]
[(iggp:case corridor:next:train:state-9:atom-9 not-derived 0 ())]
[(iggp:case corridor:next:train:state-9:atom-10 not-derived 0 ())]
[(iggp:case corridor:next:train:state-9:atom-11 derived 1 (True))]
[(iggp:case corridor:next:train:state-9:atom-12 not-derived 0 ())]
[(iggp:case corridor:next:train:state-9:atom-13 not-derived 0 ())]
[(iggp:case corridor:next:train:state-9:atom-14 not-derived 0 ())]
[(iggp:case corridor:next:train:state-9:atom-15 not-derived 0 ())]
[(iggp:case corridor:next:train:state-9:atom-16 not-derived 0 ())]
[(iggp:case corridor:next:train:state-9:atom-17 not-derived 0 ())]
[(iggp:case corridor:next:train:state-10:atom-1 derived 2 (True True))]
[(iggp:case corridor:next:train:state-10:atom-2 derived 1 (True))]
[(iggp:case corridor:next:train:state-10:atom-3 not-derived 0 ())]
[(iggp:case corridor:next:train:state-10:atom-4 not-derived 0 ())]
[(iggp:case corridor:next:train:state-10:atom-5 not-derived 0 ())]
[(iggp:case corridor:next:train:state-10:atom-6 not-derived 0 ())]
[(iggp:case corridor:next:train:state-10:atom-7 not-derived 0 ())]
[(iggp:case corridor:next:train:state-10:atom-8 not-derived 0 ())]
[(iggp:case corridor:next:train:state-10:atom-9 not-derived 0 ())]
[(iggp:case corridor:next:train:state-10:atom-10 not-derived 0 ())]
[(iggp:case corridor:next:train:state-10:atom-11 not-derived 0 ())]
[(iggp:case corridor:next:train:state-10:atom-12 not-derived 0 ())]
[(iggp:case corridor:next:train:state-10:atom-13 not-derived 0 ())]
[(iggp:case corridor:next:train:state-10:atom-14 not-derived 0 ())]
[(iggp:case corridor:next:train:state-10:atom-15 not-derived 0 ())]
[(iggp:case corridor:next:train:state-10:atom-16 not-derived 0 ())]
[(iggp:case corridor:next:train:state-10:atom-17 derived 1 (True))]
[(iggp:case corridor:next:train:state-11:atom-1 derived 1 (True))]
[(iggp:case corridor:next:train:state-11:atom-2 derived 1 (True))]
[(iggp:case corridor:next:train:state-11:atom-3 not-derived 0 ())]
[(iggp:case corridor:next:train:state-11:atom-4 not-derived 0 ())]
[(iggp:case corridor:next:train:state-11:atom-5 not-derived 0 ())]
[(iggp:case corridor:next:train:state-11:atom-6 not-derived 0 ())]
[(iggp:case corridor:next:train:state-11:atom-7 not-derived 0 ())]
[(iggp:case corridor:next:train:state-11:atom-8 not-derived 0 ())]
[(iggp:case corridor:next:train:state-11:atom-9 not-derived 0 ())]
[(iggp:case corridor:next:train:state-11:atom-10 not-derived 0 ())]
[(iggp:case corridor:next:train:state-11:atom-11 derived 1 (True))]
[(iggp:case corridor:next:train:state-11:atom-12 not-derived 0 ())]
[(iggp:case corridor:next:train:state-11:atom-13 not-derived 0 ())]
[(iggp:case corridor:next:train:state-11:atom-14 not-derived 0 ())]
[(iggp:case corridor:next:train:state-11:atom-15 not-derived 0 ())]
[(iggp:case corridor:next:train:state-11:atom-16 not-derived 0 ())]
[(iggp:case corridor:next:train:state-11:atom-17 not-derived 0 ())]
[(iggp:case corridor:next:train:state-12:atom-1 derived 1 (True))]
[(iggp:case corridor:next:train:state-12:atom-2 derived 1 (True))]
[(iggp:case corridor:next:train:state-12:atom-3 not-derived 0 ())]
[(iggp:case corridor:next:train:state-12:atom-4 not-derived 0 ())]
[(iggp:case corridor:next:train:state-12:atom-5 not-derived 0 ())]
[(iggp:case corridor:next:train:state-12:atom-6 not-derived 0 ())]
[(iggp:case corridor:next:train:state-12:atom-7 not-derived 0 ())]
[(iggp:case corridor:next:train:state-12:atom-8 not-derived 0 ())]
[(iggp:case corridor:next:train:state-12:atom-9 not-derived 0 ())]
[(iggp:case corridor:next:train:state-12:atom-10 not-derived 0 ())]
[(iggp:case corridor:next:train:state-12:atom-11 not-derived 0 ())]
[(iggp:case corridor:next:train:state-12:atom-12 derived 1 (True))]
[(iggp:case corridor:next:train:state-12:atom-13 not-derived 0 ())]
[(iggp:case corridor:next:train:state-12:atom-14 not-derived 0 ())]
[(iggp:case corridor:next:train:state-12:atom-15 not-derived 0 ())]
[(iggp:case corridor:next:train:state-12:atom-16 not-derived 0 ())]
[(iggp:case corridor:next:train:state-12:atom-17 not-derived 0 ())]
[(iggp:case corridor:next:train:state-13:atom-1 derived 1 (True))]
[(iggp:case corridor:next:train:state-13:atom-2 derived 1 (True))]
[(iggp:case corridor:next:train:state-13:atom-3 not-derived 0 ())]
[(iggp:case corridor:next:train:state-13:atom-4 not-derived 0 ())]
[(iggp:case corridor:next:train:state-13:atom-5 not-derived 0 ())]
[(iggp:case corridor:next:train:state-13:atom-6 not-derived 0 ())]
[(iggp:case corridor:next:train:state-13:atom-7 not-derived 0 ())]
[(iggp:case corridor:next:train:state-13:atom-8 not-derived 0 ())]
[(iggp:case corridor:next:train:state-13:atom-9 not-derived 0 ())]
[(iggp:case corridor:next:train:state-13:atom-10 not-derived 0 ())]
[(iggp:case corridor:next:train:state-13:atom-11 not-derived 0 ())]
[(iggp:case corridor:next:train:state-13:atom-12 derived 1 (True))]
[(iggp:case corridor:next:train:state-13:atom-13 not-derived 0 ())]
[(iggp:case corridor:next:train:state-13:atom-14 not-derived 0 ())]
[(iggp:case corridor:next:train:state-13:atom-15 not-derived 0 ())]
[(iggp:case corridor:next:train:state-13:atom-16 not-derived 0 ())]
[(iggp:case corridor:next:train:state-13:atom-17 not-derived 0 ())]
[(iggp:case corridor:next:train:state-14:atom-1 derived 2 (True True))]
[(iggp:case corridor:next:train:state-14:atom-2 derived 1 (True))]
[(iggp:case corridor:next:train:state-14:atom-3 not-derived 0 ())]
[(iggp:case corridor:next:train:state-14:atom-4 not-derived 0 ())]
[(iggp:case corridor:next:train:state-14:atom-5 not-derived 0 ())]
[(iggp:case corridor:next:train:state-14:atom-6 not-derived 0 ())]
[(iggp:case corridor:next:train:state-14:atom-7 not-derived 0 ())]
[(iggp:case corridor:next:train:state-14:atom-8 not-derived 0 ())]
[(iggp:case corridor:next:train:state-14:atom-9 not-derived 0 ())]
[(iggp:case corridor:next:train:state-14:atom-10 not-derived 0 ())]
[(iggp:case corridor:next:train:state-14:atom-11 not-derived 0 ())]
[(iggp:case corridor:next:train:state-14:atom-12 derived 1 (True))]
[(iggp:case corridor:next:train:state-14:atom-13 not-derived 0 ())]
[(iggp:case corridor:next:train:state-14:atom-14 not-derived 0 ())]
[(iggp:case corridor:next:train:state-14:atom-15 not-derived 0 ())]
[(iggp:case corridor:next:train:state-14:atom-16 not-derived 0 ())]
[(iggp:case corridor:next:train:state-14:atom-17 not-derived 0 ())]
[(iggp:case corridor:next:train:state-15:atom-1 derived 2 (True True))]
[(iggp:case corridor:next:train:state-15:atom-2 derived 1 (True))]
[(iggp:case corridor:next:train:state-15:atom-3 not-derived 0 ())]
[(iggp:case corridor:next:train:state-15:atom-4 not-derived 0 ())]
[(iggp:case corridor:next:train:state-15:atom-5 not-derived 0 ())]
[(iggp:case corridor:next:train:state-15:atom-6 not-derived 0 ())]
[(iggp:case corridor:next:train:state-15:atom-7 not-derived 0 ())]
[(iggp:case corridor:next:train:state-15:atom-8 not-derived 0 ())]
[(iggp:case corridor:next:train:state-15:atom-9 not-derived 0 ())]
[(iggp:case corridor:next:train:state-15:atom-10 not-derived 0 ())]
[(iggp:case corridor:next:train:state-15:atom-11 not-derived 0 ())]
[(iggp:case corridor:next:train:state-15:atom-12 not-derived 0 ())]
[(iggp:case corridor:next:train:state-15:atom-13 derived 1 (True))]
[(iggp:case corridor:next:train:state-15:atom-14 not-derived 0 ())]
[(iggp:case corridor:next:train:state-15:atom-15 not-derived 0 ())]
[(iggp:case corridor:next:train:state-15:atom-16 not-derived 0 ())]
[(iggp:case corridor:next:train:state-15:atom-17 not-derived 0 ())]
[(iggp:case corridor:next:train:state-16:atom-1 derived 2 (True True))]
[(iggp:case corridor:next:train:state-16:atom-2 derived 1 (True))]
[(iggp:case corridor:next:train:state-16:atom-3 not-derived 0 ())]
[(iggp:case corridor:next:train:state-16:atom-4 not-derived 0 ())]
[(iggp:case corridor:next:train:state-16:atom-5 not-derived 0 ())]
[(iggp:case corridor:next:train:state-16:atom-6 not-derived 0 ())]
[(iggp:case corridor:next:train:state-16:atom-7 not-derived 0 ())]
[(iggp:case corridor:next:train:state-16:atom-8 not-derived 0 ())]
[(iggp:case corridor:next:train:state-16:atom-9 not-derived 0 ())]
[(iggp:case corridor:next:train:state-16:atom-10 not-derived 0 ())]
[(iggp:case corridor:next:train:state-16:atom-11 not-derived 0 ())]
[(iggp:case corridor:next:train:state-16:atom-12 not-derived 0 ())]
[(iggp:case corridor:next:train:state-16:atom-13 not-derived 0 ())]
[(iggp:case corridor:next:train:state-16:atom-14 not-derived 0 ())]
[(iggp:case corridor:next:train:state-16:atom-15 derived 1 (True))]
[(iggp:case corridor:next:train:state-16:atom-16 not-derived 0 ())]
[(iggp:case corridor:next:train:state-16:atom-17 not-derived 0 ())]
[(iggp:case corridor:next:train:state-17:atom-1 derived 2 (True True))]
[(iggp:case corridor:next:train:state-17:atom-2 derived 1 (True))]
[(iggp:case corridor:next:train:state-17:atom-3 not-derived 0 ())]
[(iggp:case corridor:next:train:state-17:atom-4 not-derived 0 ())]
[(iggp:case corridor:next:train:state-17:atom-5 not-derived 0 ())]
[(iggp:case corridor:next:train:state-17:atom-6 not-derived 0 ())]
[(iggp:case corridor:next:train:state-17:atom-7 not-derived 0 ())]
[(iggp:case corridor:next:train:state-17:atom-8 not-derived 0 ())]
[(iggp:case corridor:next:train:state-17:atom-9 not-derived 0 ())]
[(iggp:case corridor:next:train:state-17:atom-10 not-derived 0 ())]
[(iggp:case corridor:next:train:state-17:atom-11 not-derived 0 ())]
[(iggp:case corridor:next:train:state-17:atom-12 not-derived 0 ())]
[(iggp:case corridor:next:train:state-17:atom-13 not-derived 0 ())]
[(iggp:case corridor:next:train:state-17:atom-14 not-derived 0 ())]
[(iggp:case corridor:next:train:state-17:atom-15 not-derived 0 ())]
[(iggp:case corridor:next:train:state-17:atom-16 derived 1 (True))]
[(iggp:case corridor:next:train:state-17:atom-17 not-derived 0 ())]
[(iggp:case corridor:next:train:state-18:atom-1 derived 1 (True))]
[(iggp:case corridor:next:train:state-18:atom-2 derived 1 (True))]
[(iggp:case corridor:next:train:state-18:atom-3 not-derived 0 ())]
[(iggp:case corridor:next:train:state-18:atom-4 not-derived 0 ())]
[(iggp:case corridor:next:train:state-18:atom-5 not-derived 0 ())]
[(iggp:case corridor:next:train:state-18:atom-6 not-derived 0 ())]
[(iggp:case corridor:next:train:state-18:atom-7 not-derived 0 ())]
[(iggp:case corridor:next:train:state-18:atom-8 not-derived 0 ())]
[(iggp:case corridor:next:train:state-18:atom-9 not-derived 0 ())]
[(iggp:case corridor:next:train:state-18:atom-10 not-derived 0 ())]
[(iggp:case corridor:next:train:state-18:atom-11 not-derived 0 ())]
[(iggp:case corridor:next:train:state-18:atom-12 not-derived 0 ())]
[(iggp:case corridor:next:train:state-18:atom-13 derived 1 (True))]
[(iggp:case corridor:next:train:state-18:atom-14 not-derived 0 ())]
[(iggp:case corridor:next:train:state-18:atom-15 not-derived 0 ())]
[(iggp:case corridor:next:train:state-18:atom-16 not-derived 0 ())]
[(iggp:case corridor:next:train:state-18:atom-17 not-derived 0 ())]
[(iggp:case corridor:next:train:state-19:atom-1 derived 2 (True True))]
[(iggp:case corridor:next:train:state-19:atom-2 derived 1 (True))]
[(iggp:case corridor:next:train:state-19:atom-3 not-derived 0 ())]
[(iggp:case corridor:next:train:state-19:atom-4 not-derived 0 ())]
[(iggp:case corridor:next:train:state-19:atom-5 not-derived 0 ())]
[(iggp:case corridor:next:train:state-19:atom-6 not-derived 0 ())]
[(iggp:case corridor:next:train:state-19:atom-7 not-derived 0 ())]
[(iggp:case corridor:next:train:state-19:atom-8 not-derived 0 ())]
[(iggp:case corridor:next:train:state-19:atom-9 not-derived 0 ())]
[(iggp:case corridor:next:train:state-19:atom-10 not-derived 0 ())]
[(iggp:case corridor:next:train:state-19:atom-11 not-derived 0 ())]
[(iggp:case corridor:next:train:state-19:atom-12 not-derived 0 ())]
[(iggp:case corridor:next:train:state-19:atom-13 not-derived 0 ())]
[(iggp:case corridor:next:train:state-19:atom-14 not-derived 0 ())]
[(iggp:case corridor:next:train:state-19:atom-15 not-derived 0 ())]
[(iggp:case corridor:next:train:state-19:atom-16 not-derived 0 ())]
[(iggp:case corridor:next:train:state-19:atom-17 derived 1 (True))]
[(iggp:case corridor:next:train:state-20:atom-1 derived 2 (True True))]
[(iggp:case corridor:next:train:state-20:atom-2 derived 1 (True))]
[(iggp:case corridor:next:train:state-20:atom-3 not-derived 0 ())]
[(iggp:case corridor:next:train:state-20:atom-4 not-derived 0 ())]
[(iggp:case corridor:next:train:state-20:atom-5 not-derived 0 ())]
[(iggp:case corridor:next:train:state-20:atom-6 not-derived 0 ())]
[(iggp:case corridor:next:train:state-20:atom-7 not-derived 0 ())]
[(iggp:case corridor:next:train:state-20:atom-8 not-derived 0 ())]
[(iggp:case corridor:next:train:state-20:atom-9 not-derived 0 ())]
[(iggp:case corridor:next:train:state-20:atom-10 not-derived 0 ())]
[(iggp:case corridor:next:train:state-20:atom-11 not-derived 0 ())]
[(iggp:case corridor:next:train:state-20:atom-12 not-derived 0 ())]
[(iggp:case corridor:next:train:state-20:atom-13 not-derived 0 ())]
[(iggp:case corridor:next:train:state-20:atom-14 not-derived 0 ())]
[(iggp:case corridor:next:train:state-20:atom-15 not-derived 0 ())]
[(iggp:case corridor:next:train:state-20:atom-16 derived 1 (True))]
[(iggp:case corridor:next:train:state-20:atom-17 not-derived 0 ())]
[(iggp:case corridor:next:train:state-21:atom-1 derived 2 (True True))]
[(iggp:case corridor:next:train:state-21:atom-2 derived 1 (True))]
[(iggp:case corridor:next:train:state-21:atom-3 not-derived 0 ())]
[(iggp:case corridor:next:train:state-21:atom-4 not-derived 0 ())]
[(iggp:case corridor:next:train:state-21:atom-5 not-derived 0 ())]
[(iggp:case corridor:next:train:state-21:atom-6 not-derived 0 ())]
[(iggp:case corridor:next:train:state-21:atom-7 not-derived 0 ())]
[(iggp:case corridor:next:train:state-21:atom-8 not-derived 0 ())]
[(iggp:case corridor:next:train:state-21:atom-9 not-derived 0 ())]
[(iggp:case corridor:next:train:state-21:atom-10 not-derived 0 ())]
[(iggp:case corridor:next:train:state-21:atom-11 not-derived 0 ())]
[(iggp:case corridor:next:train:state-21:atom-12 derived 1 (True))]
[(iggp:case corridor:next:train:state-21:atom-13 not-derived 0 ())]
[(iggp:case corridor:next:train:state-21:atom-14 not-derived 0 ())]
[(iggp:case corridor:next:train:state-21:atom-15 not-derived 0 ())]
[(iggp:case corridor:next:train:state-21:atom-16 not-derived 0 ())]
[(iggp:case corridor:next:train:state-21:atom-17 not-derived 0 ())]
[(iggp:case corridor:next:train:state-22:atom-1 derived 2 (True True))]
[(iggp:case corridor:next:train:state-22:atom-2 derived 1 (True))]
[(iggp:case corridor:next:train:state-22:atom-3 not-derived 0 ())]
[(iggp:case corridor:next:train:state-22:atom-4 not-derived 0 ())]
[(iggp:case corridor:next:train:state-22:atom-5 not-derived 0 ())]
[(iggp:case corridor:next:train:state-22:atom-6 not-derived 0 ())]
[(iggp:case corridor:next:train:state-22:atom-7 not-derived 0 ())]
[(iggp:case corridor:next:train:state-22:atom-8 not-derived 0 ())]
[(iggp:case corridor:next:train:state-22:atom-9 not-derived 0 ())]
[(iggp:case corridor:next:train:state-22:atom-10 not-derived 0 ())]
[(iggp:case corridor:next:train:state-22:atom-11 not-derived 0 ())]
[(iggp:case corridor:next:train:state-22:atom-12 not-derived 0 ())]
[(iggp:case corridor:next:train:state-22:atom-13 not-derived 0 ())]
[(iggp:case corridor:next:train:state-22:atom-14 not-derived 0 ())]
[(iggp:case corridor:next:train:state-22:atom-15 not-derived 0 ())]
[(iggp:case corridor:next:train:state-22:atom-16 derived 1 (True))]
[(iggp:case corridor:next:train:state-22:atom-17 not-derived 0 ())]
[(iggp:case corridor:next:train:state-23:atom-1 derived 2 (True True))]
[(iggp:case corridor:next:train:state-23:atom-2 derived 1 (True))]
[(iggp:case corridor:next:train:state-23:atom-3 not-derived 0 ())]
[(iggp:case corridor:next:train:state-23:atom-4 not-derived 0 ())]
[(iggp:case corridor:next:train:state-23:atom-5 not-derived 0 ())]
[(iggp:case corridor:next:train:state-23:atom-6 not-derived 0 ())]
[(iggp:case corridor:next:train:state-23:atom-7 not-derived 0 ())]
[(iggp:case corridor:next:train:state-23:atom-8 not-derived 0 ())]
[(iggp:case corridor:next:train:state-23:atom-9 not-derived 0 ())]
[(iggp:case corridor:next:train:state-23:atom-10 not-derived 0 ())]
[(iggp:case corridor:next:train:state-23:atom-11 not-derived 0 ())]
[(iggp:case corridor:next:train:state-23:atom-12 not-derived 0 ())]
[(iggp:case corridor:next:train:state-23:atom-13 not-derived 0 ())]
[(iggp:case corridor:next:train:state-23:atom-14 not-derived 0 ())]
[(iggp:case corridor:next:train:state-23:atom-15 derived 1 (True))]
[(iggp:case corridor:next:train:state-23:atom-16 not-derived 0 ())]
[(iggp:case corridor:next:train:state-23:atom-17 not-derived 0 ())]
[(iggp:case corridor:next:train:state-24:atom-1 derived 2 (True True))]
[(iggp:case corridor:next:train:state-24:atom-2 derived 1 (True))]
[(iggp:case corridor:next:train:state-24:atom-3 not-derived 0 ())]
[(iggp:case corridor:next:train:state-24:atom-4 not-derived 0 ())]
[(iggp:case corridor:next:train:state-24:atom-5 not-derived 0 ())]
[(iggp:case corridor:next:train:state-24:atom-6 not-derived 0 ())]
[(iggp:case corridor:next:train:state-24:atom-7 not-derived 0 ())]
[(iggp:case corridor:next:train:state-24:atom-8 not-derived 0 ())]
[(iggp:case corridor:next:train:state-24:atom-9 not-derived 0 ())]
[(iggp:case corridor:next:train:state-24:atom-10 not-derived 0 ())]
[(iggp:case corridor:next:train:state-24:atom-11 not-derived 0 ())]
[(iggp:case corridor:next:train:state-24:atom-12 not-derived 0 ())]
[(iggp:case corridor:next:train:state-24:atom-13 not-derived 0 ())]
[(iggp:case corridor:next:train:state-24:atom-14 not-derived 0 ())]
[(iggp:case corridor:next:train:state-24:atom-15 derived 1 (True))]
[(iggp:case corridor:next:train:state-24:atom-16 not-derived 0 ())]
[(iggp:case corridor:next:train:state-24:atom-17 not-derived 0 ())]
[(iggp:case corridor:next:train:state-25:atom-1 derived 2 (True True))]
[(iggp:case corridor:next:train:state-25:atom-2 derived 1 (True))]
[(iggp:case corridor:next:train:state-25:atom-3 not-derived 0 ())]
[(iggp:case corridor:next:train:state-25:atom-4 not-derived 0 ())]
[(iggp:case corridor:next:train:state-25:atom-5 not-derived 0 ())]
[(iggp:case corridor:next:train:state-25:atom-6 not-derived 0 ())]
[(iggp:case corridor:next:train:state-25:atom-7 not-derived 0 ())]
[(iggp:case corridor:next:train:state-25:atom-8 not-derived 0 ())]
[(iggp:case corridor:next:train:state-25:atom-9 not-derived 0 ())]
[(iggp:case corridor:next:train:state-25:atom-10 not-derived 0 ())]
[(iggp:case corridor:next:train:state-25:atom-11 not-derived 0 ())]
[(iggp:case corridor:next:train:state-25:atom-12 not-derived 0 ())]
[(iggp:case corridor:next:train:state-25:atom-13 not-derived 0 ())]
[(iggp:case corridor:next:train:state-25:atom-14 not-derived 0 ())]
[(iggp:case corridor:next:train:state-25:atom-15 not-derived 0 ())]
[(iggp:case corridor:next:train:state-25:atom-16 derived 1 (True))]
[(iggp:case corridor:next:train:state-25:atom-17 not-derived 0 ())]
[(iggp:case corridor:next:train:state-26:atom-1 derived 1 (True))]
[(iggp:case corridor:next:train:state-26:atom-2 derived 1 (True))]
[(iggp:case corridor:next:train:state-26:atom-3 not-derived 0 ())]
[(iggp:case corridor:next:train:state-26:atom-4 not-derived 0 ())]
[(iggp:case corridor:next:train:state-26:atom-5 not-derived 0 ())]
[(iggp:case corridor:next:train:state-26:atom-6 not-derived 0 ())]
[(iggp:case corridor:next:train:state-26:atom-7 not-derived 0 ())]
[(iggp:case corridor:next:train:state-26:atom-8 not-derived 0 ())]
[(iggp:case corridor:next:train:state-26:atom-9 not-derived 0 ())]
[(iggp:case corridor:next:train:state-26:atom-10 not-derived 0 ())]
[(iggp:case corridor:next:train:state-26:atom-11 not-derived 0 ())]
[(iggp:case corridor:next:train:state-26:atom-12 not-derived 0 ())]
[(iggp:case corridor:next:train:state-26:atom-13 not-derived 0 ())]
[(iggp:case corridor:next:train:state-26:atom-14 derived 1 (True))]
[(iggp:case corridor:next:train:state-26:atom-15 not-derived 0 ())]
[(iggp:case corridor:next:train:state-26:atom-16 not-derived 0 ())]
[(iggp:case corridor:next:train:state-26:atom-17 not-derived 0 ())]
[(iggp:case corridor:next:train:state-27:atom-1 derived 1 (True))]
[(iggp:case corridor:next:train:state-27:atom-2 derived 1 (True))]
[(iggp:case corridor:next:train:state-27:atom-3 not-derived 0 ())]
[(iggp:case corridor:next:train:state-27:atom-4 not-derived 0 ())]
[(iggp:case corridor:next:train:state-27:atom-5 not-derived 0 ())]
[(iggp:case corridor:next:train:state-27:atom-6 not-derived 0 ())]
[(iggp:case corridor:next:train:state-27:atom-7 not-derived 0 ())]
[(iggp:case corridor:next:train:state-27:atom-8 not-derived 0 ())]
[(iggp:case corridor:next:train:state-27:atom-9 not-derived 0 ())]
[(iggp:case corridor:next:train:state-27:atom-10 not-derived 0 ())]
[(iggp:case corridor:next:train:state-27:atom-11 not-derived 0 ())]
[(iggp:case corridor:next:train:state-27:atom-12 derived 1 (True))]
[(iggp:case corridor:next:train:state-27:atom-13 not-derived 0 ())]
[(iggp:case corridor:next:train:state-27:atom-14 not-derived 0 ())]
[(iggp:case corridor:next:train:state-27:atom-15 not-derived 0 ())]
[(iggp:case corridor:next:train:state-27:atom-16 not-derived 0 ())]
[(iggp:case corridor:next:train:state-27:atom-17 not-derived 0 ())]
[(iggp:case corridor:next:train:state-28:atom-1 derived 2 (True True))]
[(iggp:case corridor:next:train:state-28:atom-2 derived 1 (True))]
[(iggp:case corridor:next:train:state-28:atom-3 not-derived 0 ())]
[(iggp:case corridor:next:train:state-28:atom-4 not-derived 0 ())]
[(iggp:case corridor:next:train:state-28:atom-5 not-derived 0 ())]
[(iggp:case corridor:next:train:state-28:atom-6 not-derived 0 ())]
[(iggp:case corridor:next:train:state-28:atom-7 not-derived 0 ())]
[(iggp:case corridor:next:train:state-28:atom-8 not-derived 0 ())]
[(iggp:case corridor:next:train:state-28:atom-9 not-derived 0 ())]
[(iggp:case corridor:next:train:state-28:atom-10 not-derived 0 ())]
[(iggp:case corridor:next:train:state-28:atom-11 not-derived 0 ())]
[(iggp:case corridor:next:train:state-28:atom-12 not-derived 0 ())]
[(iggp:case corridor:next:train:state-28:atom-13 not-derived 0 ())]
[(iggp:case corridor:next:train:state-28:atom-14 not-derived 0 ())]
[(iggp:case corridor:next:train:state-28:atom-15 derived 1 (True))]
[(iggp:case corridor:next:train:state-28:atom-16 not-derived 0 ())]
[(iggp:case corridor:next:train:state-28:atom-17 not-derived 0 ())]
[(iggp:case corridor:next:train:state-29:atom-1 derived 1 (True))]
[(iggp:case corridor:next:train:state-29:atom-2 not-derived 0 ())]
[(iggp:case corridor:next:train:state-29:atom-3 not-derived 0 ())]
[(iggp:case corridor:next:train:state-29:atom-4 not-derived 0 ())]
[(iggp:case corridor:next:train:state-29:atom-5 not-derived 0 ())]
[(iggp:case corridor:next:train:state-29:atom-6 not-derived 0 ())]
[(iggp:case corridor:next:train:state-29:atom-7 not-derived 0 ())]
[(iggp:case corridor:next:train:state-29:atom-8 not-derived 0 ())]
[(iggp:case corridor:next:train:state-29:atom-9 not-derived 0 ())]
[(iggp:case corridor:next:train:state-29:atom-10 not-derived 0 ())]
[(iggp:case corridor:next:train:state-29:atom-11 not-derived 0 ())]
[(iggp:case corridor:next:train:state-29:atom-12 not-derived 0 ())]
[(iggp:case corridor:next:train:state-29:atom-13 not-derived 0 ())]
[(iggp:case corridor:next:train:state-29:atom-14 not-derived 0 ())]
[(iggp:case corridor:next:train:state-29:atom-15 not-derived 0 ())]
[(iggp:case corridor:next:train:state-29:atom-16 not-derived 0 ())]
[(iggp:case corridor:next:train:state-29:atom-17 not-derived 0 ())]
[(iggp:case corridor:next:train:state-30:atom-1 derived 1 (True))]
[(iggp:case corridor:next:train:state-30:atom-2 derived 1 (True))]
[(iggp:case corridor:next:train:state-30:atom-3 not-derived 0 ())]
[(iggp:case corridor:next:train:state-30:atom-4 not-derived 0 ())]
[(iggp:case corridor:next:train:state-30:atom-5 not-derived 0 ())]
[(iggp:case corridor:next:train:state-30:atom-6 not-derived 0 ())]
[(iggp:case corridor:next:train:state-30:atom-7 not-derived 0 ())]
[(iggp:case corridor:next:train:state-30:atom-8 not-derived 0 ())]
[(iggp:case corridor:next:train:state-30:atom-9 not-derived 0 ())]
[(iggp:case corridor:next:train:state-30:atom-10 not-derived 0 ())]
[(iggp:case corridor:next:train:state-30:atom-11 not-derived 0 ())]
[(iggp:case corridor:next:train:state-30:atom-12 not-derived 0 ())]
[(iggp:case corridor:next:train:state-30:atom-13 not-derived 0 ())]
[(iggp:case corridor:next:train:state-30:atom-14 not-derived 0 ())]
[(iggp:case corridor:next:train:state-30:atom-15 derived 1 (True))]
[(iggp:case corridor:next:train:state-30:atom-16 not-derived 0 ())]
[(iggp:case corridor:next:train:state-30:atom-17 not-derived 0 ())]
[(iggp:case corridor:next:train:state-31:atom-1 derived 2 (True True))]
[(iggp:case corridor:next:train:state-31:atom-2 derived 1 (True))]
[(iggp:case corridor:next:train:state-31:atom-3 not-derived 0 ())]
[(iggp:case corridor:next:train:state-31:atom-4 not-derived 0 ())]
[(iggp:case corridor:next:train:state-31:atom-5 not-derived 0 ())]
[(iggp:case corridor:next:train:state-31:atom-6 not-derived 0 ())]
[(iggp:case corridor:next:train:state-31:atom-7 not-derived 0 ())]
[(iggp:case corridor:next:train:state-31:atom-8 not-derived 0 ())]
[(iggp:case corridor:next:train:state-31:atom-9 not-derived 0 ())]
[(iggp:case corridor:next:train:state-31:atom-10 not-derived 0 ())]
[(iggp:case corridor:next:train:state-31:atom-11 not-derived 0 ())]
[(iggp:case corridor:next:train:state-31:atom-12 derived 1 (True))]
[(iggp:case corridor:next:train:state-31:atom-13 not-derived 0 ())]
[(iggp:case corridor:next:train:state-31:atom-14 not-derived 0 ())]
[(iggp:case corridor:next:train:state-31:atom-15 not-derived 0 ())]
[(iggp:case corridor:next:train:state-31:atom-16 not-derived 0 ())]
[(iggp:case corridor:next:train:state-31:atom-17 not-derived 0 ())]
[(iggp:case corridor:next:train:state-32:atom-1 derived 1 (True))]
[(iggp:case corridor:next:train:state-32:atom-2 derived 1 (True))]
[(iggp:case corridor:next:train:state-32:atom-3 not-derived 0 ())]
[(iggp:case corridor:next:train:state-32:atom-4 not-derived 0 ())]
[(iggp:case corridor:next:train:state-32:atom-5 not-derived 0 ())]
[(iggp:case corridor:next:train:state-32:atom-6 not-derived 0 ())]
[(iggp:case corridor:next:train:state-32:atom-7 not-derived 0 ())]
[(iggp:case corridor:next:train:state-32:atom-8 not-derived 0 ())]
[(iggp:case corridor:next:train:state-32:atom-9 not-derived 0 ())]
[(iggp:case corridor:next:train:state-32:atom-10 not-derived 0 ())]
[(iggp:case corridor:next:train:state-32:atom-11 not-derived 0 ())]
[(iggp:case corridor:next:train:state-32:atom-12 derived 1 (True))]
[(iggp:case corridor:next:train:state-32:atom-13 not-derived 0 ())]
[(iggp:case corridor:next:train:state-32:atom-14 not-derived 0 ())]
[(iggp:case corridor:next:train:state-32:atom-15 not-derived 0 ())]
[(iggp:case corridor:next:train:state-32:atom-16 not-derived 0 ())]
[(iggp:case corridor:next:train:state-32:atom-17 not-derived 0 ())]
[(iggp:case corridor:next:train:state-33:atom-1 derived 2 (True True))]
[(iggp:case corridor:next:train:state-33:atom-2 derived 1 (True))]
[(iggp:case corridor:next:train:state-33:atom-3 not-derived 0 ())]
[(iggp:case corridor:next:train:state-33:atom-4 not-derived 0 ())]
[(iggp:case corridor:next:train:state-33:atom-5 not-derived 0 ())]
[(iggp:case corridor:next:train:state-33:atom-6 not-derived 0 ())]
[(iggp:case corridor:next:train:state-33:atom-7 not-derived 0 ())]
[(iggp:case corridor:next:train:state-33:atom-8 not-derived 0 ())]
[(iggp:case corridor:next:train:state-33:atom-9 not-derived 0 ())]
[(iggp:case corridor:next:train:state-33:atom-10 not-derived 0 ())]
[(iggp:case corridor:next:train:state-33:atom-11 not-derived 0 ())]
[(iggp:case corridor:next:train:state-33:atom-12 not-derived 0 ())]
[(iggp:case corridor:next:train:state-33:atom-13 not-derived 0 ())]
[(iggp:case corridor:next:train:state-33:atom-14 derived 1 (True))]
[(iggp:case corridor:next:train:state-33:atom-15 not-derived 0 ())]
[(iggp:case corridor:next:train:state-33:atom-16 not-derived 0 ())]
[(iggp:case corridor:next:train:state-33:atom-17 not-derived 0 ())]
[(iggp:case corridor:next:train:state-34:atom-1 derived 1 (True))]
[(iggp:case corridor:next:train:state-34:atom-2 derived 1 (True))]
[(iggp:case corridor:next:train:state-34:atom-3 not-derived 0 ())]
[(iggp:case corridor:next:train:state-34:atom-4 not-derived 0 ())]
[(iggp:case corridor:next:train:state-34:atom-5 not-derived 0 ())]
[(iggp:case corridor:next:train:state-34:atom-6 not-derived 0 ())]
[(iggp:case corridor:next:train:state-34:atom-7 not-derived 0 ())]
[(iggp:case corridor:next:train:state-34:atom-8 not-derived 0 ())]
[(iggp:case corridor:next:train:state-34:atom-9 not-derived 0 ())]
[(iggp:case corridor:next:train:state-34:atom-10 not-derived 0 ())]
[(iggp:case corridor:next:train:state-34:atom-11 derived 1 (True))]
[(iggp:case corridor:next:train:state-34:atom-12 not-derived 0 ())]
[(iggp:case corridor:next:train:state-34:atom-13 not-derived 0 ())]
[(iggp:case corridor:next:train:state-34:atom-14 not-derived 0 ())]
[(iggp:case corridor:next:train:state-34:atom-15 not-derived 0 ())]
[(iggp:case corridor:next:train:state-34:atom-16 not-derived 0 ())]
[(iggp:case corridor:next:train:state-34:atom-17 not-derived 0 ())]
[(iggp:case corridor:next:train:state-35:atom-1 derived 2 (True True))]
[(iggp:case corridor:next:train:state-35:atom-2 derived 1 (True))]
[(iggp:case corridor:next:train:state-35:atom-3 not-derived 0 ())]
[(iggp:case corridor:next:train:state-35:atom-4 not-derived 0 ())]
[(iggp:case corridor:next:train:state-35:atom-5 not-derived 0 ())]
[(iggp:case corridor:next:train:state-35:atom-6 not-derived 0 ())]
[(iggp:case corridor:next:train:state-35:atom-7 not-derived 0 ())]
[(iggp:case corridor:next:train:state-35:atom-8 not-derived 0 ())]
[(iggp:case corridor:next:train:state-35:atom-9 not-derived 0 ())]
[(iggp:case corridor:next:train:state-35:atom-10 not-derived 0 ())]
[(iggp:case corridor:next:train:state-35:atom-11 not-derived 0 ())]
[(iggp:case corridor:next:train:state-35:atom-12 not-derived 0 ())]
[(iggp:case corridor:next:train:state-35:atom-13 not-derived 0 ())]
[(iggp:case corridor:next:train:state-35:atom-14 derived 1 (True))]
[(iggp:case corridor:next:train:state-35:atom-15 not-derived 0 ())]
[(iggp:case corridor:next:train:state-35:atom-16 not-derived 0 ())]
[(iggp:case corridor:next:train:state-35:atom-17 not-derived 0 ())]
[(iggp:case corridor:next:train:state-36:atom-1 derived 2 (True True))]
[(iggp:case corridor:next:train:state-36:atom-2 derived 1 (True))]
[(iggp:case corridor:next:train:state-36:atom-3 not-derived 0 ())]
[(iggp:case corridor:next:train:state-36:atom-4 not-derived 0 ())]
[(iggp:case corridor:next:train:state-36:atom-5 not-derived 0 ())]
[(iggp:case corridor:next:train:state-36:atom-6 not-derived 0 ())]
[(iggp:case corridor:next:train:state-36:atom-7 not-derived 0 ())]
[(iggp:case corridor:next:train:state-36:atom-8 not-derived 0 ())]
[(iggp:case corridor:next:train:state-36:atom-9 not-derived 0 ())]
[(iggp:case corridor:next:train:state-36:atom-10 not-derived 0 ())]
[(iggp:case corridor:next:train:state-36:atom-11 not-derived 0 ())]
[(iggp:case corridor:next:train:state-36:atom-12 not-derived 0 ())]
[(iggp:case corridor:next:train:state-36:atom-13 not-derived 0 ())]
[(iggp:case corridor:next:train:state-36:atom-14 not-derived 0 ())]
[(iggp:case corridor:next:train:state-36:atom-15 not-derived 0 ())]
[(iggp:case corridor:next:train:state-36:atom-16 not-derived 0 ())]
[(iggp:case corridor:next:train:state-36:atom-17 derived 1 (True))]
[(iggp:case corridor:next:train:state-37:atom-1 not-derived 0 ())]
[(iggp:case corridor:next:train:state-37:atom-2 derived 1 (True))]
[(iggp:case corridor:next:train:state-37:atom-3 derived 1 (True))]
[(iggp:case corridor:next:train:state-37:atom-4 not-derived 0 ())]
[(iggp:case corridor:next:train:state-37:atom-5 not-derived 0 ())]
[(iggp:case corridor:next:train:state-37:atom-6 not-derived 0 ())]
[(iggp:case corridor:next:train:state-37:atom-7 not-derived 0 ())]
[(iggp:case corridor:next:train:state-37:atom-8 not-derived 0 ())]
[(iggp:case corridor:next:train:state-37:atom-9 not-derived 0 ())]
[(iggp:case corridor:next:train:state-37:atom-10 not-derived 0 ())]
[(iggp:case corridor:next:train:state-37:atom-11 derived 1 (True))]
[(iggp:case corridor:next:train:state-37:atom-12 not-derived 0 ())]
[(iggp:case corridor:next:train:state-37:atom-13 not-derived 0 ())]
[(iggp:case corridor:next:train:state-37:atom-14 not-derived 0 ())]
[(iggp:case corridor:next:train:state-37:atom-15 not-derived 0 ())]
[(iggp:case corridor:next:train:state-37:atom-16 not-derived 0 ())]
[(iggp:case corridor:next:train:state-37:atom-17 not-derived 0 ())]
[(iggp:case corridor:next:train:state-38:atom-1 derived 2 (True True))]
[(iggp:case corridor:next:train:state-38:atom-2 derived 1 (True))]
[(iggp:case corridor:next:train:state-38:atom-3 not-derived 0 ())]
[(iggp:case corridor:next:train:state-38:atom-4 not-derived 0 ())]
[(iggp:case corridor:next:train:state-38:atom-5 not-derived 0 ())]
[(iggp:case corridor:next:train:state-38:atom-6 not-derived 0 ())]
[(iggp:case corridor:next:train:state-38:atom-7 not-derived 0 ())]
[(iggp:case corridor:next:train:state-38:atom-8 not-derived 0 ())]
[(iggp:case corridor:next:train:state-38:atom-9 not-derived 0 ())]
[(iggp:case corridor:next:train:state-38:atom-10 not-derived 0 ())]
[(iggp:case corridor:next:train:state-38:atom-11 not-derived 0 ())]
[(iggp:case corridor:next:train:state-38:atom-12 not-derived 0 ())]
[(iggp:case corridor:next:train:state-38:atom-13 not-derived 0 ())]
[(iggp:case corridor:next:train:state-38:atom-14 not-derived 0 ())]
[(iggp:case corridor:next:train:state-38:atom-15 not-derived 0 ())]
[(iggp:case corridor:next:train:state-38:atom-16 not-derived 0 ())]
[(iggp:case corridor:next:train:state-38:atom-17 derived 1 (True))]
[(iggp:case corridor:next:train:state-39:atom-1 derived 2 (True True))]
[(iggp:case corridor:next:train:state-39:atom-2 derived 1 (True))]
[(iggp:case corridor:next:train:state-39:atom-3 not-derived 0 ())]
[(iggp:case corridor:next:train:state-39:atom-4 not-derived 0 ())]
[(iggp:case corridor:next:train:state-39:atom-5 not-derived 0 ())]
[(iggp:case corridor:next:train:state-39:atom-6 not-derived 0 ())]
[(iggp:case corridor:next:train:state-39:atom-7 not-derived 0 ())]
[(iggp:case corridor:next:train:state-39:atom-8 not-derived 0 ())]
[(iggp:case corridor:next:train:state-39:atom-9 not-derived 0 ())]
[(iggp:case corridor:next:train:state-39:atom-10 not-derived 0 ())]
[(iggp:case corridor:next:train:state-39:atom-11 not-derived 0 ())]
[(iggp:case corridor:next:train:state-39:atom-12 not-derived 0 ())]
[(iggp:case corridor:next:train:state-39:atom-13 not-derived 0 ())]
[(iggp:case corridor:next:train:state-39:atom-14 not-derived 0 ())]
[(iggp:case corridor:next:train:state-39:atom-15 not-derived 0 ())]
[(iggp:case corridor:next:train:state-39:atom-16 derived 1 (True))]
[(iggp:case corridor:next:train:state-39:atom-17 not-derived 0 ())]
[(iggp:case corridor:next:train:state-40:atom-1 derived 1 (True))]
[(iggp:case corridor:next:train:state-40:atom-2 derived 1 (True))]
[(iggp:case corridor:next:train:state-40:atom-3 not-derived 0 ())]
[(iggp:case corridor:next:train:state-40:atom-4 not-derived 0 ())]
[(iggp:case corridor:next:train:state-40:atom-5 not-derived 0 ())]
[(iggp:case corridor:next:train:state-40:atom-6 not-derived 0 ())]
[(iggp:case corridor:next:train:state-40:atom-7 not-derived 0 ())]
[(iggp:case corridor:next:train:state-40:atom-8 not-derived 0 ())]
[(iggp:case corridor:next:train:state-40:atom-9 not-derived 0 ())]
[(iggp:case corridor:next:train:state-40:atom-10 not-derived 0 ())]
[(iggp:case corridor:next:train:state-40:atom-11 derived 1 (True))]
[(iggp:case corridor:next:train:state-40:atom-12 not-derived 0 ())]
[(iggp:case corridor:next:train:state-40:atom-13 not-derived 0 ())]
[(iggp:case corridor:next:train:state-40:atom-14 not-derived 0 ())]
[(iggp:case corridor:next:train:state-40:atom-15 not-derived 0 ())]
[(iggp:case corridor:next:train:state-40:atom-16 not-derived 0 ())]
[(iggp:case corridor:next:train:state-40:atom-17 not-derived 0 ())]
[(iggp:case corridor:next:train:state-41:atom-1 derived 2 (True True))]
[(iggp:case corridor:next:train:state-41:atom-2 derived 1 (True))]
[(iggp:case corridor:next:train:state-41:atom-3 not-derived 0 ())]
[(iggp:case corridor:next:train:state-41:atom-4 not-derived 0 ())]
[(iggp:case corridor:next:train:state-41:atom-5 not-derived 0 ())]
[(iggp:case corridor:next:train:state-41:atom-6 not-derived 0 ())]
[(iggp:case corridor:next:train:state-41:atom-7 not-derived 0 ())]
[(iggp:case corridor:next:train:state-41:atom-8 not-derived 0 ())]
[(iggp:case corridor:next:train:state-41:atom-9 not-derived 0 ())]
[(iggp:case corridor:next:train:state-41:atom-10 not-derived 0 ())]
[(iggp:case corridor:next:train:state-41:atom-11 not-derived 0 ())]
[(iggp:case corridor:next:train:state-41:atom-12 derived 1 (True))]
[(iggp:case corridor:next:train:state-41:atom-13 not-derived 0 ())]
[(iggp:case corridor:next:train:state-41:atom-14 not-derived 0 ())]
[(iggp:case corridor:next:train:state-41:atom-15 not-derived 0 ())]
[(iggp:case corridor:next:train:state-41:atom-16 not-derived 0 ())]
[(iggp:case corridor:next:train:state-41:atom-17 not-derived 0 ())]
[(iggp:case corridor:next:train:state-42:atom-1 derived 2 (True True))]
[(iggp:case corridor:next:train:state-42:atom-2 derived 1 (True))]
[(iggp:case corridor:next:train:state-42:atom-3 not-derived 0 ())]
[(iggp:case corridor:next:train:state-42:atom-4 not-derived 0 ())]
[(iggp:case corridor:next:train:state-42:atom-5 not-derived 0 ())]
[(iggp:case corridor:next:train:state-42:atom-6 not-derived 0 ())]
[(iggp:case corridor:next:train:state-42:atom-7 not-derived 0 ())]
[(iggp:case corridor:next:train:state-42:atom-8 not-derived 0 ())]
[(iggp:case corridor:next:train:state-42:atom-9 not-derived 0 ())]
[(iggp:case corridor:next:train:state-42:atom-10 not-derived 0 ())]
[(iggp:case corridor:next:train:state-42:atom-11 not-derived 0 ())]
[(iggp:case corridor:next:train:state-42:atom-12 not-derived 0 ())]
[(iggp:case corridor:next:train:state-42:atom-13 derived 1 (True))]
[(iggp:case corridor:next:train:state-42:atom-14 not-derived 0 ())]
[(iggp:case corridor:next:train:state-42:atom-15 not-derived 0 ())]
[(iggp:case corridor:next:train:state-42:atom-16 not-derived 0 ())]
[(iggp:case corridor:next:train:state-42:atom-17 not-derived 0 ())]
[(iggp:case corridor:next:train:state-43:atom-1 derived 1 (True))]
[(iggp:case corridor:next:train:state-43:atom-2 derived 1 (True))]
[(iggp:case corridor:next:train:state-43:atom-3 not-derived 0 ())]
[(iggp:case corridor:next:train:state-43:atom-4 not-derived 0 ())]
[(iggp:case corridor:next:train:state-43:atom-5 not-derived 0 ())]
[(iggp:case corridor:next:train:state-43:atom-6 not-derived 0 ())]
[(iggp:case corridor:next:train:state-43:atom-7 not-derived 0 ())]
[(iggp:case corridor:next:train:state-43:atom-8 not-derived 0 ())]
[(iggp:case corridor:next:train:state-43:atom-9 not-derived 0 ())]
[(iggp:case corridor:next:train:state-43:atom-10 not-derived 0 ())]
[(iggp:case corridor:next:train:state-43:atom-11 derived 1 (True))]
[(iggp:case corridor:next:train:state-43:atom-12 not-derived 0 ())]
[(iggp:case corridor:next:train:state-43:atom-13 not-derived 0 ())]
[(iggp:case corridor:next:train:state-43:atom-14 not-derived 0 ())]
[(iggp:case corridor:next:train:state-43:atom-15 not-derived 0 ())]
[(iggp:case corridor:next:train:state-43:atom-16 not-derived 0 ())]
[(iggp:case corridor:next:train:state-43:atom-17 not-derived 0 ())]
[(iggp:case corridor:next:train:state-44:atom-1 derived 2 (True True))]
[(iggp:case corridor:next:train:state-44:atom-2 derived 1 (True))]
[(iggp:case corridor:next:train:state-44:atom-3 not-derived 0 ())]
[(iggp:case corridor:next:train:state-44:atom-4 not-derived 0 ())]
[(iggp:case corridor:next:train:state-44:atom-5 not-derived 0 ())]
[(iggp:case corridor:next:train:state-44:atom-6 not-derived 0 ())]
[(iggp:case corridor:next:train:state-44:atom-7 not-derived 0 ())]
[(iggp:case corridor:next:train:state-44:atom-8 not-derived 0 ())]
[(iggp:case corridor:next:train:state-44:atom-9 not-derived 0 ())]
[(iggp:case corridor:next:train:state-44:atom-10 not-derived 0 ())]
[(iggp:case corridor:next:train:state-44:atom-11 not-derived 0 ())]
[(iggp:case corridor:next:train:state-44:atom-12 not-derived 0 ())]
[(iggp:case corridor:next:train:state-44:atom-13 not-derived 0 ())]
[(iggp:case corridor:next:train:state-44:atom-14 not-derived 0 ())]
[(iggp:case corridor:next:train:state-44:atom-15 not-derived 0 ())]
[(iggp:case corridor:next:train:state-44:atom-16 not-derived 0 ())]
[(iggp:case corridor:next:train:state-44:atom-17 derived 1 (True))]
[(iggp:case corridor:next:validate:state-1:atom-1 derived 2 (True True))]
[(iggp:case corridor:next:validate:state-1:atom-2 derived 1 (True))]
[(iggp:case corridor:next:validate:state-1:atom-3 not-derived 0 ())]
[(iggp:case corridor:next:validate:state-1:atom-4 not-derived 0 ())]
[(iggp:case corridor:next:validate:state-1:atom-5 not-derived 0 ())]
[(iggp:case corridor:next:validate:state-1:atom-6 not-derived 0 ())]
[(iggp:case corridor:next:validate:state-1:atom-7 not-derived 0 ())]
[(iggp:case corridor:next:validate:state-1:atom-8 not-derived 0 ())]
[(iggp:case corridor:next:validate:state-1:atom-9 not-derived 0 ())]
[(iggp:case corridor:next:validate:state-1:atom-10 not-derived 0 ())]
[(iggp:case corridor:next:validate:state-1:atom-11 not-derived 0 ())]
[(iggp:case corridor:next:validate:state-1:atom-12 not-derived 0 ())]
[(iggp:case corridor:next:validate:state-1:atom-13 not-derived 0 ())]
[(iggp:case corridor:next:validate:state-1:atom-14 not-derived 0 ())]
[(iggp:case corridor:next:validate:state-1:atom-15 derived 1 (True))]
[(iggp:case corridor:next:validate:state-1:atom-16 not-derived 0 ())]
[(iggp:case corridor:next:validate:state-1:atom-17 not-derived 0 ())]
[(iggp:case corridor:next:validate:state-2:atom-1 derived 2 (True True))]
[(iggp:case corridor:next:validate:state-2:atom-2 derived 1 (True))]
[(iggp:case corridor:next:validate:state-2:atom-3 not-derived 0 ())]
[(iggp:case corridor:next:validate:state-2:atom-4 not-derived 0 ())]
[(iggp:case corridor:next:validate:state-2:atom-5 not-derived 0 ())]
[(iggp:case corridor:next:validate:state-2:atom-6 not-derived 0 ())]
[(iggp:case corridor:next:validate:state-2:atom-7 not-derived 0 ())]
[(iggp:case corridor:next:validate:state-2:atom-8 not-derived 0 ())]
[(iggp:case corridor:next:validate:state-2:atom-9 not-derived 0 ())]
[(iggp:case corridor:next:validate:state-2:atom-10 not-derived 0 ())]
[(iggp:case corridor:next:validate:state-2:atom-11 not-derived 0 ())]
[(iggp:case corridor:next:validate:state-2:atom-12 derived 1 (True))]
[(iggp:case corridor:next:validate:state-2:atom-13 not-derived 0 ())]
[(iggp:case corridor:next:validate:state-2:atom-14 not-derived 0 ())]
[(iggp:case corridor:next:validate:state-2:atom-15 not-derived 0 ())]
[(iggp:case corridor:next:validate:state-2:atom-16 not-derived 0 ())]
[(iggp:case corridor:next:validate:state-2:atom-17 not-derived 0 ())]
[(iggp:case corridor:next:validate:state-3:atom-1 derived 2 (True True))]
[(iggp:case corridor:next:validate:state-3:atom-2 derived 1 (True))]
[(iggp:case corridor:next:validate:state-3:atom-3 not-derived 0 ())]
[(iggp:case corridor:next:validate:state-3:atom-4 not-derived 0 ())]
[(iggp:case corridor:next:validate:state-3:atom-5 not-derived 0 ())]
[(iggp:case corridor:next:validate:state-3:atom-6 not-derived 0 ())]
[(iggp:case corridor:next:validate:state-3:atom-7 not-derived 0 ())]
[(iggp:case corridor:next:validate:state-3:atom-8 not-derived 0 ())]
[(iggp:case corridor:next:validate:state-3:atom-9 not-derived 0 ())]
[(iggp:case corridor:next:validate:state-3:atom-10 not-derived 0 ())]
[(iggp:case corridor:next:validate:state-3:atom-11 not-derived 0 ())]
[(iggp:case corridor:next:validate:state-3:atom-12 derived 1 (True))]
[(iggp:case corridor:next:validate:state-3:atom-13 not-derived 0 ())]
[(iggp:case corridor:next:validate:state-3:atom-14 not-derived 0 ())]
[(iggp:case corridor:next:validate:state-3:atom-15 not-derived 0 ())]
[(iggp:case corridor:next:validate:state-3:atom-16 not-derived 0 ())]
[(iggp:case corridor:next:validate:state-3:atom-17 not-derived 0 ())]
[(iggp:case corridor:next:validate:state-4:atom-1 derived 2 (True True))]
[(iggp:case corridor:next:validate:state-4:atom-2 derived 1 (True))]
[(iggp:case corridor:next:validate:state-4:atom-3 not-derived 0 ())]
[(iggp:case corridor:next:validate:state-4:atom-4 not-derived 0 ())]
[(iggp:case corridor:next:validate:state-4:atom-5 not-derived 0 ())]
[(iggp:case corridor:next:validate:state-4:atom-6 not-derived 0 ())]
[(iggp:case corridor:next:validate:state-4:atom-7 not-derived 0 ())]
[(iggp:case corridor:next:validate:state-4:atom-8 not-derived 0 ())]
[(iggp:case corridor:next:validate:state-4:atom-9 not-derived 0 ())]
[(iggp:case corridor:next:validate:state-4:atom-10 not-derived 0 ())]
[(iggp:case corridor:next:validate:state-4:atom-11 not-derived 0 ())]
[(iggp:case corridor:next:validate:state-4:atom-12 not-derived 0 ())]
[(iggp:case corridor:next:validate:state-4:atom-13 derived 1 (True))]
[(iggp:case corridor:next:validate:state-4:atom-14 not-derived 0 ())]
[(iggp:case corridor:next:validate:state-4:atom-15 not-derived 0 ())]
[(iggp:case corridor:next:validate:state-4:atom-16 not-derived 0 ())]
[(iggp:case corridor:next:validate:state-4:atom-17 not-derived 0 ())]
[(iggp:case corridor:next:validate:state-5:atom-1 derived 2 (True True))]
[(iggp:case corridor:next:validate:state-5:atom-2 derived 1 (True))]
[(iggp:case corridor:next:validate:state-5:atom-3 not-derived 0 ())]
[(iggp:case corridor:next:validate:state-5:atom-4 not-derived 0 ())]
[(iggp:case corridor:next:validate:state-5:atom-5 not-derived 0 ())]
[(iggp:case corridor:next:validate:state-5:atom-6 not-derived 0 ())]
[(iggp:case corridor:next:validate:state-5:atom-7 not-derived 0 ())]
[(iggp:case corridor:next:validate:state-5:atom-8 not-derived 0 ())]
[(iggp:case corridor:next:validate:state-5:atom-9 not-derived 0 ())]
[(iggp:case corridor:next:validate:state-5:atom-10 not-derived 0 ())]
[(iggp:case corridor:next:validate:state-5:atom-11 not-derived 0 ())]
[(iggp:case corridor:next:validate:state-5:atom-12 not-derived 0 ())]
[(iggp:case corridor:next:validate:state-5:atom-13 derived 1 (True))]
[(iggp:case corridor:next:validate:state-5:atom-14 not-derived 0 ())]
[(iggp:case corridor:next:validate:state-5:atom-15 not-derived 0 ())]
[(iggp:case corridor:next:validate:state-5:atom-16 not-derived 0 ())]
[(iggp:case corridor:next:validate:state-5:atom-17 not-derived 0 ())]
[(iggp:case corridor:next:validate:state-6:atom-1 derived 2 (True True))]
[(iggp:case corridor:next:validate:state-6:atom-2 derived 1 (True))]
[(iggp:case corridor:next:validate:state-6:atom-3 not-derived 0 ())]
[(iggp:case corridor:next:validate:state-6:atom-4 not-derived 0 ())]
[(iggp:case corridor:next:validate:state-6:atom-5 not-derived 0 ())]
[(iggp:case corridor:next:validate:state-6:atom-6 not-derived 0 ())]
[(iggp:case corridor:next:validate:state-6:atom-7 not-derived 0 ())]
[(iggp:case corridor:next:validate:state-6:atom-8 not-derived 0 ())]
[(iggp:case corridor:next:validate:state-6:atom-9 not-derived 0 ())]
[(iggp:case corridor:next:validate:state-6:atom-10 not-derived 0 ())]
[(iggp:case corridor:next:validate:state-6:atom-11 not-derived 0 ())]
[(iggp:case corridor:next:validate:state-6:atom-12 not-derived 0 ())]
[(iggp:case corridor:next:validate:state-6:atom-13 not-derived 0 ())]
[(iggp:case corridor:next:validate:state-6:atom-14 derived 1 (True))]
[(iggp:case corridor:next:validate:state-6:atom-15 not-derived 0 ())]
[(iggp:case corridor:next:validate:state-6:atom-16 not-derived 0 ())]
[(iggp:case corridor:next:validate:state-6:atom-17 not-derived 0 ())]
[(iggp:case corridor:next:validate:state-7:atom-1 derived 2 (True True))]
[(iggp:case corridor:next:validate:state-7:atom-2 derived 1 (True))]
[(iggp:case corridor:next:validate:state-7:atom-3 not-derived 0 ())]
[(iggp:case corridor:next:validate:state-7:atom-4 not-derived 0 ())]
[(iggp:case corridor:next:validate:state-7:atom-5 not-derived 0 ())]
[(iggp:case corridor:next:validate:state-7:atom-6 not-derived 0 ())]
[(iggp:case corridor:next:validate:state-7:atom-7 not-derived 0 ())]
[(iggp:case corridor:next:validate:state-7:atom-8 not-derived 0 ())]
[(iggp:case corridor:next:validate:state-7:atom-9 not-derived 0 ())]
[(iggp:case corridor:next:validate:state-7:atom-10 not-derived 0 ())]
[(iggp:case corridor:next:validate:state-7:atom-11 not-derived 0 ())]
[(iggp:case corridor:next:validate:state-7:atom-12 not-derived 0 ())]
[(iggp:case corridor:next:validate:state-7:atom-13 not-derived 0 ())]
[(iggp:case corridor:next:validate:state-7:atom-14 derived 1 (True))]
[(iggp:case corridor:next:validate:state-7:atom-15 not-derived 0 ())]
[(iggp:case corridor:next:validate:state-7:atom-16 not-derived 0 ())]
[(iggp:case corridor:next:validate:state-7:atom-17 not-derived 0 ())]
[(iggp:case corridor:next:validate:state-8:atom-1 derived 2 (True True))]
[(iggp:case corridor:next:validate:state-8:atom-2 derived 1 (True))]
[(iggp:case corridor:next:validate:state-8:atom-3 not-derived 0 ())]
[(iggp:case corridor:next:validate:state-8:atom-4 not-derived 0 ())]
[(iggp:case corridor:next:validate:state-8:atom-5 not-derived 0 ())]
[(iggp:case corridor:next:validate:state-8:atom-6 not-derived 0 ())]
[(iggp:case corridor:next:validate:state-8:atom-7 not-derived 0 ())]
[(iggp:case corridor:next:validate:state-8:atom-8 not-derived 0 ())]
[(iggp:case corridor:next:validate:state-8:atom-9 not-derived 0 ())]
[(iggp:case corridor:next:validate:state-8:atom-10 not-derived 0 ())]
[(iggp:case corridor:next:validate:state-8:atom-11 not-derived 0 ())]
[(iggp:case corridor:next:validate:state-8:atom-12 derived 1 (True))]
[(iggp:case corridor:next:validate:state-8:atom-13 not-derived 0 ())]
[(iggp:case corridor:next:validate:state-8:atom-14 not-derived 0 ())]
[(iggp:case corridor:next:validate:state-8:atom-15 not-derived 0 ())]
[(iggp:case corridor:next:validate:state-8:atom-16 not-derived 0 ())]
[(iggp:case corridor:next:validate:state-8:atom-17 not-derived 0 ())]
[(iggp:case corridor:next:validate:state-9:atom-1 derived 2 (True True))]
[(iggp:case corridor:next:validate:state-9:atom-2 derived 1 (True))]
[(iggp:case corridor:next:validate:state-9:atom-3 not-derived 0 ())]
[(iggp:case corridor:next:validate:state-9:atom-4 not-derived 0 ())]
[(iggp:case corridor:next:validate:state-9:atom-5 not-derived 0 ())]
[(iggp:case corridor:next:validate:state-9:atom-6 not-derived 0 ())]
[(iggp:case corridor:next:validate:state-9:atom-7 not-derived 0 ())]
[(iggp:case corridor:next:validate:state-9:atom-8 not-derived 0 ())]
[(iggp:case corridor:next:validate:state-9:atom-9 not-derived 0 ())]
[(iggp:case corridor:next:validate:state-9:atom-10 not-derived 0 ())]
[(iggp:case corridor:next:validate:state-9:atom-11 not-derived 0 ())]
[(iggp:case corridor:next:validate:state-9:atom-12 not-derived 0 ())]
[(iggp:case corridor:next:validate:state-9:atom-13 derived 1 (True))]
[(iggp:case corridor:next:validate:state-9:atom-14 not-derived 0 ())]
[(iggp:case corridor:next:validate:state-9:atom-15 not-derived 0 ())]
[(iggp:case corridor:next:validate:state-9:atom-16 not-derived 0 ())]
[(iggp:case corridor:next:validate:state-9:atom-17 not-derived 0 ())]
[(iggp:case corridor:next:validate:state-10:atom-1 not-derived 0 ())]
[(iggp:case corridor:next:validate:state-10:atom-2 derived 1 (True))]
[(iggp:case corridor:next:validate:state-10:atom-3 derived 1 (True))]
[(iggp:case corridor:next:validate:state-10:atom-4 derived 1 (True))]
[(iggp:case corridor:next:validate:state-10:atom-5 not-derived 0 ())]
[(iggp:case corridor:next:validate:state-10:atom-6 not-derived 0 ())]
[(iggp:case corridor:next:validate:state-10:atom-7 not-derived 0 ())]
[(iggp:case corridor:next:validate:state-10:atom-8 not-derived 0 ())]
[(iggp:case corridor:next:validate:state-10:atom-9 not-derived 0 ())]
[(iggp:case corridor:next:validate:state-10:atom-10 not-derived 0 ())]
[(iggp:case corridor:next:validate:state-10:atom-11 not-derived 0 ())]
[(iggp:case corridor:next:validate:state-10:atom-12 derived 1 (True))]
[(iggp:case corridor:next:validate:state-10:atom-13 not-derived 0 ())]
[(iggp:case corridor:next:validate:state-10:atom-14 not-derived 0 ())]
[(iggp:case corridor:next:validate:state-10:atom-15 not-derived 0 ())]
[(iggp:case corridor:next:validate:state-10:atom-16 not-derived 0 ())]
[(iggp:case corridor:next:validate:state-10:atom-17 not-derived 0 ())]
[(iggp:case corridor:next:validate:state-11:atom-1 derived 1 (True))]
[(iggp:case corridor:next:validate:state-11:atom-2 derived 1 (True))]
[(iggp:case corridor:next:validate:state-11:atom-3 not-derived 0 ())]
[(iggp:case corridor:next:validate:state-11:atom-4 not-derived 0 ())]
[(iggp:case corridor:next:validate:state-11:atom-5 not-derived 0 ())]
[(iggp:case corridor:next:validate:state-11:atom-6 not-derived 0 ())]
[(iggp:case corridor:next:validate:state-11:atom-7 not-derived 0 ())]
[(iggp:case corridor:next:validate:state-11:atom-8 not-derived 0 ())]
[(iggp:case corridor:next:validate:state-11:atom-9 not-derived 0 ())]
[(iggp:case corridor:next:validate:state-11:atom-10 not-derived 0 ())]
[(iggp:case corridor:next:validate:state-11:atom-11 derived 1 (True))]
[(iggp:case corridor:next:validate:state-11:atom-12 not-derived 0 ())]
[(iggp:case corridor:next:validate:state-11:atom-13 not-derived 0 ())]
[(iggp:case corridor:next:validate:state-11:atom-14 not-derived 0 ())]
[(iggp:case corridor:next:validate:state-11:atom-15 not-derived 0 ())]
[(iggp:case corridor:next:validate:state-11:atom-16 not-derived 0 ())]
[(iggp:case corridor:next:validate:state-11:atom-17 not-derived 0 ())]
[(iggp:case corridor:next:test:state-1:atom-1 derived 1 (True))]
[(iggp:case corridor:next:test:state-1:atom-2 derived 1 (True))]
[(iggp:case corridor:next:test:state-1:atom-3 not-derived 0 ())]
[(iggp:case corridor:next:test:state-1:atom-4 not-derived 0 ())]
[(iggp:case corridor:next:test:state-1:atom-5 not-derived 0 ())]
[(iggp:case corridor:next:test:state-1:atom-6 not-derived 0 ())]
[(iggp:case corridor:next:test:state-1:atom-7 not-derived 0 ())]
[(iggp:case corridor:next:test:state-1:atom-8 not-derived 0 ())]
[(iggp:case corridor:next:test:state-1:atom-9 not-derived 0 ())]
[(iggp:case corridor:next:test:state-1:atom-10 not-derived 0 ())]
[(iggp:case corridor:next:test:state-1:atom-11 not-derived 0 ())]
[(iggp:case corridor:next:test:state-1:atom-12 not-derived 0 ())]
[(iggp:case corridor:next:test:state-1:atom-13 not-derived 0 ())]
[(iggp:case corridor:next:test:state-1:atom-14 not-derived 0 ())]
[(iggp:case corridor:next:test:state-1:atom-15 not-derived 0 ())]
[(iggp:case corridor:next:test:state-1:atom-16 not-derived 0 ())]
[(iggp:case corridor:next:test:state-1:atom-17 derived 1 (True))]
[(iggp:case corridor:next:test:state-2:atom-1 derived 2 (True True))]
[(iggp:case corridor:next:test:state-2:atom-2 derived 1 (True))]
[(iggp:case corridor:next:test:state-2:atom-3 not-derived 0 ())]
[(iggp:case corridor:next:test:state-2:atom-4 not-derived 0 ())]
[(iggp:case corridor:next:test:state-2:atom-5 not-derived 0 ())]
[(iggp:case corridor:next:test:state-2:atom-6 not-derived 0 ())]
[(iggp:case corridor:next:test:state-2:atom-7 not-derived 0 ())]
[(iggp:case corridor:next:test:state-2:atom-8 not-derived 0 ())]
[(iggp:case corridor:next:test:state-2:atom-9 not-derived 0 ())]
[(iggp:case corridor:next:test:state-2:atom-10 not-derived 0 ())]
[(iggp:case corridor:next:test:state-2:atom-11 not-derived 0 ())]
[(iggp:case corridor:next:test:state-2:atom-12 not-derived 0 ())]
[(iggp:case corridor:next:test:state-2:atom-13 not-derived 0 ())]
[(iggp:case corridor:next:test:state-2:atom-14 derived 1 (True))]
[(iggp:case corridor:next:test:state-2:atom-15 not-derived 0 ())]
[(iggp:case corridor:next:test:state-2:atom-16 not-derived 0 ())]
[(iggp:case corridor:next:test:state-2:atom-17 not-derived 0 ())]
[(iggp:case corridor:next:test:state-3:atom-1 derived 1 (True))]
[(iggp:case corridor:next:test:state-3:atom-2 derived 1 (True))]
[(iggp:case corridor:next:test:state-3:atom-3 not-derived 0 ())]
[(iggp:case corridor:next:test:state-3:atom-4 not-derived 0 ())]
[(iggp:case corridor:next:test:state-3:atom-5 not-derived 0 ())]
[(iggp:case corridor:next:test:state-3:atom-6 not-derived 0 ())]
[(iggp:case corridor:next:test:state-3:atom-7 not-derived 0 ())]
[(iggp:case corridor:next:test:state-3:atom-8 not-derived 0 ())]
[(iggp:case corridor:next:test:state-3:atom-9 not-derived 0 ())]
[(iggp:case corridor:next:test:state-3:atom-10 not-derived 0 ())]
[(iggp:case corridor:next:test:state-3:atom-11 derived 1 (True))]
[(iggp:case corridor:next:test:state-3:atom-12 not-derived 0 ())]
[(iggp:case corridor:next:test:state-3:atom-13 not-derived 0 ())]
[(iggp:case corridor:next:test:state-3:atom-14 not-derived 0 ())]
[(iggp:case corridor:next:test:state-3:atom-15 not-derived 0 ())]
[(iggp:case corridor:next:test:state-3:atom-16 not-derived 0 ())]
[(iggp:case corridor:next:test:state-3:atom-17 not-derived 0 ())]
[(iggp:case corridor:next:test:state-4:atom-1 derived 2 (True True))]
[(iggp:case corridor:next:test:state-4:atom-2 derived 1 (True))]
[(iggp:case corridor:next:test:state-4:atom-3 not-derived 0 ())]
[(iggp:case corridor:next:test:state-4:atom-4 not-derived 0 ())]
[(iggp:case corridor:next:test:state-4:atom-5 not-derived 0 ())]
[(iggp:case corridor:next:test:state-4:atom-6 not-derived 0 ())]
[(iggp:case corridor:next:test:state-4:atom-7 not-derived 0 ())]
[(iggp:case corridor:next:test:state-4:atom-8 not-derived 0 ())]
[(iggp:case corridor:next:test:state-4:atom-9 not-derived 0 ())]
[(iggp:case corridor:next:test:state-4:atom-10 not-derived 0 ())]
[(iggp:case corridor:next:test:state-4:atom-11 not-derived 0 ())]
[(iggp:case corridor:next:test:state-4:atom-12 not-derived 0 ())]
[(iggp:case corridor:next:test:state-4:atom-13 not-derived 0 ())]
[(iggp:case corridor:next:test:state-4:atom-14 not-derived 0 ())]
[(iggp:case corridor:next:test:state-4:atom-15 not-derived 0 ())]
[(iggp:case corridor:next:test:state-4:atom-16 not-derived 0 ())]
[(iggp:case corridor:next:test:state-4:atom-17 derived 1 (True))]
[(iggp:case corridor:next:test:state-5:atom-1 derived 2 (True True))]
[(iggp:case corridor:next:test:state-5:atom-2 derived 1 (True))]
[(iggp:case corridor:next:test:state-5:atom-3 not-derived 0 ())]
[(iggp:case corridor:next:test:state-5:atom-4 not-derived 0 ())]
[(iggp:case corridor:next:test:state-5:atom-5 not-derived 0 ())]
[(iggp:case corridor:next:test:state-5:atom-6 not-derived 0 ())]
[(iggp:case corridor:next:test:state-5:atom-7 not-derived 0 ())]
[(iggp:case corridor:next:test:state-5:atom-8 not-derived 0 ())]
[(iggp:case corridor:next:test:state-5:atom-9 not-derived 0 ())]
[(iggp:case corridor:next:test:state-5:atom-10 not-derived 0 ())]
[(iggp:case corridor:next:test:state-5:atom-11 not-derived 0 ())]
[(iggp:case corridor:next:test:state-5:atom-12 not-derived 0 ())]
[(iggp:case corridor:next:test:state-5:atom-13 derived 1 (True))]
[(iggp:case corridor:next:test:state-5:atom-14 not-derived 0 ())]
[(iggp:case corridor:next:test:state-5:atom-15 not-derived 0 ())]
[(iggp:case corridor:next:test:state-5:atom-16 not-derived 0 ())]
[(iggp:case corridor:next:test:state-5:atom-17 not-derived 0 ())]
[(iggp:case corridor:next:test:state-6:atom-1 derived 1 (True))]
[(iggp:case corridor:next:test:state-6:atom-2 derived 1 (True))]
[(iggp:case corridor:next:test:state-6:atom-3 not-derived 0 ())]
[(iggp:case corridor:next:test:state-6:atom-4 not-derived 0 ())]
[(iggp:case corridor:next:test:state-6:atom-5 not-derived 0 ())]
[(iggp:case corridor:next:test:state-6:atom-6 not-derived 0 ())]
[(iggp:case corridor:next:test:state-6:atom-7 not-derived 0 ())]
[(iggp:case corridor:next:test:state-6:atom-8 not-derived 0 ())]
[(iggp:case corridor:next:test:state-6:atom-9 not-derived 0 ())]
[(iggp:case corridor:next:test:state-6:atom-10 not-derived 0 ())]
[(iggp:case corridor:next:test:state-6:atom-11 not-derived 0 ())]
[(iggp:case corridor:next:test:state-6:atom-12 not-derived 0 ())]
[(iggp:case corridor:next:test:state-6:atom-13 derived 1 (True))]
[(iggp:case corridor:next:test:state-6:atom-14 not-derived 0 ())]
[(iggp:case corridor:next:test:state-6:atom-15 not-derived 0 ())]
[(iggp:case corridor:next:test:state-6:atom-16 not-derived 0 ())]
[(iggp:case corridor:next:test:state-6:atom-17 not-derived 0 ())]
[(iggp:case corridor:next:test:state-7:atom-1 derived 2 (True True))]
[(iggp:case corridor:next:test:state-7:atom-2 derived 1 (True))]
[(iggp:case corridor:next:test:state-7:atom-3 not-derived 0 ())]
[(iggp:case corridor:next:test:state-7:atom-4 not-derived 0 ())]
[(iggp:case corridor:next:test:state-7:atom-5 not-derived 0 ())]
[(iggp:case corridor:next:test:state-7:atom-6 not-derived 0 ())]
[(iggp:case corridor:next:test:state-7:atom-7 not-derived 0 ())]
[(iggp:case corridor:next:test:state-7:atom-8 not-derived 0 ())]
[(iggp:case corridor:next:test:state-7:atom-9 not-derived 0 ())]
[(iggp:case corridor:next:test:state-7:atom-10 not-derived 0 ())]
[(iggp:case corridor:next:test:state-7:atom-11 not-derived 0 ())]
[(iggp:case corridor:next:test:state-7:atom-12 not-derived 0 ())]
[(iggp:case corridor:next:test:state-7:atom-13 not-derived 0 ())]
[(iggp:case corridor:next:test:state-7:atom-14 not-derived 0 ())]
[(iggp:case corridor:next:test:state-7:atom-15 not-derived 0 ())]
[(iggp:case corridor:next:test:state-7:atom-16 derived 1 (True))]
[(iggp:case corridor:next:test:state-7:atom-17 not-derived 0 ())]
[(iggp:case corridor:next:test:state-8:atom-1 derived 1 (True))]
[(iggp:case corridor:next:test:state-8:atom-2 derived 1 (True))]
[(iggp:case corridor:next:test:state-8:atom-3 not-derived 0 ())]
[(iggp:case corridor:next:test:state-8:atom-4 not-derived 0 ())]
[(iggp:case corridor:next:test:state-8:atom-5 not-derived 0 ())]
[(iggp:case corridor:next:test:state-8:atom-6 not-derived 0 ())]
[(iggp:case corridor:next:test:state-8:atom-7 not-derived 0 ())]
[(iggp:case corridor:next:test:state-8:atom-8 not-derived 0 ())]
[(iggp:case corridor:next:test:state-8:atom-9 not-derived 0 ())]
[(iggp:case corridor:next:test:state-8:atom-10 not-derived 0 ())]
[(iggp:case corridor:next:test:state-8:atom-11 not-derived 0 ())]
[(iggp:case corridor:next:test:state-8:atom-12 not-derived 0 ())]
[(iggp:case corridor:next:test:state-8:atom-13 not-derived 0 ())]
[(iggp:case corridor:next:test:state-8:atom-14 not-derived 0 ())]
[(iggp:case corridor:next:test:state-8:atom-15 not-derived 0 ())]
[(iggp:case corridor:next:test:state-8:atom-16 derived 1 (True))]
[(iggp:case corridor:next:test:state-8:atom-17 not-derived 0 ())]
[(iggp:case corridor:next:test:state-9:atom-1 derived 1 (True))]
[(iggp:case corridor:next:test:state-9:atom-2 derived 1 (True))]
[(iggp:case corridor:next:test:state-9:atom-3 not-derived 0 ())]
[(iggp:case corridor:next:test:state-9:atom-4 not-derived 0 ())]
[(iggp:case corridor:next:test:state-9:atom-5 not-derived 0 ())]
[(iggp:case corridor:next:test:state-9:atom-6 not-derived 0 ())]
[(iggp:case corridor:next:test:state-9:atom-7 not-derived 0 ())]
[(iggp:case corridor:next:test:state-9:atom-8 not-derived 0 ())]
[(iggp:case corridor:next:test:state-9:atom-9 not-derived 0 ())]
[(iggp:case corridor:next:test:state-9:atom-10 not-derived 0 ())]
[(iggp:case corridor:next:test:state-9:atom-11 not-derived 0 ())]
[(iggp:case corridor:next:test:state-9:atom-12 derived 1 (True))]
[(iggp:case corridor:next:test:state-9:atom-13 not-derived 0 ())]
[(iggp:case corridor:next:test:state-9:atom-14 not-derived 0 ())]
[(iggp:case corridor:next:test:state-9:atom-15 not-derived 0 ())]
[(iggp:case corridor:next:test:state-9:atom-16 not-derived 0 ())]
[(iggp:case corridor:next:test:state-9:atom-17 not-derived 0 ())]
[(iggp:case corridor:next:test:state-10:atom-1 derived 1 (True))]
[(iggp:case corridor:next:test:state-10:atom-2 derived 1 (True))]
[(iggp:case corridor:next:test:state-10:atom-3 not-derived 0 ())]
[(iggp:case corridor:next:test:state-10:atom-4 not-derived 0 ())]
[(iggp:case corridor:next:test:state-10:atom-5 not-derived 0 ())]
[(iggp:case corridor:next:test:state-10:atom-6 not-derived 0 ())]
[(iggp:case corridor:next:test:state-10:atom-7 not-derived 0 ())]
[(iggp:case corridor:next:test:state-10:atom-8 not-derived 0 ())]
[(iggp:case corridor:next:test:state-10:atom-9 not-derived 0 ())]
[(iggp:case corridor:next:test:state-10:atom-10 not-derived 0 ())]
[(iggp:case corridor:next:test:state-10:atom-11 not-derived 0 ())]
[(iggp:case corridor:next:test:state-10:atom-12 not-derived 0 ())]
[(iggp:case corridor:next:test:state-10:atom-13 not-derived 0 ())]
[(iggp:case corridor:next:test:state-10:atom-14 derived 1 (True))]
[(iggp:case corridor:next:test:state-10:atom-15 not-derived 0 ())]
[(iggp:case corridor:next:test:state-10:atom-16 not-derived 0 ())]
[(iggp:case corridor:next:test:state-10:atom-17 not-derived 0 ())]
[(iggp:case corridor:next:test:state-11:atom-1 not-derived 0 ())]
[(iggp:case corridor:next:test:state-11:atom-2 derived 1 (True))]
[(iggp:case corridor:next:test:state-11:atom-3 derived 1 (True))]
[(iggp:case corridor:next:test:state-11:atom-4 derived 1 (True))]
[(iggp:case corridor:next:test:state-11:atom-5 derived 1 (True))]
[(iggp:case corridor:next:test:state-11:atom-6 not-derived 0 ())]
[(iggp:case corridor:next:test:state-11:atom-7 not-derived 0 ())]
[(iggp:case corridor:next:test:state-11:atom-8 not-derived 0 ())]
[(iggp:case corridor:next:test:state-11:atom-9 not-derived 0 ())]
[(iggp:case corridor:next:test:state-11:atom-10 not-derived 0 ())]
[(iggp:case corridor:next:test:state-11:atom-11 not-derived 0 ())]
[(iggp:case corridor:next:test:state-11:atom-12 not-derived 0 ())]
[(iggp:case corridor:next:test:state-11:atom-13 derived 1 (True))]
[(iggp:case corridor:next:test:state-11:atom-14 not-derived 0 ())]
[(iggp:case corridor:next:test:state-11:atom-15 not-derived 0 ())]
[(iggp:case corridor:next:test:state-11:atom-16 not-derived 0 ())]
[(iggp:case corridor:next:test:state-11:atom-17 not-derived 0 ())]
[(iggp:case corridor:terminal:train:state-1:atom-1 not-derived 0 ())]
[(iggp:case corridor:terminal:train:state-2:atom-1 not-derived 0 ())]
[(iggp:case corridor:terminal:train:state-3:atom-1 not-derived 0 ())]
[(iggp:case corridor:terminal:train:state-4:atom-1 not-derived 0 ())]
[(iggp:case corridor:terminal:train:state-5:atom-1 not-derived 0 ())]
[(iggp:case corridor:terminal:train:state-6:atom-1 not-derived 0 ())]
[(iggp:case corridor:terminal:train:state-7:atom-1 not-derived 0 ())]
[(iggp:case corridor:terminal:validate:state-1:atom-1 not-derived 0 ())]
[(iggp:case corridor:terminal:test:state-1:atom-1 not-derived 0 ())]
[(iggp:case corridor:terminal:test:state-2:atom-1 not-derived 0 ())]
[(iggp:case corridor:terminal:test:state-3:atom-1 derived 1 (True))]
[((p-via-action corridor:g) p-via-persistence)]
