[()]
[()]
[()]
[(iggp:case decay:goal:train:state-1:atom-1 not-derived 0 ())]
[(iggp:case decay:goal:train:state-1:atom-2 not-derived 0 ())]
[(iggp:case decay:goal:train:state-1:atom-3 not-derived 0 ())]
[(iggp:case decay:goal:train:state-1:atom-4 not-derived 0 ())]
[(iggp:case decay:goal:train:state-1:atom-5 not-derived 0 ())]
[(iggp:case decay:goal:train:state-1:atom-6 not-derived 0 ())]
[(iggp:case decay:goal:train:state-2:atom-1 not-derived 0 ())]
[(iggp:case decay:goal:train:state-2:atom-2 not-derived 0 ())]
[(iggp:case decay:goal:train:state-2:atom-3 not-derived 0 ())]
[(iggp:case decay:goal:train:state-2:atom-4 not-derived 0 ())]
[(iggp:case decay:goal:train:state-2:atom-5 not-derived 0 ())]
[(iggp:case decay:goal:train:state-2:atom-6 not-derived 0 ())]
[(iggp:case decay:goal:train:state-3:atom-1 not-derived 0 ())]
[(iggp:case decay:goal:train:state-3:atom-2 not-derived 0 ())]
[(iggp:case decay:goal:train:state-3:atom-3 not-derived 0 ())]
[(iggp:case decay:goal:train:state-3:atom-4 not-derived 0 ())]
[(iggp:case decay:goal:train:state-3:atom-5 not-derived 0 ())]
[(iggp:case decay:goal:train:state-3:atom-6 not-derived 0 ())]
[(iggp:case decay:goal:train:state-4:atom-1 not-derived 0 ())]
[(iggp:case decay:goal:train:state-4:atom-2 not-derived 0 ())]
[(iggp:case decay:goal:train:state-4:atom-3 not-derived 0 ())]
[(iggp:case decay:goal:train:state-4:atom-4 not-derived 0 ())]
[(iggp:case decay:goal:train:state-4:atom-5 not-derived 0 ())]
[(iggp:case decay:goal:train:state-4:atom-6 not-derived 0 ())]
[(iggp:case decay:goal:validate:state-1:atom-1 not-derived 0 ())]
[(iggp:case decay:goal:validate:state-1:atom-2 not-derived 0 ())]
[(iggp:case decay:goal:validate:state-1:atom-3 not-derived 0 ())]
[(iggp:case decay:goal:validate:state-1:atom-4 not-derived 0 ())]
[(iggp:case decay:goal:validate:state-1:atom-5 not-derived 0 ())]
[(iggp:case decay:goal:validate:state-1:atom-6 not-derived 0 ())]
[(iggp:case decay:goal:test:state-1:atom-1 not-derived 0 ())]
[(iggp:case decay:goal:test:state-1:atom-2 not-derived 0 ())]
[(iggp:case decay:goal:test:state-1:atom-3 not-derived 0 ())]
[(iggp:case decay:goal:test:state-1:atom-4 not-derived 0 ())]
[(iggp:case decay:goal:test:state-1:atom-5 not-derived 0 ())]
[(iggp:case decay:goal:test:state-1:atom-6 not-derived 0 ())]
[(iggp:case decay:goal:test:state-2:atom-1 not-derived 0 ())]
[(iggp:case decay:goal:test:state-2:atom-2 not-derived 0 ())]
[(iggp:case decay:goal:test:state-2:atom-3 not-derived 0 ())]
[(iggp:case decay:goal:test:state-2:atom-4 not-derived 0 ())]
[(iggp:case decay:goal:test:state-2:atom-5 not-derived 0 ())]
[(iggp:case decay:goal:test:state-2:atom-6 not-derived 0 ())]
[(iggp:case decay:legal:train:state-1:atom-1 derived 1 (True))]
[(iggp:case decay:legal:train:state-1:atom-2 derived 1 (True))]
[(iggp:case decay:legal:train:state-2:atom-1 derived 1 (True))]
[(iggp:case decay:legal:train:state-2:atom-2 derived 1 (True))]
[(iggp:case decay:legal:train:state-3:atom-1 derived 1 (True))]
[(iggp:case decay:legal:train:state-3:atom-2 derived 1 (True))]
[(iggp:case decay:legal:train:state-4:atom-1 derived 1 (True))]
[(iggp:case decay:legal:train:state-4:atom-2 derived 1 (True))]
[(iggp:case decay:legal:validate:state-1:atom-1 derived 1 (True))]
[(iggp:case decay:legal:validate:state-1:atom-2 derived 1 (True))]
[(iggp:case decay:legal:test:state-1:atom-1 derived 1 (True))]
[(iggp:case decay:legal:test:state-1:atom-2 derived 1 (True))]
[(iggp:case decay:legal:test:state-2:atom-1 derived 1 (True))]
[(iggp:case decay:legal:test:state-2:atom-2 derived 1 (True))]
[(iggp:case decay:next:train:state-1:atom-1 not-derived 0 ())]
[(iggp:case decay:next:train:state-1:atom-2 not-derived 0 ())]
[(iggp:case decay:next:train:state-1:atom-3 not-derived 0 ())]
[(iggp:case decay:next:train:state-1:atom-4 not-derived 0 ())]
[(iggp:case decay:next:train:state-1:atom-5 not-derived 0 ())]
[(iggp:case decay:next:train:state-1:atom-6 derived 1 (True))]
[(iggp:case decay:next:train:state-2:atom-1 not-derived 0 ())]
[(iggp:case decay:next:train:state-2:atom-2 not-derived 0 ())]
[(iggp:case decay:next:train:state-2:atom-3 derived 1 (True))]
[(iggp:case decay:next:train:state-2:atom-4 not-derived 0 ())]
[(iggp:case decay:next:train:state-2:atom-5 not-derived 0 ())]
[(iggp:case decay:next:train:state-2:atom-6 not-derived 0 ())]
[(iggp:case decay:next:train:state-3:atom-1 not-derived 0 ())]
[(iggp:case decay:next:train:state-3:atom-2 not-derived 0 ())]
[(iggp:case decay:next:train:state-3:atom-3 not-derived 0 ())]
[(iggp:case decay:next:train:state-3:atom-4 not-derived 0 ())]
[(iggp:case decay:next:train:state-3:atom-5 not-derived 0 ())]
[(iggp:case decay:next:train:state-3:atom-6 derived 1 (True))]
[(iggp:case decay:next:train:state-4:atom-1 not-derived 0 ())]
[(iggp:case decay:next:train:state-4:atom-2 not-derived 0 ())]
[(iggp:case decay:next:train:state-4:atom-3 not-derived 0 ())]
[(iggp:case decay:next:train:state-4:atom-4 not-derived 0 ())]
[(iggp:case decay:next:train:state-4:atom-5 not-derived 0 ())]
[(iggp:case decay:next:train:state-4:atom-6 derived 1 (True))]
[(iggp:case decay:next:train:state-5:atom-1 not-derived 0 ())]
[(iggp:case decay:next:train:state-5:atom-2 not-derived 0 ())]
[(iggp:case decay:next:train:state-5:atom-3 not-derived 0 ())]
[(iggp:case decay:next:train:state-5:atom-4 not-derived 0 ())]
[(iggp:case decay:next:train:state-5:atom-5 not-derived 0 ())]
[(iggp:case decay:next:train:state-5:atom-6 derived 1 (True))]
[(iggp:case decay:next:train:state-6:atom-1 not-derived 0 ())]
[(iggp:case decay:next:train:state-6:atom-2 derived 1 (True))]
[(iggp:case decay:next:train:state-6:atom-3 not-derived 0 ())]
[(iggp:case decay:next:train:state-6:atom-4 not-derived 0 ())]
[(iggp:case decay:next:train:state-6:atom-5 not-derived 0 ())]
[(iggp:case decay:next:train:state-6:atom-6 not-derived 0 ())]
[(iggp:case decay:next:train:state-7:atom-1 not-derived 0 ())]
[(iggp:case decay:next:train:state-7:atom-2 not-derived 0 ())]
[(iggp:case decay:next:train:state-7:atom-3 not-derived 0 ())]
[(iggp:case decay:next:train:state-7:atom-4 not-derived 0 ())]
[(iggp:case decay:next:train:state-7:atom-5 not-derived 0 ())]
[(iggp:case decay:next:train:state-7:atom-6 not-derived 0 ())]
[(iggp:case decay:next:train:state-8:atom-1 not-derived 0 ())]
[(iggp:case decay:next:train:state-8:atom-2 not-derived 0 ())]
[(iggp:case decay:next:train:state-8:atom-3 not-derived 0 ())]
[(iggp:case decay:next:train:state-8:atom-4 not-derived 0 ())]
[(iggp:case decay:next:train:state-8:atom-5 not-derived 0 ())]
[(iggp:case decay:next:train:state-8:atom-6 derived 1 (True))]
[(iggp:case decay:next:train:state-9:atom-1 not-derived 0 ())]
[(iggp:case decay:next:train:state-9:atom-2 not-derived 0 ())]
[(iggp:case decay:next:train:state-9:atom-3 not-derived 0 ())]
[(iggp:case decay:next:train:state-9:atom-4 not-derived 0 ())]
[(iggp:case decay:next:train:state-9:atom-5 not-derived 0 ())]
[(iggp:case decay:next:train:state-9:atom-6 derived 1 (True))]
[(iggp:case decay:next:validate:state-1:atom-1 derived 1 (True))]
[(iggp:case decay:next:validate:state-1:atom-2 not-derived 0 ())]
[(iggp:case decay:next:validate:state-1:atom-3 not-derived 0 ())]
[(iggp:case decay:next:validate:state-1:atom-4 not-derived 0 ())]
[(iggp:case decay:next:validate:state-1:atom-5 not-derived 0 ())]
[(iggp:case decay:next:validate:state-1:atom-6 not-derived 0 ())]
[(iggp:case decay:next:validate:state-2:atom-1 not-derived 0 ())]
[(iggp:case decay:next:validate:state-2:atom-2 not-derived 0 ())]
[(iggp:case decay:next:validate:state-2:atom-3 not-derived 0 ())]
[(iggp:case decay:next:validate:state-2:atom-4 not-derived 0 ())]
[(iggp:case decay:next:validate:state-2:atom-5 derived 1 (True))]
[(iggp:case decay:next:validate:state-2:atom-6 not-derived 0 ())]
[(iggp:case decay:next:test:state-1:atom-1 not-derived 0 ())]
[(iggp:case decay:next:test:state-1:atom-2 not-derived 0 ())]
[(iggp:case decay:next:test:state-1:atom-3 not-derived 0 ())]
[(iggp:case decay:next:test:state-1:atom-4 derived 1 (True))]
[(iggp:case decay:next:test:state-1:atom-5 not-derived 0 ())]
[(iggp:case decay:next:test:state-1:atom-6 not-derived 0 ())]
[(iggp:case decay:next:test:state-2:atom-1 not-derived 0 ())]
[(iggp:case decay:next:test:state-2:atom-2 not-derived 0 ())]
[(iggp:case decay:next:test:state-2:atom-3 not-derived 0 ())]
[(iggp:case decay:next:test:state-2:atom-4 not-derived 0 ())]
[(iggp:case decay:next:test:state-2:atom-5 not-derived 0 ())]
[(iggp:case decay:next:test:state-2:atom-6 not-derived 0 ())]
[(iggp:case decay:next:test:state-3:atom-1 not-derived 0 ())]
[(iggp:case decay:next:test:state-3:atom-2 not-derived 0 ())]
[(iggp:case decay:next:test:state-3:atom-3 not-derived 0 ())]
[(iggp:case decay:next:test:state-3:atom-4 not-derived 0 ())]
[(iggp:case decay:next:test:state-3:atom-5 not-derived 0 ())]
[(iggp:case decay:next:test:state-3:atom-6 derived 1 (True))]
[(iggp:case decay:terminal:train:state-1:atom-1 not-derived 0 ())]
[(iggp:case decay:terminal:train:state-2:atom-1 not-derived 0 ())]
[(iggp:case decay:terminal:train:state-3:atom-1 not-derived 0 ())]
[(iggp:case decay:terminal:train:state-4:atom-1 not-derived 0 ())]
[(iggp:case decay:terminal:validate:state-1:atom-1 not-derived 0 ())]
[(iggp:case decay:terminal:test:state-1:atom-1 not-derived 0 ())]
[(iggp:case decay:terminal:test:state-2:atom-1 not-derived 0 ())]
