[()]
[()]
[()]
[()]
[()]
[()]
[()]
[()]
[()]
[()]
[()]
[()]
[()]
[()]
[()]
[()]
[()]
[()]
[()]
[(MIL:MetaRule chain ((so P) (so Q) (so R) (fo A) (fo B) (fo C)) (MIL:Atom (so P) (fo A) (fo B)) ((MIL:Atom (so Q) (fo A) (fo C)) (MIL:Atom (so R) (fo C) (fo B))))]
[True]
[True]
[False]
[(r-mother r-father)]
[((MIL:Chain (MIL:Choice r-mother r-mother) (MIL:Choice r-mother r-mother)) (MIL:Chain (MIL:Choice r-mother r-father) (MIL:Choice r-mother r-father)) (MIL:Chain (MIL:Choice r-father r-mother) (MIL:Choice r-father r-mother)) (MIL:Chain (MIL:Choice r-father r-father) (MIL:Choice r-father r-father)))]
[((MIL:Chain (MIL:Choice r-mother r-mother) (MIL:Choice r-mother r-mother)) (MIL:Chain (MIL:Choice r-mother r-father) (MIL:Choice r-mother r-father)) (MIL:Chain (MIL:Choice r-father r-mother) (MIL:Choice r-father r-mother)) (MIL:Chain (MIL:Choice r-father r-father) (MIL:Choice r-father r-father)))]
[()]
[(MIL:BenchV1 (Name Grandparent) (Mode (DeclaredMILCalibration (CheckerProvenance RuntimeStats) UnboundedTypeCheck)) (CandidatesGenerated 4) (CandidatesChecked 4) (Established 4) (Refuted 0) (Undetermined 0) (Incomplete 0) (SafeFrontier 4) (ExampleChecked 4) (ExampleConsistent 2) (CountConserved True) (TraceConserved True) (TypedProducerEqualsSafeFrontier True))]
[True]
[True]
[False]
[(MIL:Chain (MIL:Choice r-mother r-father) (MIL:Choice r-mother r-father))]
[(MIL:MetaInstance chain (Q (MIL:Choice r-mother r-father)) (R (MIL:Choice r-mother r-father)))]
[(b c)]
[mil-chain]
[(-> (-> u0 u0) (-> (-> u0 u0) (-> u0 u0)))]
