[()]
[()]
[()]
[()]
[()]
[()]
[()]
[()]
[()]
[(app (app (app (app hyp sort-code) primitive-vocabulary) person-sort) person-sort)]
[(app (app (app (app hyp sort-code) primitive-vocabulary) person-sort) person-sort)]
[False]
[(hyp:edge carol (hyp:chain-proof bob (hyp:primitive-proof mother-symbol mother-alice-bob) (hyp:primitive-proof father-symbol father-bob-carol))), (hyp:edge carol (hyp:chain-proof eve (hyp:primitive-proof mother-symbol mother-alice-eve) (hyp:primitive-proof father-symbol father-eve-carol)))]
