[True]
[True]
[False]
[True]
[True]
[(type:check (lam (p q h x) (h x)) (-> (p q : u0) (h : (-> p q)) (x : p) q))]
[(type:check ((lam (f x) (pair x (f x))) (lam x (refl x))) (-> (x : u0) (sigma (y : u0) (id u0 x y))))]
[()]
[()]
[()]
[(-> u0 (-> u0 u0))]
[(dtt-goal a (-> u0 u0))]
[(dtt-goal (ab a) (-> u0 (-> u0 u0)))]
[(-> u0 (-> u0 u0))]
