[()]
[()]
[()]
[()]
[()]
[()]
[()]
[()]
[()]
[()]
[()]
[()]
[()]
[()]
[()]
[(Test 1 (MkSized 1 (: (quote F) (-> UInt Bool))))]
[(Test 2 (MkSized 1 (: (quote G) (-> UInt Bool))))]
[(Test 3 "@(lam x (∧ (F x) (G x)))" (-> UInt Bool) (TypingSize 8))]
[(Test 4 (MkSized 1 (: (quote 0) UInt)))]
[(Test 5 (Application "@(lam x (∧ (F x) (G x)))" 0) Bool (TypingSize 10))]
[(Test 6 (cet f0t g0t) (≞ (quote (∧ (F 0) (G 0))) ⊤) (ProofSize 3) (SameProof True))]
[(Test 7 (cefl f1f) (≞ (quote (∧ (F 1) (G 1))) ⊥) (ProofSize 2) (SameProof True))]
[(Test 8 (, f0t (, f1f f2t)) (ProofSize 5) (SameProof True))]
[(Test 9 (, (cet f0t g0t) (cefl f1f)) (ProofSize 6) (SameProof True))]
[(Test 10 (, (cet f0t g0t) (, (cefl f1f) (cefr g2f))) (ProofSize 9) (SameProof True))]
[(Test 11 "@(lam x (∧ (F x) (G x)))" (TypingSize 8) (ProofSize 9) (, (cet f0t g0t) (, (cefl f1f) (cefr g2f))) (SameProof True))]
[(Stored "@(lam x (∧ (F x) (G x)))")]
[(Run ((At 0 True) (At 1 False) (At 2 False) (At 3 False)))]
[(Unknown-positive ())]
[(Unknown-negative ())]
[(Wrong-label ())]
[(Counterevidence (MkSized 1 (: f1f (≞ (quote (F 1)) ⊥))))]
[(Small-budget (NotLearned 4))]
