[()]
[()]
[()]
[()]
[(popper:recursive:case popper:alleven:pos-1 derived 1 (True))]
[(popper:recursive:case popper:alleven:pos-2 derived 1 (True))]
[(popper:recursive:case popper:alleven:pos-3 derived 1 (True))]
[(popper:recursive:case popper:alleven:pos-4 derived 1 (True))]
[(popper:recursive:case popper:alleven:neg-5 not-derived 0 ())]
[(popper:recursive:case popper:alleven:neg-6 not-derived 0 ())]
[(popper:recursive:case popper:alleven:neg-7 not-derived 0 ())]
[(popper:recursive:case popper:alleven:neg-8 not-derived 0 ())]
[(popper:recursive:case popper:alleven:neg-9 not-derived 0 ())]
[(popper:recursive:case popper:dropk:pos-1 derived 1 (True))]
[(popper:recursive:case popper:dropk:pos-2 derived 1 (True))]
[(popper:recursive:case popper:dropk:pos-3 derived 1 (True))]
[(popper:recursive:case popper:dropk:pos-4 derived 1 (True))]
[(popper:recursive:case popper:dropk:pos-5 derived 1 (True))]
[(popper:recursive:case popper:dropk:pos-6 derived 1 (True))]
[(popper:recursive:case popper:dropk:pos-7 derived 1 (True))]
[(popper:recursive:case popper:dropk:pos-8 derived 1 (True))]
[(popper:recursive:case popper:dropk:pos-9 derived 1 (True))]
[(popper:recursive:case popper:dropk:pos-10 derived 1 (True))]
[(popper:recursive:case popper:dropk:neg-11 not-derived 0 ())]
[(popper:recursive:case popper:dropk:neg-12 not-derived 0 ())]
[(popper:recursive:case popper:dropk:neg-13 not-derived 0 ())]
[(popper:recursive:case popper:dropk:neg-14 not-derived 0 ())]
[(popper:recursive:case popper:dropk:neg-15 not-derived 0 ())]
[(popper:recursive:case popper:dropk:neg-16 not-derived 0 ())]
[(popper:recursive:case popper:dropk:neg-17 not-derived 0 ())]
[(popper:recursive:case popper:dropk:neg-18 not-derived 0 ())]
[(popper:recursive:case popper:dropk:neg-19 not-derived 0 ())]
[(popper:recursive:case popper:dropk:neg-20 not-derived 0 ())]
