[()]
[()]
[()]
[()]
[(popper:case pos-1 derived 1 True)]
[(popper:case pos-2 derived 1 True)]
[(popper:case pos-3 derived 1 True)]
[(popper:case pos-4 derived 1 True)]
[(popper:case pos-5 derived 1 True)]
[(popper:case neg-1 not-derived 0)]
[(popper:case neg-2 not-derived 0)]
[(popper:case neg-3 not-derived 0)]
[(popper:case neg-4 not-derived 0)]
[(popper:case neg-5 not-derived 0)]
