[()]
[()]
[()]
[()]
[()]
[()]
[(popper:case popper:sorted:pos-1 derived 1 (True))]
[(popper:case popper:sorted:pos-2 derived 1 (True))]
[(popper:case popper:sorted:pos-3 derived 1 (True))]
[(popper:case popper:sorted:pos-4 derived 1 (True))]
[(popper:case popper:sorted:pos-5 derived 1 (True))]
[(popper:case popper:sorted:pos-6 derived 1 (True))]
[(popper:case popper:sorted:pos-7 derived 1 (True))]
[(popper:case popper:sorted:pos-8 derived 1 (True))]
[(popper:case popper:sorted:pos-9 derived 1 (True))]
[(popper:case popper:sorted:pos-10 derived 1 (True))]
[(popper:case popper:sorted:neg-11 not-derived 0 ())]
[(popper:case popper:sorted:neg-12 not-derived 0 ())]
[(popper:case popper:sorted:neg-13 not-derived 0 ())]
[(popper:case popper:sorted:neg-14 not-derived 0 ())]
[(popper:case popper:sorted:neg-15 not-derived 0 ())]
[(popper:case popper:sorted:neg-16 not-derived 0 ())]
[(popper:case popper:sorted:neg-17 not-derived 0 ())]
[(popper:case popper:sorted:neg-18 not-derived 0 ())]
[(popper:case popper:sorted:neg-19 not-derived 0 ())]
[(popper:case popper:sorted:neg-20 not-derived 0 ())]
