[()]
[()]
[()]
[()]
[()]
[()]
[(popper:case pos-1 derived 1 (True))]
[(popper:case pos-2 derived 1 (True))]
[(popper:case pos-3 derived 1 (True))]
[(popper:case pos-4 derived 1 (True))]
[(popper:case pos-5 derived 1 (True))]
[(popper:case pos-6 derived 1 (True))]
[(popper:case pos-7 derived 1 (True))]
[(popper:case pos-8 derived 1 (True))]
[(popper:case pos-9 derived 1 (True))]
[(popper:case pos-10 derived 1 (True))]
[(popper:case neg-1 not-derived 0 ())]
[(popper:case neg-2 not-derived 0 ())]
[(popper:case neg-3 not-derived 0 ())]
[(popper:case neg-4 not-derived 0 ())]
[(popper:case neg-5 not-derived 0 ())]
[(popper:case neg-6 not-derived 0 ())]
[(popper:case neg-7 not-derived 0 ())]
[(popper:case neg-8 not-derived 0 ())]
[(popper:case neg-9 not-derived 0 ())]
[(popper:case neg-10 not-derived 0 ())]
[(popper:case neg-11 not-derived 0 ())]
