[()]
[()]
[()]
[()]
[()]
[()]
[(popper:case pos-1 derived 1 (True))]
[(popper:case pos-2 derived 1 (True))]
[(popper:case pos-3 derived 1 (True))]
[(popper:case pos-4 derived 1 (True))]
[(popper:case pos-5 derived 2 (True True))]
[(popper:case pos-6 derived 2 (True True))]
[(popper:case pos-7 derived 2 (True True))]
[(popper:case pos-8 derived 1 (True))]
[(popper:case pos-9 derived 2 (True True))]
[(popper:case pos-10 derived 1 (True))]
[(popper:case pos-11 derived 2 (True True))]
[(popper:case pos-12 derived 1 (True))]
[(popper:case pos-13 derived 1 (True))]
[(popper:case pos-14 derived 1 (True))]
[(popper:case pos-15 derived 1 (True))]
[(popper:case pos-16 derived 1 (True))]
[(popper:case pos-17 derived 1 (True))]
[(popper:case pos-18 derived 1 (True))]
[(popper:case pos-19 derived 1 (True))]
[(popper:case pos-20 derived 1 (True))]
[(popper:case neg-1 not-derived 0 ())]
[(popper:case neg-2 not-derived 0 ())]
[(popper:case neg-3 not-derived 0 ())]
[(popper:case neg-4 not-derived 0 ())]
[(popper:case neg-5 not-derived 0 ())]
[(popper:case neg-6 not-derived 0 ())]
[(popper:case neg-7 not-derived 0 ())]
[(popper:case neg-8 not-derived 0 ())]
[(popper:case neg-9 not-derived 0 ())]
[(popper:case neg-10 not-derived 0 ())]
[(popper:case neg-11 not-derived 0 ())]
[(popper:case neg-12 not-derived 0 ())]
[(popper:case neg-13 not-derived 0 ())]
[(popper:case neg-14 not-derived 0 ())]
[(popper:case neg-15 not-derived 0 ())]
[(popper:case neg-16 not-derived 0 ())]
[(popper:case neg-17 not-derived 0 ())]
[(popper:case neg-18 not-derived 0 ())]
[(popper:case neg-19 not-derived 0 ())]
[(popper:case neg-20 not-derived 0 ())]
