[()]
[True]
[((hyp:edge carol (hyp:chain-proof bob (hyp:primitive-proof mother-symbol mother-alice-bob) (hyp:primitive-proof father-symbol father-bob-carol))) (hyp:edge carol (hyp:chain-proof eve (hyp:primitive-proof mother-symbol mother-alice-eve) (hyp:primitive-proof father-symbol father-eve-carol))))]
[True]
[((kept (scored bob carol)) (discarded (scored eve carol)))]
[((kept (scored bob carol)))]
[True]
[(valuations 2 1)]
[((scored bob carol) (scored eve carol))]
[(((scored bob carol)) () ((scored bob carol)))]
[True]
[(carol carol)]
[(counts 2 1)]
[(bob eve)]
[()]
[()]
[((scored bob carol))]
[((scored bob carol))]
[(bob)]
[(bob eve)]
[()]
[()]
[()]
[True]
[()]
[((scored bob carol))]
[False]
[()]
[()]
[(carol carol)]
[(bob dan)]
