[num]
[list]
[append]
[(u 0)]
[(-> num (-> list list))]
[(-> list (-> list list))]
[True]
[False]
[list]
[True]
[False]
[(-> list list)]
[(Refuted (type-mismatch))]
[False]
[True]
[True]
[True]
[True]
[False]
[False]
[True]
[True]
[()]
[True]
[False]
[cong-cons]
[(-> (x : (-> list (u 0))) (-> (app x nil) (-> (-> (y : num) (-> (z : list) (-> (app x z) (app x (app (app cons y) z))))) (-> (w : list) (app x w)))))]
[True]
[append-nil]
[True]
[True]
[True]
[True]
[True]
[True]
[(Refuted (reflexivity-endpoint-mismatch))]
[False]
[(Refuted (set:declaration-check (Lam num (Lam list (App wrong-step (idx 0)))) (type-mismatch)))]
[Refuted]
[Refuted]
[False]
