[pos]
[nat]
[ord]
[psucc]
[phalf]
[nhalf]
[nsucc-pos]
[low0-pos]
[low0]
[low1-pos]
[low1]
[padd-nat]
[padd]
[pmul]
[below-if-same]
[above-if-same]
[cmp-one-pos]
[cmp-one]
[cmp-low0-pos]
[cmp-low0]
[cmp-low1-pos]
[cmp-low1]
[pcmp-nat]
[pcmp]
[pick-max]
[pmax]
[(((bit1 (bit1 (bit1 (bit1 (bit1 one)))))) 41)]
[(Refuted (set:numerals-part-unread nat))]
[(Refuted (set:numerals-constructor-count (positive one bit0)))]
[(Refuted (set:numerals-constructor-names pos))]
[(Refuted (set:numerals-constructor-type ord))]
[pos]
[nat]
[ord]
[(Refuted (set:numerals-already-read pos))]
[(Refuted (set:oracle-equations-of-another-operation pmul))]
[(Refuted (set:oracle-signature-mismatch (add (-> pos pos ord))))]
[(Refuted (set:oracle-disagrees-with-equations ((pmul one one) (equations one) (backend (bit0 one)))))]
[(Refuted (set:oracle-not-an-admitted-definition rawadd))]
[(Refuted (set:oracle-unknown-backend abacus))]
[padd]
[pcmp]
[pmul]
[(Refuted (set:oracle-already-declared padd))]
[(10 (backend gmp-mpz add) (signature pos pos pos) (spec-agreement (proved Trinity.Arith.Oracle.realization_meets Trinity.Arith.Oracle.conservative_padd)))]
[(12 (backend gmp-mpz compare) (signature pos pos ord) (spec-agreement (tested (admission-calls 9))))]
[(bit0 (bit0 (bit1 one)))]
(uses-oracle padd (trusted gmp-mpz add) (spec-agreement (proved Trinity.Arith.Oracle.realization_meets Trinity.Arith.Oracle.conservative_padd)) (calls 1) (tests test-prime-arith-oracle))
[(((bit1 (bit1 (bit1 (bit1 (bit1 one)))))) 1)]
(uses-oracle pmul (trusted uint64 mul) (spec-agreement (proved Trinity.Arith.Oracle.realization_meets Trinity.Arith.Oracle.conservative_pmul)) (calls 1) (tests test-prime-arith-oracle))
[(bit0 (bit1 one))]
(uses-oracle pcmp (trusted gmp-mpz compare) (spec-agreement (tested (admission-calls 9))) (calls 1) (tests test-prime-arith-oracle))
[(quote (product-by-equations (firings 20)))]
(uses-oracle pmul (trusted uint64 mul) (spec-agreement (proved Trinity.Arith.Oracle.realization_meets Trinity.Arith.Oracle.conservative_pmul)) (calls 2) (tests test-prime-arith-oracle))
(uses-oracle padd (trusted gmp-mpz add) (spec-agreement (proved Trinity.Arith.Oracle.realization_meets Trinity.Arith.Oracle.conservative_padd)) (calls 1) (tests test-prime-arith-oracle))
[(bit0 (bit0 (bit1 one)))]
(uses-oracle padd (trusted gmp-mpz add) (spec-agreement (proved Trinity.Arith.Oracle.realization_meets Trinity.Arith.Oracle.conservative_padd)) (calls 1) (tests test-prime-arith-oracle))
[True]
[False]
[()]
[(bit0 (bit1 one))]
(uses-oracle pcmp (trusted gmp-mpz compare) (spec-agreement (tested (admission-calls 9))) (calls 1) (tests test-prime-arith-oracle))
[()]
[(padd (bit1 (bit1 one)) (bit1 (bit0 one)))]
