[num]
[List]
[append]
[(-> (u 0) (u 0))]
[(-> (x : (u 0)) (app List x))]
[(-> (x : (u 0)) (-> x (-> (app List x) (app List x))))]
[True]
[(-> (x : (u 0)) (-> (y : (-> (app List x) (u 0))) (-> (app y (app nil x)) (-> (-> (z : x) (-> (w : (app List x)) (-> (app y w) (app y (app (app (app cons x) z) w))))) (-> (v : (app List x)) (app y v))))))]
[(app List num)]
[(app List num)]
[(app List (app List num))]
[True]
[False]
[True]
[True]
[True]
[(app List num)]
[(app List num)]
[(Refuted (type-mismatch))]
[(Undetermined (implicit-parameters not-determined (type-mismatch)))]
[(Refuted (application-function-has-upper-sort))]
[(Refuted (expected-function-type))]
[Nat]
[True]
[True]
[True]
[True]
[True]
[True]
[True]
[()]
[True]
[False]
[(Refuted (not-convertible Presentation.TypedEquality.Normalization.not_equal_of_unrelated (assumes-completeness declared-datatypes)))]
[(Refuted (not-convertible Presentation.TypedEquality.Normalization.not_equal_of_unrelated (assumes-completeness declared-datatypes)))]
[(Refuted (not-convertible Presentation.TypedEquality.Normalization.not_equal_of_unrelated (assumes-completeness declared-datatypes)))]
[(Refuted (not-convertible Presentation.TypedEquality.Normalization.not_equal_of_unrelated (assumes-completeness declared-datatypes)))]
[True]
[cong-cons]
[append-nil]
[True]
[True]
[True]
[True]
[(Refuted (set:declaration-check (Lam (Sort (LevelConst 0)) (Lam (idx 0) (Lam (App List (idx 1)) (App (App wrong-step (idx 2)) (idx 0))))) (type-mismatch)))]
[False]
