[num]
[List]
[append]
[(quote (structural 1 List (nil ()) (cons (1))))]
[(quote (lean TowerInterpretation.recursion_setModel (lean-covers one-argument) (lean-covers simple-datatypes)))]
[(quote ((PVar 0) (App (DeclConst nil) (PVar 2)) (PVar 1))), (quote ((PVar 0) (App (App (App (DeclConst cons) (PVar 4)) (PVar 1)) (PVar 2)) (PVar 3)))]
[(cons num zero (cons num (suc zero) (nil num)))]
[(cons (List num) (cons num zero (nil num)) (cons (List num) (nil num) (cons (List num) (cons num (suc zero) (nil num)) (nil (List num)))))]
[(cons num zero (cons num (suc zero) (nil num)))]
[(cons (List num) (nil num) (nil (List num)))]
[(quote (firings-of (append num (cons num zero (cons num (suc zero) (nil num))) (nil num)) ((cons num zero (cons num (suc zero) (nil num)))) 3))]
[(cons num zero (cons num (suc zero) (nil num)))]
[(cons num zero (cons num (suc zero) (nil num)))]
[(cons (List num) (cons num zero (nil num)) (cons (List num) (nil num) (cons (List num) (cons num (suc zero) (nil num)) (nil (List num)))))]
[(cons num zero (cons num (suc zero) (nil num)))]
[True]
[(quote (firings-of (append num (cons zero (cons (suc zero) nil)) nil) ((cons num zero (cons num (suc zero) (nil num)))) 3))]
[snoc]
[(cons num zero (cons num (suc zero) (nil num)))]
[(cons (List num) (cons num zero (nil num)) (nil (List num)))]
[True]
[True]
[(Error (append zero nil) (BadArgType 1 set num))]
[(Error (append num zero (nil num)) (BadArgType 2 (List num) num))]
[(Error (cons num zero (nil num)) (BadType (List (List num)) (List num)))]
[(Error (cons num zero zero) (BadArgType 3 (List num) num))]
