[()]
[power-in-universe]
[(all set (lam N (In (Power N) (UnivOf N))))]
[True]
[True]
[False]
[False]
[universe-in-power-refuted]
[False]
[power-in-universe-term]
[(TypedProof power-in-universe-term allI@set (universeClosed universeIn))]
[(UsedAt True True)]
[Undetermined]
[(quote (firings-of (Power (UnivOf Empty)) ((Power (UnivOf Empty))) 0))]
[(quote (firings-of (pf:all-elim (pf:known power-in-universe) Empty) ((pf:all-elim (pf:known power-in-universe) Empty)) 0))]
[(quote (firings-of (set:proves (pf:all-elim (pf:known power-in-universe) Empty) (In (Power Empty) (UnivOf Empty))) (True) 0))]
