[()]
[()]
[()]
[()]
[()]
[()]
[()]
[()]
[()]
[()]
[b, c, b]
[(sigma (x : edge@occurrence) (id node (app edge@arg1 x) a))]
[(Answers (Answer (pair edge@a@b (refl a)) b) (Answer (pair edge@a@c (refl a)) c) (Answer (pair edge@a@b#2 (refl a)) b))]
[(NotAnswers (NotAnswer edge@b@a b))]
[()]
[(sigma (x : edge@occurrence) (id node (app edge@arg1 x) c))]
[((Answers) (NotAnswers (NotAnswer edge@a@b a) (NotAnswer edge@a@c a) (NotAnswer edge@b@a b) (NotAnswer edge@a@b#2 a)))]
[((sigma (x : edge@occurrence) (id node (app edge@arg2 x) b)) (Answers (Answer (pair edge@a@b (refl b)) a) (Answer (pair edge@a@b#2 (refl b)) a)))]
[(Undetermined (typed-query-key d))]
[()]
[()]
[()]
[()]
[()]
[(Refuted (typed-query-ill-typed-occurrence (edge a node)))]
[()]
[()]
[()]
[(b b)]
[(Undetermined (dynamic-type-only))]
[edge@occurrence]
[edge@occurrence]
[(-> edge@occurrence node)]
[True]
[False]
[True]
[True]
[(Refuted (reflexivity-endpoint-mismatch))]
[(Refuted (reflexivity-endpoint-mismatch))]
[True]
[()]
[edge@occurrence]
[edge@occurrence]
[(Undetermined (dynamic-type-only))]
[(Answers (Answer (pair edge@a@b (refl a)) b) (Answer (pair edge@a@b#2 (refl a)) b))]
