[num]
[list]
[append]
[rev]
[rev-onto]
[rev-onto-list-first]
[wrong-rev]
[nil]
[nil]
[(cons zero nil)]
[(cons zero nil)]
[(cons (suc zero) (cons zero nil))]
[(cons (suc zero) (cons zero nil))]
[(cons (suc (suc zero)) (cons (suc zero) (cons zero nil)))]
[(cons (suc (suc zero)) (cons (suc zero) (cons zero nil)))]
[(cons (suc (suc zero)) (cons (suc zero) (cons zero nil)))]
[True]
[False]
[(cons zero (cons (suc zero) (cons (suc (suc zero)) nil)))]
[(cons (suc (suc zero)) (cons (suc zero) (cons zero nil)))]
[(((cons (suc (suc zero)) (cons (suc zero) (cons zero nil)))) 10)]
[(((cons (suc (suc zero)) (cons (suc zero) (cons zero nil)))) 4)]
[(1 3 6 10)]
[(1 2 3 4)]
[(1 2 3 4)]
[(((cons zero (cons (suc zero) nil))) 0)]
[(((Error (rev zero) (BadArgType 1 list num))) 0)]
[()]
[(((rev-onto (cons zero nil) some-list)) 1)]
[(rev-onto (cons zero nil) some-list)]
[nil]
[(cons zero nil)]
[(cons zero (cons (suc zero) nil))]
[(cons zero (cons (suc zero) (cons (suc (suc zero)) nil)))]
[True]
[False]
