[num]
[list]
[append]
[rev]
[rev-onto]
[(quote (structural 0 list (nil ()) (cons (1))))]
[(quote (scrutinee-first rev-onto~scrutinee-first (structural 1 list (nil ()) (cons (1)))))]
[(quote (structural 0 list (nil ()) (cons (1))))]
[(quote (lean TowerInterpretation.recursion_setModel))]
[(quote (lean TowerInterpretation.explicit_setModel))]
[(quote (lean TowerInterpretation.recursion_setModel (lean-covers one-argument)))]
[(-> list list)]
[(-> list (-> list list))]
[(-> list (-> list list))]
[True]
[(-> list list)]
[True]
[(Refuted (type-mismatch))]
[False]
[True]
[True]
[True]
[True]
[False]
[()]
[False]
[(Refuted (not-convertible Presentation.TypedEquality.Normalization.not_equal_of_unrelated (assumes-completeness declared-constants declared-datatypes recursion)))]
[(Refuted (not-convertible Presentation.TypedEquality.Normalization.not_equal_of_unrelated (assumes-completeness declared-datatypes recursion)))]
[True]
[True]
[True]
[cong-cons]
[id-sym]
[id-trans]
[append-nil]
[append-assoc]
[rev-onto-append]
[rev-is-rev-onto]
[True]
[True]
[True]
[(Refuted (set:declaration-check (Lam num (Lam list (Lam list (App (App wrong-lemma (idx 1)) (idx 0))))) (type-mismatch)))]
[False]
