[()]
[num]
[(all (-> num prop) (lam P (imp (P zero) (imp (all num (lam v1 (imp (P v1) (P (suc v1))))) (all num (lam x (P x)))))))]
[(refl@num subst@num)]
[add]
[scons]
[(Undetermined (set:define-not-terminating (= (from-plain $n) (scons $n (from-plain (suc $n)))) (from-plain (suc $n)) (admit-by set-solution coinductive)))]
[(Undetermined set:define-set-solution-statement (quote (all prop (lam solution~r (imp (all (-> num num num) (lam solution~f (imp (all num (lam n (all num (lam solution~k (eq num (solution~f n solution~k) ((scons n (solution~f (suc n))) solution~k)))))) solution~r))) solution~r)))))]
[add-suc-left]
[from-solution-step]
[from]
[set-solution]
[(quote (lean TowerInterpretation.definition_setModel_of_evidence TowerInterpretation.equationHolds_iff_atPosition))]
[(suc (suc (suc zero)))]
[(quote (firings-of (from (suc zero) (suc (suc zero))) ((suc (suc (suc zero)))) 6))]
[(from (suc zero))]
[(suc (suc (suc zero)))]
[(Error (from (suc zero) (suc (suc zero)) zero) IncorrectNumberOfArguments)]
[(-> num (-> num num))]
[True]
[()]
[True]
[(Undetermined (not-convertible))]
[()]
[(Undetermined (not-convertible))]
[(Undetermined (not-convertible))]
[from-step-at-two]
[True]
[list]
[(Refuted (set:define-no-set-solution (= (from-list $n) (cons $n (from-list (suc $n)))) (from-list (suc $n)) (contains-itself list TowerInterpretation.DatatypeBound.containsItself_no_setModel (given stability path-fits) Trinity.Stream.fromList_no_setModel)))]
[(Undetermined set:define-set-solution-evidence)]
