[(ImportV1 tagged (quote ((fof (word "a") axiom ((word "p") (var "X"))) (fof (word "a") axiom ((word "p") (var "X"))) (cnf (word "and") axiom (∨ (¬ ((word "lives") (var "X"))) ((word "if") (var "X")))))) (quote [((Axiom (word "a") ((word "p") (var "X")))) ((Axiom (word "a") ((word "p") (var "X")))) ((Clause (word "and") (∨ (¬ ((word "lives") (var "X"))) ((word "if") (var "X")))))]))]
