(TptpFrozenReaderContractV1 AAAAAAAAAAAAAAAAAAAAAAAAAAAAAAAAAAAAAAAAAAAAAAAAAAAAAAAAAAAAAAAAAAAAAAAAAAAAAAAAAAAAAAAAAAAAAAAAAAAAAAAAAAAAAAAAAAAAAAAAAAAAAAAAAAAAAAAAAAAAAAAAAAAAAAAAAAAAAAAAAAAAAAAAAAAAAAAAAAAAAAAAAAAAAAAAAAAAAAAAAAAAAAAAAAAAAAAAAAAAAAAAAAAAAAAAAAAAAAAAAAAAAAAAAAAAAAAAA (TPTP:NoParse 28 TPTP_file) (TPTP:LexReject 0) (TPTP:ReaderMismatch (NativeHandle "cetta.tptp-reader.v1" -1)) (TPTP:ReaderMismatch (TPTP:DigestMismatch "wrong")))
