(TptpDollarWordsV1 mixed [(fof a axiom (p §let)) (fof b axiom (q (§let a b))) (tff c axiom (§let [(: c §i)] [(≔ c a)] (p c))) (fof d axiom (∧ (r §ite) (s §fof) (t §cnf §thf §tff §fot)))] "fof(a,axiom,p($let)).\nfof(b,axiom,q($let(a,b))).\ntff(c,axiom,$let([c:$i],[c:=a],p(c))).\nfof(d,axiom,r($ite)&s($fof)&t($cnf,$thf,$tff,$fot)).\n" same)
(TptpDollarWordsV1 tagged [(fof (word "a") axiom ((word "p") (defined "let"))) (fof (word "b") axiom ((word "q") ((defined "let") (word "a") (word "b")))) (tff (word "c") axiom ((defined "let") [(: (word "c") (defined "i"))] [(≔ (word "c") (word "a"))] ((word "p") (word "c")))) (fof (word "d") axiom (∧ ((word "r") (defined "ite")) ((word "s") (defined "fof")) ((word "t") (defined "cnf") (defined "thf") (defined "tff") (defined "fot"))))] "fof(a,axiom,p($let)).\nfof(b,axiom,q($let(a,b))).\ntff(c,axiom,$let([c:$i],[c:=a],p(c))).\nfof(d,axiom,r($ite)&s($fof)&t($cnf,$thf,$tff,$fot)).\n" same)
