(TptpOfficialCompactIncludeResolutionRealV1 (TPTP:RealIncludeSummaryV1 6 0 (LCons truthteller_or_liar (LCons not_both (LCons truthtellers_tell_truth (LCons liars_lie (LCons truths_are_told_by_truthtellers (LCons liars_are_told_by_liars LNil)))))) (TPTP:FamilyCountsV1 0 6 0 0 0 0) 1) (TPTP:RealIncludeSummaryV1 6 0 (LCons and_definition1 (LCons and_definition2 (LCons or_definition1 (LCons or_definition2 (LCons not_definition1 (LCons not_definition2 LNil)))))) (TPTP:FamilyCountsV1 0 6 0 0 0 0) 1) (TPTP:RealIncludeSummaryV1 64 60 (LCons ia1_type (LCons ia3_type (LCons ia1 (LCons ia3 LNil)))) (TPTP:FamilyCountsV1 0 0 0 64 0 0) 1))
