[(Incomplete 1)]
[(Established (bc axB))]
[(Incomplete Incomplete Established Established Established)]
[(Refuted C)]
[((Refuted (obligation 0 X)) (Refuted (obligation 0 X)) (Refuted (obligation 0 X)))]
[((Incomplete 0) (Incomplete 1) (Incomplete 5))]
[0]
[((ab axA1) axB)]
[()]
[()]
[()]
[()]
[(axA1 axA2 ab axB bc xc)]
[True]
[True]
