[()]
[(Search more-possible 1 answer-limit ((Checked (MakeC a1 b1) C True)))]
[(Search depth-complete 1 complete ((Checked (MakeC a1 b1) C True) (Checked (MakeC a2 b1) C True)))]
[(Search depth-complete 1 complete ((Checked (MakeC a1 b1) C True) (Checked (MakeC a2 b1) C True)))]
[(Search depth-complete 1 complete ((Checked (MakeF d1 e1) F True) (Checked (MakeF d1 e2) F True) (Checked (MakeF d2 e1) F True) (Checked (MakeF d2 e2) F True)))]
[(Search depth-complete 1 complete ((Checked (shared-choice Left) (Choice Left) True) (Checked (shared-choice Right) (Choice Right) True)))]
[(Checked (DirectGoal seed) FairGoal True)]
[(Search depth-complete 0 complete ((Checked capacity-64 Capacity64 True)))]
[False]
[False]
