[(typing-search resource-incomplete 1 fuel-exhausted (proofs (typed-answer-v2 (: (FuelRule fuel-a1 fuel-b) FuelC) (answer-substitution-v2 (query-substitution-v1) (elaboration-substitution-v1) (answer-constraints-v1)))) (typing-search-stats-v1 (goals-scheduled 3) (fact-candidates 3) (rule-candidates 1) (head-pruned 11) (proof-checks 4) (work-items 9) (continuations 2) (fuel-remaining 0)))]
[(typing-search depth-complete 1 complete (proofs (typed-answer-v2 (: (FuelRule fuel-a1 fuel-b) FuelC) (answer-substitution-v2 (query-substitution-v1) (elaboration-substitution-v1) (answer-constraints-v1))) (typed-answer-v2 (: (FuelRule fuel-a2 fuel-b) FuelC) (answer-substitution-v2 (query-substitution-v1) (elaboration-substitution-v1) (answer-constraints-v1)))) (typing-search-stats-v1 (goals-scheduled 3) (fact-candidates 3) (rule-candidates 1) (head-pruned 11) (proof-checks 4) (work-items 9) (continuations 2) (fuel-remaining 128)))]
