[(typing-search more-possible 1 answer-limit (proofs (typed-answer-v2 (: (MakeC a1 b1) C) (answer-substitution-v2 (query-substitution-v1) (elaboration-substitution-v1) (answer-constraints-v1)))) (typing-search-stats-v1 (goals-scheduled 3) (fact-candidates 2) (rule-candidates 1) (head-pruned 11) (proof-checks 2) (work-items 6) (continuations 1) (fuel-remaining 199955)))]
[(typing-search depth-complete 1 complete (proofs (typed-answer-v2 (: (MakeC a1 b1) C) (answer-substitution-v2 (query-substitution-v1) (elaboration-substitution-v1) (answer-constraints-v1))) (typed-answer-v2 (: (MakeC a2 b1) C) (answer-substitution-v2 (query-substitution-v1) (elaboration-substitution-v1) (answer-constraints-v1)))) (typing-search-stats-v1 (goals-scheduled 3) (fact-candidates 3) (rule-candidates 1) (head-pruned 11) (proof-checks 4) (work-items 9) (continuations 2) (fuel-remaining 199928)))]
[(typing-search depth-complete 1 complete (proofs (typed-answer-v2 (: (MakeC a1 b1) C) (answer-substitution-v2 (query-substitution-v1) (elaboration-substitution-v1) (answer-constraints-v1))) (typed-answer-v2 (: (MakeC a2 b1) C) (answer-substitution-v2 (query-substitution-v1) (elaboration-substitution-v1) (answer-constraints-v1)))) (typing-search-stats-v1 (goals-scheduled 3) (fact-candidates 3) (rule-candidates 1) (head-pruned 11) (proof-checks 4) (work-items 9) (continuations 2) (fuel-remaining 199928)))]
[(typing-search depth-complete 1 complete (proofs (typed-answer-v2 (: (MakeF d1 e1) F) (answer-substitution-v2 (query-substitution-v1) (elaboration-substitution-v1) (answer-constraints-v1))) (typed-answer-v2 (: (MakeF d1 e2) F) (answer-substitution-v2 (query-substitution-v1) (elaboration-substitution-v1) (answer-constraints-v1))) (typed-answer-v2 (: (MakeF d2 e1) F) (answer-substitution-v2 (query-substitution-v1) (elaboration-substitution-v1) (answer-constraints-v1))) (typed-answer-v2 (: (MakeF d2 e2) F) (answer-substitution-v2 (query-substitution-v1) (elaboration-substitution-v1) (answer-constraints-v1)))) (typing-search-stats-v1 (goals-scheduled 4) (fact-candidates 6) (rule-candidates 1) (head-pruned 33) (proof-checks 8) (work-items 17) (continuations 4) (fuel-remaining 299864)))]
[(typing-search depth-complete 0 complete (proofs (typed-answer-v2 (: shared-choice (Choice Left)) (answer-substitution-v2 (query-substitution-v1 (answer-binding-v1 $answer-v0 Left)) (elaboration-substitution-v1) (answer-constraints-v1))) (typed-answer-v2 (: shared-choice (Choice Right)) (answer-substitution-v2 (query-substitution-v1 (answer-binding-v1 $answer-v0 Right)) (elaboration-substitution-v1) (answer-constraints-v1)))) (typing-search-stats-v1 (goals-scheduled 1) (fact-candidates 2) (rule-candidates 0) (head-pruned 10) (proof-checks 2) (work-items 4) (continuations 0) (fuel-remaining 99855)))]
[(he-accept (typed-answer-v2 (: (DirectGoal seed) FairGoal) (answer-substitution-v2 (query-substitution-v1) (elaboration-substitution-v1) (answer-constraints-v1))))]
[(typing-search depth-complete 0 complete (proofs (typed-answer-v2 (: capacity-witness Capacity64) (answer-substitution-v2 (query-substitution-v1) (elaboration-substitution-v1) (answer-constraints-v1)))) (typing-search-stats-v1 (goals-scheduled 1) (fact-candidates 1) (rule-candidates 0) (head-pruned 79) (proof-checks 1) (work-items 2) (continuations 0) (fuel-remaining 99532)))]
