(ATPDirectExample checkpoint import)
(ATPDirectExample checkpoint mp-ready)
(ATPDirectExample checkpoint mp-checked)
(ATPDirectExample checkpoint arity-checked)
(ATPDirectExample checkpoint absence-checked)
(ATPDirectExample checkpoint occurs-syntax-checked)
(ATPDirectExample summary 5 5 0)
[()]
[()]
[()]
[()]
[()]
[()]
[()]
[()]
[()]
[()]
[()]
[()]
[()]
[()]
[()]
[()]
[()]
[()]
[()]
[()]
[()]
[()]
[()]
[()]
[()]
[()]
[()]
[()]
[()]
[()]
[()]
[()]
[()]
[()]
[()]
[()]
[()]
[()]
[()]
[()]
[()]
[()]
[()]
[()]
