[(he-accept (typed-answer-v2 (: (ax-mp h2 (ax-mp h1 h3)) ch) (answer-substitution-v2 (query-substitution-v1) (elaboration-substitution-v1 (elaboration-binding-v1 $answer-v0 ch) (elaboration-binding-v1 $answer-v1 (impl ps ch)) (elaboration-binding-v1 $answer-v2 ph) (elaboration-binding-v1 $answer-v3 ps)) (answer-constraints-v1))))]
[(he-accept (typed-answer-v2 (: (ax-mp h2 (ax-mp h1 h3)) ch) (answer-substitution-v2 (query-substitution-v1) (elaboration-substitution-v1 (elaboration-binding-v1 $answer-v0 ch) (elaboration-binding-v1 $answer-v1 (impl ps ch)) (elaboration-binding-v1 $answer-v2 ph) (elaboration-binding-v1 $answer-v3 ps)) (answer-constraints-v1))))]
[(he-reject (unsupported-typing-search-policy))]
[()]
[()]
[()]
[()]
[()]
[()]
[()]
[()]
[()]
[()]
[()]
[()]
[()]
