(ATPDirectLibrary checkpoint import)
(ATPDirectLibrary checkpoint mp-ready)
(ATPDirectLibrary checkpoint mp-checked)
(ATPDirectLibrary checkpoint arity-checked)
(ATPDirectLibrary checkpoint absence-checked)
(ATPDirectLibrary checkpoint occurs-surface-checked)
(ATPDirectLibrary summary 5 5 0)
[()]
[()]
[()]
[()]
[()]
[()]
[()]
[()]
[()]
[()]
[()]
[()]
[()]
[()]
[()]
[()]
[()]
[()]
[()]
[()]
[()]
[()]
[()]
[()]
[()]
[()]
[()]
[()]
[()]
[()]
[()]
[()]
[()]
[()]
[()]
[()]
[()]
[()]
[()]
[()]
[()]
[()]
[()]
[()]
