[nat]
[((P (succ (succ zero)) (succ (succ zero))))]
[(P (succ (succ zero)) (succ (succ zero)))]
[(((P (succ (succ zero)) (succ (succ zero)))) 0)]
[two]
[((P (succ (succ zero)) (succ (succ zero))))]
[(P (succ (succ zero)) (succ (succ zero)))]
[(((P (succ (succ zero)) (succ (succ zero)))) 1)]
[((succ (succ zero)))]
[True]
[True]
