[nat]
[two]
[dbl]
[(((succ (succ zero))) 1)]
[(((P (succ (succ zero)) (succ (succ zero)))) 1)]
[(((P (succ (succ zero)) (succ (succ zero)))) 1)]
[(((P (succ (succ (succ (succ zero)))) (succ (succ (succ (succ zero)))))) 7)]
[((zero (succ (succ (succ (succ zero))))) 5)]
[(((P zero zero) (P (succ (succ (succ (succ zero)))) (succ (succ (succ (succ zero)))))) 5)]
[(((P zero zero) (P zero (succ (succ (succ (succ zero))))) (P (succ (succ (succ (succ zero)))) zero) (P (succ (succ (succ (succ zero)))) (succ (succ (succ (succ zero)))))) 15)]
