[(P heads heads), (P tails tails)]
[(P heads heads), (P tails tails)]
[(P heads heads), (P tails tails)]
[((P heads heads) (P tails tails))]
[(P heads heads), (P heads tails), (P tails heads), (P tails tails)]
[(P heads heads), (P tails tails)]
[(P heads heads), (P heads tails), (P tails heads), (P tails tails)]
[(P heads heads), (P tails tails)]
[10, 12]
