[(quote [a [b c] [] "s]t" (f g)])]
[(quote [a | $t])]
[(quote [a b c])]
[(quote [a,b c])]
[(quote [|- a|b |x])]
[()]
[[a (+ 1 2)]]
[List]
[List]
[()]
[()]
[()]
[()]
[()]
[()]
[()]
[()]
[()]
[()]
[()]
[()]
[()]
[()]
[()]
[()]
[()]
[()]
[()]
[()]
[()]
[()]
[()]
[()]
[()]
[()]
[()]
[()]
[()]
[()]
[()]
[()]
[()]
[()]
[()]
[()]
[()]
[()]
[()]
[()]
[()]
[()]
[()]
