true
(BindersV1Results (BindersV1 free "\\X:o.(X Y)" ("Y")) (BindersV1 free "\\X:o,Y:(o>i).(X let Z = Y in (Z a))" ()) (BindersV1 free "let X = Y in (X Z)" ("Y" "Z")) (BindersV1 free "let X = X in X" ("X")) (BindersV1 substitute "\\X:o.(X Z)" "\\X1:o.(X1 X)") (BindersV1 substitute "(X let X = b in X)" "(a let X = b in X)") (BindersV1 apart "(\\X:o.X \\X:i.X)" "(\\X:o.X \\X1:i.X1)") (BindersV1 alpha "\\X:o.X" "\\Y:o.Y" true) (BindersV1 alpha "\\X:o,Y:o.(X Y)" "\\Y:o,X:o.(X Y)" false) (BindersV1 alpha "let X = a in X" "let Y = a in Y" true) (BindersV1 refused (BNF:BinderFieldsDiffer term/9 (BNF:NoSuchConstructor "term/9") (Fields a b)) (BNF:BinderFieldsDiffer term/2 2 (Fields body))))
