true
(true true true true true true true true true true)
(true true true true true true)
(true true true true true true true true)
(true true)
(EbnfOneSourceDiagnosticV1 "s" "missing" (bnf-v1:source-span 8 17))
(EbnfTwoSourceDiagnosticsV1 true true (bnf-v1:source-span 9 18) (bnf-v1:source-span 21 30))
