true
(accepted 1)
(accepted 1)
(rejected 1)
(accepted 1)
(accepted 1)
(rejected 0)
(accepted 1)
(accepted 2)
(accepted 4)
(accepted 4)
(accepted 2)
(accepted 1)
(accepted 1)
(accepted 1)
(accepted 2)
(accepted 1)
(accepted 1)
(syntax-rejected 12 true)
(syntax-rejected 12 true)
(unresolved "missing" (bnf-v1:source-span 8 17))
(cyclic True)
(cyclic True)
(cyclic True)
