true
GraphDiscoveryLiteralV1
GraphDiscoveryDyckV1
GraphDiscoveryForwardChainV1
GraphDiscoveryReverseChainV1
GraphDiscoverySeededCycleV1
GraphDiscoveryUnseededCycleV1
GraphDiscoveryUnreachableV1
GraphDiscoveryDuplicateReferencesV1
GraphDiscoveryAmbiguousV1
GraphDiscoveryUnicodeV1
GraphDiscoveryIndependentSeedsV1
GraphDiscoveryDiamondV1
GraphDiscoverySameRoundCascadeV1
GraphDiscoveryDeferredEarlierV1
GraphDiscoveryMultiplePendingRoundsV1
GraphDiscoveryManyAlternativesV1
GraphDiscoverySelfV1
