[1]
[1, 1]
[1]
[((1 1) ((demand-changed eager (discarded-contributes-answers) (argument 2 (k 1 coin)))))]
[((1) ((demand-kept lazy (may-discard-answers) (argument 2 (k 1 coin)))))]
[((heads tails) ((demand-applied eager (demanded GSLT.Dynamics.DemandAgreement.eagerShared_eq_lazyShared_iff) (argument 1 (first (flip))))))]
[((2) ((demand-kept lazy (may-discard-answers) (argument 2 (k 1 coin))) (demand-applied eager (demanded GSLT.Dynamics.DemandAgreement.eagerShared_eq_lazyShared_iff) (argument 1 (+ (k 1 coin) 1)))))]
[((2 2) ((demand-changed eager (discarded-contributes-answers) (argument 2 (k 1 coin))) (demand-applied eager (demanded GSLT.Dynamics.DemandAgreement.eagerShared_eq_lazyShared_iff) (argument 1 (+ (k 1 coin) 1)))))]
[((1 1) ((demand-changed eager (discarded-contributes-answers) (argument 2 (k 1 coin))) (demand-changed eager (may-discard-answers) (argument 1 (k (k 1 coin) coin))) (demand-changed eager (discarded-contributes-answers) (argument 2 (k (k 1 coin) coin)))))]
[1]
[(Error loop-a CyclicPrimeNeedThunk)]
[1]
[(P heads heads), (P tails tails)]
[(P heads heads), (P heads tails), (P tails heads), (P tails tails)]
[(P heads heads), (P tails tails)]
[(((P heads heads) (P heads tails) (P tails heads) (P tails tails)) ((demand-changed resample (copied-per-use) (binding $c coin))))]
[(((P heads heads) (P tails tails)) ((demand-kept eager (may-copy-answers) (binding $c coin))))]
[((11 12) ((demand-applied resample (used-once GSLT.Dynamics.DemandAgreement.strategies_agree_iff) (binding $d (die)))))]
[done, done]
[done]
[((done) ((demand-changed lazy (unused-unrun) (binding $c coin))))]
[((done done) ((demand-kept eager (may-discard-answers) (binding $c coin))))]
[((11 12) ((demand-applied lazy (used GSLT.Dynamics.DemandAgreement.eagerShared_eq_lazyShared_iff) (binding $d (die)))))]
[(((P heads heads) (P tails tails)) ((demand-kept lazy (by-name-unavailable) (argument 1 (twice coin)))))]
[(demand:committed sideways (k 1 coin))]
