1
2
3
100
100
(v 1)
(v 2)
1
2
3
(1 2 3)
Z
(S Z)
(S (S Z))
(S (S (S Z)))
Z
(tag Z)
(S Z)
(tag (S Z))
(S (S Z))
(S Z)
Z
(tag Z)
(tag (S Z))
(red dark light)
red
dark
light
pale
red
light
(red light)
(P 1 3)
(P 1 4)
(P 1 5)
(P 2 3)
(P 2 4)
(P 2 5)
7
(1 2 3)
1
(P 10 40000)
(P 20 40000)
(P 30 40000)
(1 2 3)
(1 2 3)
1
2
3
100
100
((P a (b)) (P b ()))
((P a (b)) (P b ()))
