(Grounded)
(false)
(())
(())
(())
(())
(())
(())
(())
(())
(%Undefined%)
()
()
()
(Grounded)
(false)
(())
(())
(())
(())
(())
(())
(())
(())
(%Undefined%)
()
()
()
()
(false)
(())
(())
(())
(())
(())
(())
(())
(())
(%Undefined%)
()
()
()
()
(false)
(())
(())
(())
(())
(())
(())
(())
(())
(%Undefined%)
()
()
()
true
3
partial
Expression
false
((partial named-observer (1)) 2)
true
Expression
(1 2)
5
