is (()), should (()). ✅ 
is (()), should (()). ✅ 
is (()), should (()). ✅ 
is (()), should (()). ✅ 
is survived, should survived. ✅ 
is (a), should (a). ✅ 
is ((b)), should ((b)). ✅ 
is (()), should (()). ✅ 
is (()), should (()). ✅ 
is (a), should (a). ✅ 
true
true
true
true
true
true
true
true
true
true
