woke
one
two
when-fired
before
woke
when-fired
inner-woke
inner-woke
7
7
42
3
-3
3
3
9
true
false
true
false
7
7
7
5
7
true
true
done
yes
yes
ok
ok
(1 3)
(2 3 4)
5
5
3
3
true
(3 5)
(4 3)
(2 3)
5
done
2
ok
yes
(true 2)
(3 6)
(11 12 13)
(11 12)
((11 12) $V0)
2
1
((11 12) 15)
(1 3)
4
5
((11 12))
((11) $V0)
(1 2)
(true 2)
((a 2) (b 2))
(1 2 3)
((11 12) 15)
(ok 11)
(11 11)
(b)
true
(b 2)
6
(ok 3)
yes
