is (), should (). ✅ 
is empty-kept, should empty-kept. ✅ 
is empty-kept, should empty-kept. ✅ 
is nonempty-kept, should nonempty-kept. ✅ 
is empty-kept, should empty-kept. ✅ 
is empty-kept, should empty-kept. ✅ 
is (), should (). ✅ 
is (), should (). ✅ 
is true, should true. ✅ 
is true, should true. ✅ 
is (), should (). ✅ 
is true, should true. ✅ 
is empty-kept, should empty-kept. ✅ 
is empty-kept, should empty-kept. ✅ 
is nonempty-kept, should nonempty-kept. ✅ 
is empty-kept, should empty-kept. ✅ 
is nonempty-kept, should nonempty-kept. ✅ 
is empty-kept, should empty-kept. ✅ 
is nonempty-kept, should nonempty-kept. ✅ 
is empty-kept, should empty-kept. ✅ 
is (2 3), should (2 3). ✅ 
is empty-kept, should empty-kept. ✅ 
is nonempty-kept, should nonempty-kept. ✅ 
is nonempty-kept, should nonempty-kept. ✅ 
is empty-kept, should empty-kept. ✅ 
true
true
true
true
true
true
true
true
true
true
true
true
true
true
true
true
true
true
true
true
true
true
true
true
true
