((g1 a) (g2 a))
(g1 a)
(g1 a)
()
((g1 a) (g2 a) (g3 a))
((g1 a) (g2 a) (g3 a))
(0 1)
0
(seen (pair 1 $V0) $V0)
(seen ((pair 1 $V0) (pair 2 $V1)) $V2)
((pair 1 $V0) (pair 2 $V1))
()
()
()
((tag (h1 a)) (tag (h2 a)))
(tag (h1 a))
((h1 a) (h2 a) (h3 a))
((got (h1 a) (h1 (h1 a))) (got (h1 a) (h2 (h1 a))))
((g1 a) (g2 a))
()
((g1 a) (g2 a) (g3 a))
(((g1 a) (g2 a)) ((g1 b) (g2 b)))
((g1 a) (g2 a))
(g1 a)
((g1 a) (g2 a) (g3 a))
((g1 a) (g2 a) (g3 a))
(0 1)
((pair 1 $V0) (pair 2 $V1))
(seen ((pair 1 $V0) (pair 2 $V1)) $V2)
(Error (select -1 (gen a)) UnsignedIntegerIsExpected)
