()
()
((LCons (Error bad reason) LNil))
((LCons Empty LNil))
()
()
((LCons (Error bad reason) LNil))
((LCons Empty LNil))
(LCons (Error bad reason) LNil)
(LCons Empty LNil)
()
()
(list-value:box (Error bad reason))
(list-value:box Empty)
(LCons (Error bad reason) LNil)
list-value:caught-raised-error
(LCons (list-value:absent missing) LNil)
(LCons (empty) LNil)
