(constants 3.141592653589793 2.718281828459045 2.220446049250313e-16)
(unknown (error (type_error evaluable (/ foo 0))) (error (type_error evaluable (/ foo 0))))
(zero-divisor (error (evaluation_error zero_divisor)) (error (evaluation_error zero_divisor)) (error (evaluation_error zero_divisor)))
(undefined (error (evaluation_error undefined)))
(overflow (error (evaluation_error float_overflow)) (error (evaluation_error float_overflow)))
(float-mod (error (type_error integer 7.5)))
(data (// 7 2) (numeric-eq 1 1.0))
(division 0.5 2 0.3181818181818182)
(math-domain (error (evaluation_error undefined)) (error (evaluation_error undefined)) (error (evaluation_error zero_divisor)) (error (evaluation_error undefined)) (error (evaluation_error undefined)) (error (evaluation_error undefined)) (error (evaluation_error zero_divisor)))
(math-overflow (error (evaluation_error float_overflow)) (error (evaluation_error float_overflow)))
(math-values 0.5 1267650600228229401496703205376 4.0 1.7724538509055159 3 100000000000000000000)
(rational-division 1r2 7r22 7)
(bigint-division 18446744073709551616r3 9223372036854775808 1r2 0.5)
(overflow-allowed 1.0Inf 1.0Inf)
(underflow (error (evaluation_error float_underflow)) (error (evaluation_error float_underflow)) (error (evaluation_error float_underflow)))
true
true
true
true
true
true
true
true
true
true
true
rationals
true
true
infinity
true
underflow-error
true
