literal-conflict
literal-compatible
literal-prefix
sequence-conflict
sequence-compatible
sequence-prefix
sequence-body
bindings-conflict
bindings-compatible
bindings-prefix
binding-body
constructor-sibling-conflict
constructor-hole-conflict
constructor-prefix
constructor-compatible
constructor-prefix
inner-body
shared-output-input
wanted
conditional-conflict
conditional-prefix
condition-body
conditional-compatible
conditional-prefix
condition-body
branch-body
sealed-conflict
sealed-prefix
sealed-compatible
sealed-prefix
sealed-body
quoted-conflict
quoted-compatible
quoted-prefix
callable-value
value-prefix
first-conflict
first-prefix
first-compatible
first-prefix
inner-body
after-first
typed-conflict
typed-compatible
typed-prefix
typed-body
atom-conflict
atom-compatible
atom-prefix
cut-compatible
cut-conflict
true
true
()
true
(reached)
true
()
true
(reached)
true
()
true
(reached)
true
()
true
()
true
(reached)
true
(wanted)
true
()
true
(reached)
true
()
true
(reached)
true
()
true
(reached)
true
(reached)
true
()
true
(reached)
true
()
true
(reached)
true
()
true
(reached)
true
(reached)
(reached)
true
()
true
