ground-conflict
open-conflict
occurs-conflict
intermediate-occurs-conflict
intermediate-occurs-prefix
repeated-compatible
bound-before-prefix
payload
open-enclosing-value
nested
prefix-order
first
second
prefix-duplicates
repeated
repeated
list-conflict
list-compatible
list-element
hole-reification
reify
expression-head-value
expression-head
expression-head-open
expression-head
prefix-failure
prefix-stopped
true
true
()
true
()
true
()
true
()
true
()
true
(accepted)
true
(accepted)
true
(accepted)
true
(accepted)
true
(accepted)
true
()
true
((tail))
true
(box fixed-result kept)
true
(accepted)
true
(accepted)
true
()
