(answer Z)
(answer (S Z))
(answer (S (S Z)))
(answer (S (S (S Z))))
(answer (S (S (S (S Z)))))
(answer (S (S (S (S (S Z))))))
(answer (S (S (S (S (S (S Z)))))))
(answer (S (S (S (S (S (S (S Z))))))))
(answer (S (S (S (S (S (S (S (S Z)))))))))
(answer (S (S (S (S (S (S (S (S (S Z))))))))))
(answer (S (S (S (S (S (S (S (S (S (S Z)))))))))))
(answer (S (S (S (S (S (S (S (S (S (S (S Z))))))))))))
(answer (S (S (S (S (S (S (S (S (S (S (S (S Z)))))))))))))
