(first any)
(first second both any)
(third any)
(first second third both any)
(any)
(any)
(any)
(third any)
(first any)
(one two three)
(one)
(two three same)
(three)
(int)
(float)
()
(atom-red)
()
(atom-three)
()
(pair)
(red-head any-head)
(any-head)
(three-head any-head)
(any-head)
()
()
(red-head any-head)
(red-head any-head)
(red-head any-head)
