[HistoryCarrier]
[HistoryAlias]
[HistoryFunction]
[historyId]
[Established]
[Established]
[Established]
[()]
[()]
[()]
[HistoryFunction]
[Undetermined]
[()]
[()]
[()]
[HistoryFunction]
[Established]
[Established]
[historyRefl]
[True]
[Refuted]
[history-reflexivity]
[Established]
[Established]
[Refuted]
[Undetermined]
[True]
[Undetermined]
[True]
[HistoryLater]
[historyForward]
[Established]
[unrelatedHistory]
[Established]
[Established]
