[True]
[False]
[True]
[True]
[False]
[True]
[False]
[2]
[True]
[False]
[True]
[False]
[True]
[False]
[True]
[(FiniteGraphValue aczel (graph 0 ((0))))]
[((FiniteGraphValue aczel (graph 1 ((1 2) () ()))))]
[False]
[False]
[True]
[True]
[Undetermined]
[(FiniteGraphValue foundation (graph 0 (())))]
[Undetermined]
[True]
[Refuted]
[Refuted]
[Incomplete]
[(set:interpret finite-graph scott (equal (graph 0 ((0))) (graph 0 ((1) (0)))))]
[Undetermined]
[Undetermined]
[Undetermined]
[Incomplete]
