[Undetermined]
[()]
[Undetermined]
[()]
[()]
[logical-refl]
[Established]
[Established]
[logical-beta]
[Established]
[Established]
[logical-symm]
[Established]
[Established]
[logical-trans]
[Established]
[Established]
[logical-prop]
[Established]
[Established]
[logical-app]
[Established]
[Established]
[logical-arg]
[Established]
[Established]
[logical-set-refl]
[Established]
[Established]
[Refuted]
[Refuted]
[Refuted]
[Refuted]
[()]
[Undetermined]
[Undetermined]
[Undetermined]
[Undetermined]
[Undetermined]
[Undetermined]
[Undetermined]
[Undetermined]
[Undetermined]
[Undetermined]
[Undetermined]
[Undetermined]
[Undetermined]
[Undetermined]
[Undetermined]
[Undetermined]
