[()]
[CarrierAlias]
[Established]
[Established]
[Established]
[Established]
[Established]
[Established]
[Established]
[alias-reflexivity]
[Established]
[Established]
[Established]
[Established]
[Refuted]
[Refuted]
[Refuted]
[Undetermined]
[Refuted]
[()]
[Undetermined]
[Undetermined]
[Established]
[()]
[Established]
[Established]
[()]
[Undetermined]
[Undetermined]
