[False]
[False]
[True]
[False]
[False]
[(returned 0)]
[(faulted 3)]
[(7 8)]
[1]
[2]
[5]
[(returned 184467440737095516160000)]
[Refuted]
[Refuted]
[Refuted]
[Refuted]
[(OriginReceipt (observed-graph (graph 0 (())) (returned 0) 0 (7)) 0 7)]
[Refuted]
[(OriginReceipt (observed-graph (graph 0 (())) (returned 0) 0 (7 8)) 1 8)]
[(OriginReceipt (observed-graph (graph 0 (())) (returned 0) 0 (7 7)) 1 7)]
