[True]
[True]
[True]
[False]
[False]
[False]
[True]
[True]
[False]
[((FiniteGraphValue scott-canonical (graph 0 ((0) (0 1)))) (FiniteGraphValue scott-canonical (graph 1 ((0) (0 1)))))]
[((FiniteGraphValue scott-canonical (graph 1 ((1 2) () ()))))]
[(FiniteGraphValue scott-canonical (graph 0 ((0 1) (0 1))))]
[Incomplete]
[Refuted]
