[(Established ((auth 1) (logger 1) (db 2) (web 2)))]
[(Established ((logger 1) (auth 1) (db 2) (web 2)))]
[(True False)]
[(Refuted True)]
[(Refuted (split web ((conflict 0) (split db ((conflict 1) (split auth ((conflict 5) (conflict 3))))) (split db ((conflict 1) (split auth ((conflict 5) (conflict 3))))))))]
[True]
[(False False False False)]
[(Established Established Refuted Refuted)]
[((Incomplete 0) (Incomplete 12) (Incomplete 36))]
[(Established True)]
[(Incomplete Established)]
